#
# There is insufficient memory for the Java Runtime Environment to continue.
# Native memory allocation (malloc) failed to allocate 1155856 bytes for Chunk::new
# Possible reasons:
#   The system is out of physical RAM or swap space
#   The process is running with CompressedOops enabled, and the Java Heap may be blocking the growth of the native heap
# Possible solutions:
#   Reduce memory load on the system
#   Increase physical memory or swap space
#   Check if swap backing store is full
#   Decrease Java heap size (-Xmx/-Xms)
#   Decrease number of Java threads
#   Decrease Java thread stack sizes (-Xss)
#   Set larger code cache with -XX:ReservedCodeCacheSize=
#   JVM is running with Unscaled Compressed Oops mode in which the Java heap is
#     placed in the first 4GB address space. The Java Heap base address is the
#     maximum limit for the native heap growth. Please use -XX:HeapBaseMinAddress
#     to set the Java Heap base and to place the Java Heap above 4GB virtual address.
# This output file may be truncated or incomplete.
#
#  Out of Memory Error (arena.cpp:189), pid=31564, tid=10968
#
# JRE version: Java(TM) SE Runtime Environment (17.0.12+8) (build 17.0.12+8-LTS-286)
# Java VM: Java HotSpot(TM) 64-Bit Server VM (17.0.12+8-LTS-286, mixed mode, sharing, tiered, compressed oops, compressed class ptrs, g1 gc, windows-amd64)
# No core dump will be written. Minidumps are not enabled by default on client versions of Windows
#

---------------  S U M M A R Y ------------

Command Line: --enable-native-access=ALL-UNNAMED -Dclassworlds.conf=C:\ProgramData\chocolatey\lib\maven\apache-maven-3.9.12\bin\m2.conf -Dmaven.home=C:\ProgramData\chocolatey\lib\maven\apache-maven-3.9.12 -Dlibrary.jansi.path=C:\ProgramData\chocolatey\lib\maven\apache-maven-3.9.12\lib\jansi-native -Dmaven.multiModuleProjectDirectory=C:\Users\Sniffer\Documents\alimentation-payement-back-front\alimentation-boutique-back\boutique org.codehaus.plexus.classworlds.launcher.Launcher clean package -DskipTests -q

Host: Intel(R) Celeron(R) N4120 CPU @ 1.10GHz, 4 cores, 7G,  Windows 11 , 64 bit Build 26100 (10.0.26100.8328)
Time: Sat Jun 13 23:52:07 2026 Paris, Madrid (heure duild 26100 (10.0.26100.8328) elapsed time: 424.563897 seconds (0d 0h 7m 4s)

---------------  T H R E A D  ---------------

Current thread (0x00000164e6ef7520):  JavaThread "C2 CompilerThread0" daemon [_thread_in_native, id=10968, stack(0x000000122e500000,0x000000122e600000)]


Current CompileTask:
C2: 424565 10677       4       com.sun.tools.javac.code.Symbol$MethodSymbol::implementation (11 bytes)

Stack: [0x000000122e500000,0x000000122e600000]
Native frames: (J=compiled Java code, j=interpreted, Vv=VM code, C=native code)
V  [jvm.dll+0x67a04a]
V  [jvm.dll+0x7da4ed]
V  [jvm.dll+0x7dbe33]
V  [jvm.dll+0x7dc4a3]
V  [jvm.dll+0x24508f]
V  [jvm.dll+0xab773]
V  [jvm.dll+0xabd3c]
V  [jvm.dll+0x2aa52f]
V  [jvm.dll+0x581eb9]
V  [jvm.dll+0x21f422]
V  [jvm.dll+0x21f81f]
V  [jvm.dll+0x218aa0]
V  [jvm.dll+0x215b65]
V  [jvm.dll+0x1a2960]
V  [jvm.dll+0x22610b]
V  [jvm.dll+0x2242ab]
V  [jvm.dll+0x79075c]
V  [jvm.dll+0x78abea]
V  [jvm.dll+0x678f35]
C  [ucrtbase.dll+0x37b0]
C  [KERNEL32.DLL+0x2e957]
C  [ntdll.dll+0x427c]


---------------  P R O C E S S  ---------------

Threads class SMR info:
_java_thread_list=0x00000164ec124b70, length=12, elements={
0x00000164c98a5f80, 0x00000164e6ed92d0, 0x00000164e6eda800, 0x00000164e6ef1a20,
0x00000164e6ef43f0, 0x00000164e6ef5dc0, 0x00000164e6ef6780, 0x00000164e6ef7520,
0x00000164e6f00840, 0x00000164e6f044a0, 0x00000164eb202e30, 0x00000164eb2199e0
}

Java Threads: ( => current thread )
  0x00000164c98a5f80 JavaThread "main" [_thread_in_Java, id=6784, stack(0x000000122d800000,0x000000122d900000)]
  0x00000164e6ed92d0 JavaThread "Reference Handler" daemon [_thread_blocked, id=2640, stack(0x000000122df00000,0x000000122e000000)]
  0x00000164e6eda800 JavaThread "Finalizer" daemon [_thread_blocked, id=22924, stack(0x000000122e000000,0x000000122e100000)]
  0x00000164e6ef1a20 JavaThread "Signal Dispatcher" daemon [_thread_blocked, id=3336, stack(0x000000122e100000,0x000000122e200000)]
  0x00000164e6ef43f0 JavaThread "Attach Listener" daemon [_thread_blocked, id=20772, stack(0x000000122e200000,0x000000122e300000)]
  0x00000164e6ef5dc0 JavaThread "Service Thread" daemon [_thread_blocked, id=12732, stack(0x000000122e300000,0x000000122e400000)]
  0x00000164e6ef6780 JavaThread "Monitor Deflation Thread" daemon [_thread_blocked, id=27308, stack(0x000000122e400000,0x000000122e500000)]
=>0x00000164e6ef7520 JavaThread "C2 CompilerThread0" daemon [_thread_in_native, id=10968, stack(0x000000122e500000,0x000000122e600000)]
  0x00000164e6f00840 JavaThread "C1 CompilerThread0" daemon [_thread_blocked, id=28760, stack(0x000000122e600000,0x000000122e700000)]
  0x00000164e6f044a0 JavaThread "Sweeper thread" daemon [_thread_blocked, id=8720, stack(0x000000122e700000,0x000000122e800000)]
  0x00000164eb202e30 JavaThread "Notification Thread" daemon [_thread_blocked, id=31220, stack(0x000000122e800000,0x000000122e900000)]
  0x00000164eb2199e0 JavaThread "Common-Cleaner" daemon [_thread_blocked, id=20088, stack(0x000000122ea00000,0x000000122eb00000)]

Other Threads:
  0x00000164e6ed4620 VMThread "VM Thread" [stack: 0x000000122de00000,0x000000122df00000] [id=23860]
  0x00000164eb211740 WatcherThread [stack: 0x000000122e900000,0x000000122ea00000] [id=14228]
  0x00000164c9903850 GCTaskThread "GC Thread#0" [stack: 0x000000122d900000,0x000000122da00000] [id=12792]
  0x00000164eb9b6050 GCTaskThread "GC Thread#1" [stack: 0x000000122eb00000,0x000000122ec00000] [id=13940]
  0x00000164ebb46010 GCTaskThread "GC Thread#2" [stack: 0x000000122ec00000,0x000000122ed00000] [id=2084]
  0x00000164ebb462d0 GCTaskThread "GC Thread#3" [stack: 0x000000122ed00000,0x000000122ee00000] [id=15996]
  0x00000164c9913ba0 ConcurrentGCThread "G1 Main Marker" [stack: 0x000000122da00000,0x000000122db00000] [id=7152]
  0x00000164c9915180 ConcurrentGCThread "G1 Conc#0" [stack: 0x000000122db00000,0x000000122dc00000] [id=31196]
  0x00000164e6d80090 ConcurrentGCThread "G1 Refine#0" [stack: 0x000000122dc00000,0x000000122dd00000] [id=2368]
  0x00000164eb8bd2b0 ConcurrentGCThread "G1 Refine#1" [stack: 0x000000122d700000,0x000000122d800000] [id=13800]
  0x00000164ed725230 ConcurrentGCThread "G1 Refine#2" [stack: 0x000000122ef00000,0x000000122f000000] [id=29228]
  0x00000164ed724c50 ConcurrentGCThread "G1 Refine#3" [stack: 0x000000122f000000,0x000000122f100000] [id=30760]
  0x00000164e6d809c0 ConcurrentGCThread "G1 Service" [stack: 0x000000122dd00000,0x000000122de00000] [id=15752]

Threads with active compile tasks:
C2 CompilerThread0   424691 10677       4       com.sun.tools.javac.code.Symbol$MethodSymbol::implementation (11 bytes)

VM state: not at safepoint (normal execution)

VM Mutex/Monitor currently owned by a thread: None

Heap address: 0x0000000085800000, size: 1960 MB, Compressed Oops mode: 32-bit

CDS archive(s) mapped at: [0x0000016480000000-0x0000016480bd0000-0x0000016480bd0000), size 12386304, SharedBaseAddress: 0x0000016480000000, ArchiveRelocationMode: 1.
Compressed class space mapped at: 0x0000016481000000-0x00000164c1000000, reserved size: 1073741824
Narrow klass base: 0x0000016480000000, Narrow klass shift: 0, Narrow klass range: 0x100000000

GC Precious Log:
 CPUs: 4 total, 4 available
 Memory: 7839M
 Large Page Support: Disabled
 NUMA Support: Disabled
 Compressed Oops: Enabled (32-bit)
 Heap Region Size: 1M
 Heap Min Capacity: 8M
 Heap Initial Capacity: 124M
 Heap Max Capacity: 1960M
 Pre-touch: Disabled
 Parallel Workers: 4
 Concurrent Workers: 1
 Concurrent Refinement Workers: 4
 Periodic GC: Disabled

Heap:
 garbage-first heap   total 208896K, used 157769K [0x0000000085800000, 0x0000000100000000)
  region size 1024K, 71 young (72704K), 4 survivors (4096K)
 Metaspace       used 32227K, committed 32576K, reserved 1114112K
  class space    used 3518K, committed 3648K, reserved 1048576K

Heap Regions: E=young(eden), S=young(survivor), O=old, HS=humongous(starts), HC=humongous(continues), CS=collection set, F=free, OA=open archive, CA=closed archive, TAMS=top-at-mark-start (previous, next)
|   0|0x0000000085800000, 0x0000000085900000, 0x0000000085900000|100%| O|  |TAMS 0x0000000085900000, 0x0000000085800000| Untracked 
|   1|0x0000000085900000, 0x0000000085a00000, 0x0000000085a00000|100%| O|  |TAMS 0x0000000085a00000, 0x0000000085900000| Untracked 
|   2|0x0000000085a00000, 0x0000000085b00000, 0x0000000085b00000|100%| O|  |TAMS 0x0000000085b00000, 0x0000000085a00000| Untracked 
|   3|0x0000000085b00000, 0x0000000085c00000, 0x0000000085c00000|100%| O|  |TAMS 0x0000000085c00000, 0x0000000085b00000| Untracked 
|   4|0x0000000085c00000, 0x0000000085d00000, 0x0000000085d00000|100%| O|  |TAMS 0x0000000085d00000, 0x0000000085c00000| Untracked 
|   5|0x0000000085d00000, 0x0000000085e00000, 0x0000000085e00000|100%| O|  |TAMS 0x0000000085e00000, 0x0000000085d00000| Untracked 
|   6|0x0000000085e00000, 0x0000000085f00000, 0x0000000085f00000|100%| O|  |TAMS 0x0000000085f00000, 0x0000000085e00000| Untracked 
|   7|0x0000000085f00000, 0x0000000086000000, 0x0000000086000000|100%| O|  |TAMS 0x0000000086000000, 0x0000000085f00000| Untracked 
|   8|0x0000000086000000, 0x0000000086100000, 0x0000000086100000|100%| O|  |TAMS 0x0000000086100000, 0x0000000086000000| Untracked 
|   9|0x0000000086100000, 0x0000000086200000, 0x0000000086200000|100%| O|  |TAMS 0x0000000086200000, 0x0000000086100000| Untracked 
|  10|0x0000000086200000, 0x0000000086300000, 0x0000000086300000|100%| O|  |TAMS 0x0000000086300000, 0x0000000086200000| Untracked 
|  11|0x0000000086300000, 0x0000000086400000, 0x0000000086400000|100%| O|  |TAMS 0x0000000086400000, 0x0000000086300000| Untracked 
|  12|0x0000000086400000, 0x0000000086500000, 0x0000000086500000|100%| O|  |TAMS 0x0000000086400000, 0x0000000086400000| Untracked 
|  13|0x0000000086500000, 0x0000000086600000, 0x0000000086600000|100%| O|  |TAMS 0x0000000086600000, 0x0000000086500000| Untracked 
|  14|0x0000000086600000, 0x0000000086700000, 0x0000000086700000|100%|HS|  |TAMS 0x0000000086700000, 0x0000000086600000| Complete 
|  15|0x0000000086700000, 0x0000000086800000, 0x0000000086800000|100%|HC|  |TAMS 0x0000000086800000, 0x0000000086700000| Complete 
|  16|0x0000000086800000, 0x0000000086900000, 0x0000000086900000|100%| O|  |TAMS 0x0000000086900000, 0x0000000086800000| Untracked 
|  17|0x0000000086900000, 0x0000000086a00000, 0x0000000086a00000|100%| O|  |TAMS 0x0000000086a00000, 0x0000000086900000| Untracked 
|  18|0x0000000086a00000, 0x0000000086b00000, 0x0000000086b00000|100%| O|  |TAMS 0x0000000086b00000, 0x0000000086a00000| Untracked 
|  19|0x0000000086b00000, 0x0000000086c00000, 0x0000000086c00000|100%| O|  |TAMS 0x0000000086c00000, 0x0000000086b00000| Untracked 
|  20|0x0000000086c00000, 0x0000000086d00000, 0x0000000086d00000|100%| O|  |TAMS 0x0000000086d00000, 0x0000000086c00000| Untracked 
|  21|0x0000000086d00000, 0x0000000086e00000, 0x0000000086e00000|100%| O|  |TAMS 0x0000000086e00000, 0x0000000086d00000| Untracked 
|  22|0x0000000086e00000, 0x0000000086f00000, 0x0000000086f00000|100%| O|  |TAMS 0x0000000086f00000, 0x0000000086e00000| Untracked 
|  23|0x0000000086f00000, 0x0000000087000000, 0x0000000087000000|100%| O|  |TAMS 0x0000000087000000, 0x0000000086f00000| Untracked 
|  24|0x0000000087000000, 0x0000000087100000, 0x0000000087100000|100%| O|  |TAMS 0x0000000087000000, 0x0000000087000000| Untracked 
|  25|0x0000000087100000, 0x0000000087200000, 0x0000000087200000|100%| O|  |TAMS 0x0000000087200000, 0x0000000087100000| Untracked 
|  26|0x0000000087200000, 0x0000000087300000, 0x0000000087300000|100%| O|  |TAMS 0x0000000087300000, 0x0000000087200000| Untracked 
|  27|0x0000000087300000, 0x0000000087400000, 0x0000000087400000|100%| O|  |TAMS 0x0000000087400000, 0x0000000087300000| Untracked 
|  28|0x0000000087400000, 0x0000000087500000, 0x0000000087500000|100%| O|  |TAMS 0x0000000087500000, 0x0000000087400000| Untracked 
|  29|0x0000000087500000, 0x0000000087600000, 0x0000000087600000|100%|HS|  |TAMS 0x0000000087600000, 0x0000000087500000| Complete 
|  30|0x0000000087600000, 0x0000000087700000, 0x0000000087700000|100%| O|  |TAMS 0x0000000087700000, 0x0000000087600000| Untracked 
|  31|0x0000000087700000, 0x0000000087800000, 0x0000000087800000|100%| O|  |TAMS 0x0000000087800000, 0x0000000087700000| Untracked 
|  32|0x0000000087800000, 0x0000000087900000, 0x0000000087900000|100%| O|  |TAMS 0x0000000087900000, 0x0000000087800000| Untracked 
|  33|0x0000000087900000, 0x0000000087a00000, 0x0000000087a00000|100%| O|  |TAMS 0x0000000087a00000, 0x0000000087900000| Untracked 
|  34|0x0000000087a00000, 0x0000000087b00000, 0x0000000087b00000|100%| O|  |TAMS 0x0000000087b00000, 0x0000000087a00000| Untracked 
|  35|0x0000000087b00000, 0x0000000087c00000, 0x0000000087c00000|100%| O|  |TAMS 0x0000000087c00000, 0x0000000087b00000| Untracked 
|  36|0x0000000087c00000, 0x0000000087d00000, 0x0000000087d00000|100%| O|  |TAMS 0x0000000087d00000, 0x0000000087c00000| Untracked 
|  37|0x0000000087d00000, 0x0000000087e00000, 0x0000000087e00000|100%| O|  |TAMS 0x0000000087e00000, 0x0000000087d00000| Untracked 
|  38|0x0000000087e00000, 0x0000000087f00000, 0x0000000087f00000|100%| O|  |TAMS 0x0000000087f00000, 0x0000000087e00000| Untracked 
|  39|0x0000000087f00000, 0x0000000088000000, 0x0000000088000000|100%| O|  |TAMS 0x0000000088000000, 0x0000000087f00000| Untracked 
|  40|0x0000000088000000, 0x0000000088100000, 0x0000000088100000|100%| O|  |TAMS 0x0000000088100000, 0x0000000088000000| Untracked 
|  41|0x0000000088100000, 0x0000000088200000, 0x0000000088200000|100%| O|  |TAMS 0x0000000088200000, 0x0000000088100000| Untracked 
|  42|0x0000000088200000, 0x0000000088300000, 0x0000000088300000|100%| O|  |TAMS 0x00000000882ef000, 0x0000000088200000| Untracked 
|  43|0x0000000088300000, 0x0000000088400000, 0x0000000088400000|100%| O|  |TAMS 0x0000000088400000, 0x0000000088300000| Untracked 
|  44|0x0000000088400000, 0x0000000088500000, 0x0000000088500000|100%| O|  |TAMS 0x0000000088500000, 0x0000000088400000| Untracked 
|  45|0x0000000088500000, 0x0000000088600000, 0x0000000088600000|100%| O|  |TAMS 0x0000000088600000, 0x0000000088500000| Untracked 
|  46|0x0000000088600000, 0x0000000088700000, 0x0000000088700000|100%| O|  |TAMS 0x0000000088700000, 0x0000000088600000| Untracked 
|  47|0x0000000088700000, 0x0000000088800000, 0x0000000088800000|100%| O|  |TAMS 0x0000000088800000, 0x0000000088700000| Untracked 
|  48|0x0000000088800000, 0x0000000088900000, 0x0000000088900000|100%| O|  |TAMS 0x0000000088900000, 0x0000000088800000| Untracked 
|  49|0x0000000088900000, 0x0000000088a00000, 0x0000000088a00000|100%| O|  |TAMS 0x0000000088a00000, 0x0000000088900000| Untracked 
|  50|0x0000000088a00000, 0x0000000088b00000, 0x0000000088b00000|100%| O|  |TAMS 0x0000000088b00000, 0x0000000088a00000| Untracked 
|  51|0x0000000088b00000, 0x0000000088c00000, 0x0000000088c00000|100%| O|  |TAMS 0x0000000088c00000, 0x0000000088b00000| Untracked 
|  52|0x0000000088c00000, 0x0000000088d00000, 0x0000000088d00000|100%| O|  |TAMS 0x0000000088d00000, 0x0000000088c00000| Untracked 
|  53|0x0000000088d00000, 0x0000000088e00000, 0x0000000088e00000|100%| O|  |TAMS 0x0000000088e00000, 0x0000000088d00000| Untracked 
|  54|0x0000000088e00000, 0x0000000088f00000, 0x0000000088f00000|100%|HS|  |TAMS 0x0000000088f00000, 0x0000000088e00000| Complete 
|  55|0x0000000088f00000, 0x0000000089000000, 0x0000000089000000|100%|HC|  |TAMS 0x0000000089000000, 0x0000000088f00000| Complete 
|  56|0x0000000089000000, 0x0000000089100000, 0x0000000089100000|100%| O|  |TAMS 0x0000000089100000, 0x0000000089000000| Untracked 
|  57|0x0000000089100000, 0x0000000089200000, 0x0000000089200000|100%| O|  |TAMS 0x0000000089200000, 0x0000000089100000| Untracked 
|  58|0x0000000089200000, 0x0000000089300000, 0x0000000089300000|100%| O|  |TAMS 0x0000000089300000, 0x0000000089200000| Untracked 
|  59|0x0000000089300000, 0x0000000089400000, 0x0000000089400000|100%| O|  |TAMS 0x0000000089400000, 0x0000000089300000| Untracked 
|  60|0x0000000089400000, 0x0000000089500000, 0x0000000089500000|100%| O|  |TAMS 0x0000000089500000, 0x0000000089400000| Untracked 
|  61|0x0000000089500000, 0x0000000089600000, 0x0000000089600000|100%| O|  |TAMS 0x0000000089500000, 0x0000000089500000| Untracked 
|  62|0x0000000089600000, 0x0000000089700000, 0x0000000089700000|100%| O|  |TAMS 0x0000000089600000, 0x0000000089600000| Untracked 
|  63|0x0000000089700000, 0x0000000089800000, 0x0000000089800000|100%|HS|  |TAMS 0x0000000089700000, 0x0000000089700000| Complete 
|  64|0x0000000089800000, 0x0000000089900000, 0x0000000089900000|100%| O|  |TAMS 0x0000000089800000, 0x0000000089800000| Untracked 
|  65|0x0000000089900000, 0x0000000089a00000, 0x0000000089a00000|100%|HS|  |TAMS 0x0000000089900000, 0x0000000089900000| Complete 
|  66|0x0000000089a00000, 0x0000000089b00000, 0x0000000089b00000|100%|HC|  |TAMS 0x0000000089a00000, 0x0000000089a00000| Complete 
|  67|0x0000000089b00000, 0x0000000089c00000, 0x0000000089c00000|100%| O|  |TAMS 0x0000000089b00000, 0x0000000089b00000| Untracked 
|  68|0x0000000089c00000, 0x0000000089d00000, 0x0000000089d00000|100%| O|  |TAMS 0x0000000089c00000, 0x0000000089c00000| Untracked 
|  69|0x0000000089d00000, 0x0000000089e00000, 0x0000000089e00000|100%| O|  |TAMS 0x0000000089d00000, 0x0000000089d00000| Untracked 
|  70|0x0000000089e00000, 0x0000000089f00000, 0x0000000089f00000|100%| O|  |TAMS 0x0000000089e00000, 0x0000000089e00000| Untracked 
|  71|0x0000000089f00000, 0x000000008a000000, 0x000000008a000000|100%| O|  |TAMS 0x0000000089f00000, 0x0000000089f00000| Untracked 
|  72|0x000000008a000000, 0x000000008a100000, 0x000000008a100000|100%| O|  |TAMS 0x000000008a000000, 0x000000008a000000| Untracked 
|  73|0x000000008a100000, 0x000000008a200000, 0x000000008a200000|100%| O|  |TAMS 0x000000008a100000, 0x000000008a100000| Untracked 
|  74|0x000000008a200000, 0x000000008a300000, 0x000000008a300000|100%| O|  |TAMS 0x000000008a200000, 0x000000008a200000| Untracked 
|  75|0x000000008a300000, 0x000000008a400000, 0x000000008a400000|100%| O|  |TAMS 0x000000008a300000, 0x000000008a300000| Untracked 
|  76|0x000000008a400000, 0x000000008a500000, 0x000000008a500000|100%| O|  |TAMS 0x000000008a400000, 0x000000008a400000| Untracked 
|  77|0x000000008a500000, 0x000000008a600000, 0x000000008a600000|100%| O|  |TAMS 0x000000008a500000, 0x000000008a500000| Untracked 
|  78|0x000000008a600000, 0x000000008a700000, 0x000000008a700000|100%| O|  |TAMS 0x000000008a600000, 0x000000008a600000| Untracked 
|  79|0x000000008a700000, 0x000000008a800000, 0x000000008a800000|100%| O|  |TAMS 0x000000008a700000, 0x000000008a700000| Untracked 
|  80|0x000000008a800000, 0x000000008a900000, 0x000000008a900000|100%| O|  |TAMS 0x000000008a800000, 0x000000008a800000| Untracked 
|  81|0x000000008a900000, 0x000000008aa00000, 0x000000008aa00000|100%| O|  |TAMS 0x000000008a900000, 0x000000008a900000| Untracked 
|  82|0x000000008aa00000, 0x000000008ab00000, 0x000000008ab00000|100%| O|  |TAMS 0x000000008aa00000, 0x000000008aa00000| Untracked 
|  83|0x000000008ab00000, 0x000000008ac00000, 0x000000008ac00000|100%| O|  |TAMS 0x000000008ab00000, 0x000000008ab00000| Untracked 
|  84|0x000000008ac00000, 0x000000008ac2e400, 0x000000008ad00000| 18%| O|  |TAMS 0x000000008ac00000, 0x000000008ac00000| Untracked 
|  85|0x000000008ad00000, 0x000000008ad00000, 0x000000008ae00000|  0%| F|  |TAMS 0x000000008ad00000, 0x000000008ad00000| Untracked 
|  86|0x000000008ae00000, 0x000000008ae00000, 0x000000008af00000|  0%| F|  |TAMS 0x000000008ae00000, 0x000000008ae00000| Untracked 
|  87|0x000000008af00000, 0x000000008af00000, 0x000000008b000000|  0%| F|  |TAMS 0x000000008af00000, 0x000000008af00000| Untracked 
|  88|0x000000008b000000, 0x000000008b000000, 0x000000008b100000|  0%| F|  |TAMS 0x000000008b000000, 0x000000008b000000| Untracked 
|  89|0x000000008b100000, 0x000000008b100000, 0x000000008b200000|  0%| F|  |TAMS 0x000000008b100000, 0x000000008b100000| Untracked 
|  90|0x000000008b200000, 0x000000008b200000, 0x000000008b300000|  0%| F|  |TAMS 0x000000008b200000, 0x000000008b200000| Untracked 
|  91|0x000000008b300000, 0x000000008b300000, 0x000000008b400000|  0%| F|  |TAMS 0x000000008b300000, 0x000000008b300000| Untracked 
|  92|0x000000008b400000, 0x000000008b400000, 0x000000008b500000|  0%| F|  |TAMS 0x000000008b400000, 0x000000008b400000| Untracked 
|  93|0x000000008b500000, 0x000000008b500000, 0x000000008b600000|  0%| F|  |TAMS 0x000000008b500000, 0x000000008b500000| Untracked 
|  94|0x000000008b600000, 0x000000008b600000, 0x000000008b700000|  0%| F|  |TAMS 0x000000008b600000, 0x000000008b600000| Untracked 
|  95|0x000000008b700000, 0x000000008b700000, 0x000000008b800000|  0%| F|  |TAMS 0x000000008b700000, 0x000000008b700000| Untracked 
|  96|0x000000008b800000, 0x000000008b800000, 0x000000008b900000|  0%| F|  |TAMS 0x000000008b800000, 0x000000008b800000| Untracked 
|  97|0x000000008b900000, 0x000000008b900000, 0x000000008ba00000|  0%| F|  |TAMS 0x000000008b900000, 0x000000008b900000| Untracked 
|  98|0x000000008ba00000, 0x000000008ba00000, 0x000000008bb00000|  0%| F|  |TAMS 0x000000008ba00000, 0x000000008ba00000| Untracked 
|  99|0x000000008bb00000, 0x000000008bb00000, 0x000000008bc00000|  0%| F|  |TAMS 0x000000008bb00000, 0x000000008bb00000| Untracked 
| 100|0x000000008bc00000, 0x000000008bc00000, 0x000000008bd00000|  0%| F|  |TAMS 0x000000008bc00000, 0x000000008bc00000| Untracked 
| 101|0x000000008bd00000, 0x000000008bd00000, 0x000000008be00000|  0%| F|  |TAMS 0x000000008bd00000, 0x000000008bd00000| Untracked 
| 102|0x000000008be00000, 0x000000008be00000, 0x000000008bf00000|  0%| F|  |TAMS 0x000000008be00000, 0x000000008be00000| Untracked 
| 103|0x000000008bf00000, 0x000000008bf00000, 0x000000008c000000|  0%| F|  |TAMS 0x000000008bf00000, 0x000000008bf00000| Untracked 
| 104|0x000000008c000000, 0x000000008c000000, 0x000000008c100000|  0%| F|  |TAMS 0x000000008c000000, 0x000000008c000000| Untracked 
| 105|0x000000008c100000, 0x000000008c100000, 0x000000008c200000|  0%| F|  |TAMS 0x000000008c100000, 0x000000008c100000| Untracked 
| 106|0x000000008c200000, 0x000000008c200000, 0x000000008c300000|  0%| F|  |TAMS 0x000000008c200000, 0x000000008c200000| Untracked 
| 107|0x000000008c300000, 0x000000008c3e4240, 0x000000008c400000| 89%| S|CS|TAMS 0x000000008c300000, 0x000000008c300000| Complete 
| 108|0x000000008c400000, 0x000000008c500000, 0x000000008c500000|100%| S|CS|TAMS 0x000000008c400000, 0x000000008c400000| Complete 
| 109|0x000000008c500000, 0x000000008c600000, 0x000000008c600000|100%| S|CS|TAMS 0x000000008c500000, 0x000000008c500000| Complete 
| 110|0x000000008c600000, 0x000000008c700000, 0x000000008c700000|100%| S|CS|TAMS 0x000000008c600000, 0x000000008c600000| Complete 
| 111|0x000000008c700000, 0x000000008c700000, 0x000000008c800000|  0%| F|  |TAMS 0x000000008c700000, 0x000000008c700000| Untracked 
| 112|0x000000008c800000, 0x000000008c800000, 0x000000008c900000|  0%| F|  |TAMS 0x000000008c800000, 0x000000008c800000| Untracked 
| 113|0x000000008c900000, 0x000000008c900000, 0x000000008ca00000|  0%| F|  |TAMS 0x000000008c900000, 0x000000008c900000| Untracked 
| 114|0x000000008ca00000, 0x000000008ca00000, 0x000000008cb00000|  0%| F|  |TAMS 0x000000008ca00000, 0x000000008ca00000| Untracked 
| 115|0x000000008cb00000, 0x000000008cb00000, 0x000000008cc00000|  0%| F|  |TAMS 0x000000008cb00000, 0x000000008cb00000| Untracked 
| 116|0x000000008cc00000, 0x000000008cc00000, 0x000000008cd00000|  0%| F|  |TAMS 0x000000008cc00000, 0x000000008cc00000| Untracked 
| 117|0x000000008cd00000, 0x000000008cd00000, 0x000000008ce00000|  0%| F|  |TAMS 0x000000008cd00000, 0x000000008cd00000| Untracked 
| 118|0x000000008ce00000, 0x000000008ce00000, 0x000000008cf00000|  0%| F|  |TAMS 0x000000008ce00000, 0x000000008ce00000| Untracked 
| 119|0x000000008cf00000, 0x000000008cf00000, 0x000000008d000000|  0%| F|  |TAMS 0x000000008cf00000, 0x000000008cf00000| Untracked 
| 120|0x000000008d000000, 0x000000008d000000, 0x000000008d100000|  0%| F|  |TAMS 0x000000008d000000, 0x000000008d000000| Untracked 
| 121|0x000000008d100000, 0x000000008d100000, 0x000000008d200000|  0%| F|  |TAMS 0x000000008d100000, 0x000000008d100000| Untracked 
| 122|0x000000008d200000, 0x000000008d200000, 0x000000008d300000|  0%| F|  |TAMS 0x000000008d200000, 0x000000008d200000| Untracked 
| 123|0x000000008d300000, 0x000000008d300000, 0x000000008d400000|  0%| F|  |TAMS 0x000000008d300000, 0x000000008d300000| Untracked 
| 124|0x000000008d400000, 0x000000008d400000, 0x000000008d500000|  0%| F|  |TAMS 0x000000008d400000, 0x000000008d400000| Untracked 
| 125|0x000000008d500000, 0x000000008d500000, 0x000000008d600000|  0%| F|  |TAMS 0x000000008d500000, 0x000000008d500000| Untracked 
| 126|0x000000008d600000, 0x000000008d600000, 0x000000008d700000|  0%| F|  |TAMS 0x000000008d600000, 0x000000008d600000| Untracked 
| 127|0x000000008d700000, 0x000000008d700000, 0x000000008d800000|  0%| F|  |TAMS 0x000000008d700000, 0x000000008d700000| Untracked 
| 128|0x000000008d800000, 0x000000008d800000, 0x000000008d900000|  0%| F|  |TAMS 0x000000008d800000, 0x000000008d800000| Untracked 
| 129|0x000000008d900000, 0x000000008d900000, 0x000000008da00000|  0%| F|  |TAMS 0x000000008d900000, 0x000000008d900000| Untracked 
| 130|0x000000008da00000, 0x000000008da00000, 0x000000008db00000|  0%| F|  |TAMS 0x000000008da00000, 0x000000008da00000| Untracked 
| 131|0x000000008db00000, 0x000000008db00000, 0x000000008dc00000|  0%| F|  |TAMS 0x000000008db00000, 0x000000008db00000| Untracked 
| 132|0x000000008dc00000, 0x000000008dc00000, 0x000000008dd00000|  0%| F|  |TAMS 0x000000008dc00000, 0x000000008dc00000| Untracked 
| 133|0x000000008dd00000, 0x000000008dd00000, 0x000000008de00000|  0%| F|  |TAMS 0x000000008dd00000, 0x000000008dd00000| Untracked 
| 134|0x000000008de00000, 0x000000008de00000, 0x000000008df00000|  0%| F|  |TAMS 0x000000008de00000, 0x000000008de00000| Untracked 
| 135|0x000000008df00000, 0x000000008df00000, 0x000000008e000000|  0%| F|  |TAMS 0x000000008df00000, 0x000000008df00000| Untracked 
| 136|0x000000008e000000, 0x000000008e000000, 0x000000008e100000|  0%| F|  |TAMS 0x000000008e000000, 0x000000008e000000| Untracked 
| 137|0x000000008e100000, 0x000000008e200000, 0x000000008e200000|100%| E|  |TAMS 0x000000008e100000, 0x000000008e100000| Complete 
| 138|0x000000008e200000, 0x000000008e300000, 0x000000008e300000|100%| E|CS|TAMS 0x000000008e200000, 0x000000008e200000| Complete 
| 139|0x000000008e300000, 0x000000008e400000, 0x000000008e400000|100%| E|CS|TAMS 0x000000008e300000, 0x000000008e300000| Complete 
| 140|0x000000008e400000, 0x000000008e500000, 0x000000008e500000|100%| E|CS|TAMS 0x000000008e400000, 0x000000008e400000| Complete 
| 141|0x000000008e500000, 0x000000008e600000, 0x000000008e600000|100%| E|CS|TAMS 0x000000008e500000, 0x000000008e500000| Complete 
| 142|0x000000008e600000, 0x000000008e700000, 0x000000008e700000|100%| E|CS|TAMS 0x000000008e600000, 0x000000008e600000| Complete 
| 143|0x000000008e700000, 0x000000008e800000, 0x000000008e800000|100%| E|CS|TAMS 0x000000008e700000, 0x000000008e700000| Complete 
| 144|0x000000008e800000, 0x000000008e900000, 0x000000008e900000|100%| E|CS|TAMS 0x000000008e800000, 0x000000008e800000| Complete 
| 145|0x000000008e900000, 0x000000008ea00000, 0x000000008ea00000|100%| E|CS|TAMS 0x000000008e900000, 0x000000008e900000| Complete 
| 146|0x000000008ea00000, 0x000000008eb00000, 0x000000008eb00000|100%| E|CS|TAMS 0x000000008ea00000, 0x000000008ea00000| Complete 
| 147|0x000000008eb00000, 0x000000008ec00000, 0x000000008ec00000|100%| E|CS|TAMS 0x000000008eb00000, 0x000000008eb00000| Complete 
| 148|0x000000008ec00000, 0x000000008ed00000, 0x000000008ed00000|100%| E|CS|TAMS 0x000000008ec00000, 0x000000008ec00000| Complete 
| 149|0x000000008ed00000, 0x000000008ee00000, 0x000000008ee00000|100%| E|CS|TAMS 0x000000008ed00000, 0x000000008ed00000| Complete 
| 150|0x000000008ee00000, 0x000000008ef00000, 0x000000008ef00000|100%| E|CS|TAMS 0x000000008ee00000, 0x000000008ee00000| Complete 
| 151|0x000000008ef00000, 0x000000008f000000, 0x000000008f000000|100%| E|CS|TAMS 0x000000008ef00000, 0x000000008ef00000| Complete 
| 152|0x000000008f000000, 0x000000008f100000, 0x000000008f100000|100%| E|CS|TAMS 0x000000008f000000, 0x000000008f000000| Complete 
| 153|0x000000008f100000, 0x000000008f200000, 0x000000008f200000|100%| E|CS|TAMS 0x000000008f100000, 0x000000008f100000| Complete 
| 154|0x000000008f200000, 0x000000008f300000, 0x000000008f300000|100%| E|CS|TAMS 0x000000008f200000, 0x000000008f200000| Complete 
| 155|0x000000008f300000, 0x000000008f400000, 0x000000008f400000|100%| E|CS|TAMS 0x000000008f300000, 0x000000008f300000| Complete 
| 156|0x000000008f400000, 0x000000008f500000, 0x000000008f500000|100%| E|CS|TAMS 0x000000008f400000, 0x000000008f400000| Complete 
| 157|0x000000008f500000, 0x000000008f600000, 0x000000008f600000|100%| E|CS|TAMS 0x000000008f500000, 0x000000008f500000| Complete 
| 158|0x000000008f600000, 0x000000008f700000, 0x000000008f700000|100%| E|CS|TAMS 0x000000008f600000, 0x000000008f600000| Complete 
| 159|0x000000008f700000, 0x000000008f800000, 0x000000008f800000|100%| E|CS|TAMS 0x000000008f700000, 0x000000008f700000| Complete 
| 160|0x000000008f800000, 0x000000008f900000, 0x000000008f900000|100%| E|CS|TAMS 0x000000008f800000, 0x000000008f800000| Complete 
| 161|0x000000008f900000, 0x000000008fa00000, 0x000000008fa00000|100%| E|CS|TAMS 0x000000008f900000, 0x000000008f900000| Complete 
| 162|0x000000008fa00000, 0x000000008fb00000, 0x000000008fb00000|100%| E|CS|TAMS 0x000000008fa00000, 0x000000008fa00000| Complete 
| 163|0x000000008fb00000, 0x000000008fc00000, 0x000000008fc00000|100%| E|CS|TAMS 0x000000008fb00000, 0x000000008fb00000| Complete 
| 164|0x000000008fc00000, 0x000000008fd00000, 0x000000008fd00000|100%| E|CS|TAMS 0x000000008fc00000, 0x000000008fc00000| Complete 
| 165|0x000000008fd00000, 0x000000008fe00000, 0x000000008fe00000|100%| E|CS|TAMS 0x000000008fd00000, 0x000000008fd00000| Complete 
| 166|0x000000008fe00000, 0x000000008ff00000, 0x000000008ff00000|100%| E|CS|TAMS 0x000000008fe00000, 0x000000008fe00000| Complete 
| 167|0x000000008ff00000, 0x0000000090000000, 0x0000000090000000|100%| E|CS|TAMS 0x000000008ff00000, 0x000000008ff00000| Complete 
| 168|0x0000000090000000, 0x0000000090100000, 0x0000000090100000|100%| E|CS|TAMS 0x0000000090000000, 0x0000000090000000| Complete 
| 169|0x0000000090100000, 0x0000000090200000, 0x0000000090200000|100%| E|CS|TAMS 0x0000000090100000, 0x0000000090100000| Complete 
| 170|0x0000000090200000, 0x0000000090300000, 0x0000000090300000|100%| E|CS|TAMS 0x0000000090200000, 0x0000000090200000| Complete 
| 171|0x0000000090300000, 0x0000000090400000, 0x0000000090400000|100%| E|CS|TAMS 0x0000000090300000, 0x0000000090300000| Complete 
| 172|0x0000000090400000, 0x0000000090500000, 0x0000000090500000|100%| E|CS|TAMS 0x0000000090400000, 0x0000000090400000| Complete 
| 173|0x0000000090500000, 0x0000000090600000, 0x0000000090600000|100%| E|CS|TAMS 0x0000000090500000, 0x0000000090500000| Complete 
| 174|0x0000000090600000, 0x0000000090700000, 0x0000000090700000|100%| E|CS|TAMS 0x0000000090600000, 0x0000000090600000| Complete 
| 175|0x0000000090700000, 0x0000000090800000, 0x0000000090800000|100%| E|CS|TAMS 0x0000000090700000, 0x0000000090700000| Complete 
| 176|0x0000000090800000, 0x0000000090900000, 0x0000000090900000|100%| E|CS|TAMS 0x0000000090800000, 0x0000000090800000| Complete 
| 177|0x0000000090900000, 0x0000000090a00000, 0x0000000090a00000|100%| E|CS|TAMS 0x0000000090900000, 0x0000000090900000| Complete 
| 178|0x0000000090a00000, 0x0000000090b00000, 0x0000000090b00000|100%| E|CS|TAMS 0x0000000090a00000, 0x0000000090a00000| Complete 
| 179|0x0000000090b00000, 0x0000000090c00000, 0x0000000090c00000|100%| E|CS|TAMS 0x0000000090b00000, 0x0000000090b00000| Complete 
| 180|0x0000000090c00000, 0x0000000090d00000, 0x0000000090d00000|100%| E|CS|TAMS 0x0000000090c00000, 0x0000000090c00000| Complete 
| 181|0x0000000090d00000, 0x0000000090e00000, 0x0000000090e00000|100%| E|CS|TAMS 0x0000000090d00000, 0x0000000090d00000| Complete 
| 182|0x0000000090e00000, 0x0000000090f00000, 0x0000000090f00000|100%| E|CS|TAMS 0x0000000090e00000, 0x0000000090e00000| Complete 
| 183|0x0000000090f00000, 0x0000000091000000, 0x0000000091000000|100%| E|CS|TAMS 0x0000000090f00000, 0x0000000090f00000| Complete 
| 184|0x0000000091000000, 0x0000000091100000, 0x0000000091100000|100%| E|CS|TAMS 0x0000000091000000, 0x0000000091000000| Complete 
| 185|0x0000000091100000, 0x0000000091200000, 0x0000000091200000|100%| E|CS|TAMS 0x0000000091100000, 0x0000000091100000| Complete 
| 186|0x0000000091200000, 0x0000000091300000, 0x0000000091300000|100%| E|CS|TAMS 0x0000000091200000, 0x0000000091200000| Complete 
| 187|0x0000000091300000, 0x0000000091400000, 0x0000000091400000|100%| E|CS|TAMS 0x0000000091300000, 0x0000000091300000| Complete 
| 188|0x0000000091400000, 0x0000000091500000, 0x0000000091500000|100%| E|CS|TAMS 0x0000000091400000, 0x0000000091400000| Complete 
| 189|0x0000000091500000, 0x0000000091600000, 0x0000000091600000|100%| E|CS|TAMS 0x0000000091500000, 0x0000000091500000| Complete 
| 190|0x0000000091600000, 0x0000000091700000, 0x0000000091700000|100%| E|CS|TAMS 0x0000000091600000, 0x0000000091600000| Complete 
| 191|0x0000000091700000, 0x0000000091800000, 0x0000000091800000|100%| E|CS|TAMS 0x0000000091700000, 0x0000000091700000| Complete 
| 192|0x0000000091800000, 0x0000000091900000, 0x0000000091900000|100%| E|CS|TAMS 0x0000000091800000, 0x0000000091800000| Complete 
| 193|0x0000000091900000, 0x0000000091a00000, 0x0000000091a00000|100%| E|CS|TAMS 0x0000000091900000, 0x0000000091900000| Complete 
| 194|0x0000000091a00000, 0x0000000091b00000, 0x0000000091b00000|100%| E|CS|TAMS 0x0000000091a00000, 0x0000000091a00000| Complete 
| 195|0x0000000091b00000, 0x0000000091c00000, 0x0000000091c00000|100%| E|CS|TAMS 0x0000000091b00000, 0x0000000091b00000| Complete 
| 196|0x0000000091c00000, 0x0000000091d00000, 0x0000000091d00000|100%| E|CS|TAMS 0x0000000091c00000, 0x0000000091c00000| Complete 
| 197|0x0000000091d00000, 0x0000000091e00000, 0x0000000091e00000|100%| E|CS|TAMS 0x0000000091d00000, 0x0000000091d00000| Complete 
| 198|0x0000000091e00000, 0x0000000091f00000, 0x0000000091f00000|100%| E|CS|TAMS 0x0000000091e00000, 0x0000000091e00000| Complete 
| 199|0x0000000091f00000, 0x0000000092000000, 0x0000000092000000|100%| E|CS|TAMS 0x0000000091f00000, 0x0000000091f00000| Complete 
| 200|0x0000000092000000, 0x0000000092100000, 0x0000000092100000|100%| E|CS|TAMS 0x0000000092000000, 0x0000000092000000| Complete 
| 201|0x0000000092100000, 0x0000000092200000, 0x0000000092200000|100%| E|CS|TAMS 0x0000000092100000, 0x0000000092100000| Complete 
| 202|0x0000000092200000, 0x0000000092300000, 0x0000000092300000|100%| E|CS|TAMS 0x0000000092200000, 0x0000000092200000| Complete 
| 203|0x0000000092300000, 0x0000000092400000, 0x0000000092400000|100%| E|CS|TAMS 0x0000000092300000, 0x0000000092300000| Complete 

Card table byte_map: [0x00000164e0540000,0x00000164e0920000] _byte_map_base: 0x00000164e0114000

Marking Bits (Prev, Next): (CMBitMap*) 0x00000164c9903db0, (CMBitMap*) 0x00000164c9903d70
 Prev Bits: [0x00000164e2ba0000, 0x00000164e4a40000)
 Next Bits: [0x00000164e0d00000, 0x00000164e2ba0000)

Polling page: 0x00000164c7780000

Metaspace:

Usage:
  Non-class:     28.04 MB used.
      Class:      3.44 MB used.
       Both:     31.47 MB used.

Virtual space:
  Non-class space:       64.00 MB reserved,      28.25 MB ( 44%) committed,  1 nodes.
      Class space:        1.00 GB reserved,       3.56 MB ( <1%) committed,  1 nodes.
             Both:        1.06 GB reserved,      31.81 MB (  3%) committed. 

Chunk freelists:
   Non-Class:  3.25 MB
       Class:  12.38 MB
        Both:  15.63 MB

MaxMetaspaceSize: unlimited
CompressedClassSpaceSize: 1.00 GB
Initial GC threshold: 21.00 MB
Current GC threshold: 47.50 MB
CDS: on
MetaspaceReclaimPolicy: balanced
 - commit_granule_bytes: 65536.
 - commit_granule_words: 8192.
 - virtual_space_node_default_size: 8388608.
 - enlarge_chunks_in_place: 1.
 - new_chunks_are_fully_committed: 0.
 - uncommit_free_chunks: 1.
 - use_allocation_guard: 0.
 - handle_deallocations: 1.


Internal statistics:

num_allocs_failed_limit: 3.
num_arena_births: 298.
num_arena_deaths: 0.
num_vsnodes_births: 2.
num_vsnodes_deaths: 0.
num_space_committed: 509.
num_space_uncommitted: 0.
num_chunks_returned_to_freelist: 3.
num_chunks_taken_from_freelist: 1563.
num_chunk_merges: 3.
num_chunk_splits: 1057.
num_chunks_enlarged: 754.
num_inconsistent_stats: 0.

CodeHeap 'non-profiled nmethods': size=120000Kb used=6714Kb max_used=7877Kb free=113285Kb
 bounds [0x00000164d8c30000, 0x00000164d93f0000, 0x00000164e0160000]
CodeHeap 'profiled nmethods': size=120000Kb used=18421Kb max_used=20146Kb free=101578Kb
 bounds [0x00000164d1160000, 0x00000164d2520000, 0x00000164d8690000]
CodeHeap 'non-nmethods': size=5760Kb used=1211Kb max_used=1267Kb free=4548Kb
 bounds [0x00000164d8690000, 0x00000164d8900000, 0x00000164d8c30000]
 total_blobs=8703 nmethods=8188 adapters=428
 compilation: enabled
              stopped_count=0, restarted_count=0
 full_count=0

Compilation events (20 events):
Event: 424.198 Thread 0x00000164e6f00840 10678       3       com.sun.tools.javac.tree.JCTree$JCMemberReference::getTag (4 bytes)
Event: 424.198 Thread 0x00000164e6f00840 nmethod 10678 0x00000164d118d010 code [0x00000164d118d1a0, 0x00000164d118d2b8]
Event: 424.207 Thread 0x00000164e6f00840 10679       3       com.sun.tools.javac.comp.Check$3::visitTypeVar (10 bytes)
Event: 424.208 Thread 0x00000164e6f00840 nmethod 10679 0x00000164d1205490 code [0x00000164d1205660, 0x00000164d1205ba8]
Event: 424.208 Thread 0x00000164e6f00840 10680       3       com.sun.tools.javac.comp.Check$3::visitTypeVar (12 bytes)
Event: 424.209 Thread 0x00000164e6f00840 nmethod 10680 0x00000164d12ea790 code [0x00000164d12ea940, 0x00000164d12ead28]
Event: 424.236 Thread 0x00000164e6f00840 10681       3       com.sun.tools.javac.comp.InferenceContext::solve (23 bytes)
Event: 424.238 Thread 0x00000164e6f00840 nmethod 10681 0x00000164d1dbd510 code [0x00000164d1dbd720, 0x00000164d1dbdd88]
Event: 424.377 Thread 0x00000164e6f00840 10682       3       com.sun.tools.javac.code.Types::prune (136 bytes)
Event: 424.381 Thread 0x00000164e6f00840 nmethod 10682 0x00000164d11ce390 code [0x00000164d11ce6a0, 0x00000164d11cfd78]
Event: 424.431 Thread 0x00000164e6f00840 10684       3       com.sun.tools.javac.code.Types$14::visitTypeVar (10 bytes)
Event: 424.433 Thread 0x00000164e6f00840 nmethod 10684 0x00000164d1d76b10 code [0x00000164d1d76d20, 0x00000164d1d77548]
Event: 424.441 Thread 0x00000164e6f00840 10685       1       com.sun.tools.javac.code.Type$MethodType::poolTag (3 bytes)
Event: 424.442 Thread 0x00000164e6f00840 nmethod 10685 0x00000164d8e57990 code [0x00000164d8e57b20, 0x00000164d8e57bf8]
Event: 424.442 Thread 0x00000164e6f00840 10686       1       com.sun.tools.javac.code.Symbol$DynamicMethodSymbol::dynamicType (5 bytes)
Event: 424.442 Thread 0x00000164e6f00840 nmethod 10686 0x00000164d8f56810 code [0x00000164d8f569a0, 0x00000164d8f56a78]
Event: 424.505 Thread 0x00000164e6f00840 10688       3       com.sun.tools.javac.jvm.Code::emitLdc (36 bytes)
Event: 424.506 Thread 0x00000164e6f00840 nmethod 10688 0x00000164d1362a90 code [0x00000164d1362c60, 0x00000164d1362ec8]
Event: 424.528 Thread 0x00000164e6f00840 10689       3       com.sun.tools.javac.jvm.ClassWriter::writeStackMap (644 bytes)
Event: 424.545 Thread 0x00000164e6f00840 nmethod 10689 0x00000164d1f1a790 code [0x00000164d1f1b180, 0x00000164d1f20318]

GC Heap History (20 events):
Event: 322.688 GC heap before
{Heap before GC invocations=40 (full 0):
 garbage-first heap   total 174080K, used 146461K [0x0000000085800000, 0x0000000100000000)
  region size 1024K, 69 young (70656K), 7 survivors (7168K)
 Metaspace       used 29703K, committed 30080K, reserved 1114112K
  class space    used 3286K, committed 3456K, reserved 1048576K
}
Event: 322.724 GC heap after
{Heap after GC invocations=41 (full 0):
 garbage-first heap   total 174080K, used 84059K [0x0000000085800000, 0x0000000100000000)
  region size 1024K, 4 young (4096K), 4 survivors (4096K)
 Metaspace       used 29703K, committed 30080K, reserved 1114112K
  class space    used 3286K, committed 3456K, reserved 1048576K
}
Event: 325.789 GC heap before
{Heap before GC invocations=41 (full 0):
 garbage-first heap   total 174080K, used 147547K [0x0000000085800000, 0x0000000100000000)
  region size 1024K, 66 young (67584K), 4 survivors (4096K)
 Metaspace       used 29703K, committed 30080K, reserved 1114112K
  class space    used 3286K, committed 3456K, reserved 1048576K
}
Event: 325.810 GC heap after
{Heap after GC invocations=42 (full 0):
 garbage-first heap   total 174080K, used 83312K [0x0000000085800000, 0x0000000100000000)
  region size 1024K, 4 young (4096K), 4 survivors (4096K)
 Metaspace       used 29703K, committed 30080K, reserved 1114112K
  class space    used 3286K, committed 3456K, reserved 1048576K
}
Event: 333.961 GC heap before
{Heap before GC invocations=42 (full 0):
 garbage-first heap   total 174080K, used 148848K [0x0000000085800000, 0x0000000100000000)
  region size 1024K, 68 young (69632K), 4 survivors (4096K)
 Metaspace       used 29800K, committed 30144K, reserved 1114112K
  class space    used 3289K, committed 3456K, reserved 1048576K
}
Event: 334.008 GC heap after
{Heap after GC invocations=43 (full 0):
 garbage-first heap   total 174080K, used 87840K [0x0000000085800000, 0x0000000100000000)
  region size 1024K, 8 young (8192K), 8 survivors (8192K)
 Metaspace       used 29800K, committed 30144K, reserved 1114112K
  class space    used 3289K, committed 3456K, reserved 1048576K
}
Event: 335.819 GC heap before
{Heap before GC invocations=43 (full 0):
 garbage-first heap   total 174080K, used 146208K [0x0000000085800000, 0x0000000100000000)
  region size 1024K, 65 young (66560K), 8 survivors (8192K)
 Metaspace       used 29802K, committed 30144K, reserved 1114112K
  class space    used 3289K, committed 3456K, reserved 1048576K
}
Event: 335.850 GC heap after
{Heap after GC invocations=44 (full 0):
 garbage-first heap   total 174080K, used 86827K [0x0000000085800000, 0x0000000100000000)
  region size 1024K, 1 young (1024K), 1 survivors (1024K)
 Metaspace       used 29802K, committed 30144K, reserved 1114112K
  class space    used 3289K, committed 3456K, reserved 1048576K
}
Event: 339.504 GC heap before
{Heap before GC invocations=44 (full 0):
 garbage-first heap   total 174080K, used 148267K [0x0000000085800000, 0x0000000100000000)
  region size 1024K, 61 young (62464K), 1 survivors (1024K)
 Metaspace       used 29809K, committed 30144K, reserved 1114112K
  class space    used 3289K, committed 3456K, reserved 1048576K
}
Event: 339.542 GC heap after
{Heap after GC invocations=45 (full 0):
 garbage-first heap   total 174080K, used 90284K [0x0000000085800000, 0x0000000100000000)
  region size 1024K, 4 young (4096K), 4 survivors (4096K)
 Metaspace       used 29809K, committed 30144K, reserved 1114112K
  class space    used 3289K, committed 3456K, reserved 1048576K
}
Event: 341.848 GC heap before
{Heap before GC invocations=45 (full 0):
 garbage-first heap   total 174080K, used 147628K [0x0000000085800000, 0x0000000100000000)
  region size 1024K, 60 young (61440K), 4 survivors (4096K)
 Metaspace       used 29822K, committed 30144K, reserved 1114112K
  class space    used 3289K, committed 3456K, reserved 1048576K
}
Event: 341.873 GC heap after
{Heap after GC invocations=46 (full 0):
 garbage-first heap   total 174080K, used 89770K [0x0000000085800000, 0x0000000100000000)
  region size 1024K, 4 young (4096K), 4 survivors (4096K)
 Metaspace       used 29822K, committed 30144K, reserved 1114112K
  class space    used 3289K, committed 3456K, reserved 1048576K
}
Event: 343.148 GC heap before
{Heap before GC invocations=46 (full 0):
 garbage-first heap   total 174080K, used 148138K [0x0000000085800000, 0x0000000100000000)
  region size 1024K, 61 young (62464K), 4 survivors (4096K)
 Metaspace       used 29822K, committed 30144K, reserved 1114112K
  class space    used 3289K, committed 3456K, reserved 1048576K
}
Event: 343.173 GC heap after
{Heap after GC invocations=47 (full 0):
 garbage-first heap   total 174080K, used 89756K [0x0000000085800000, 0x0000000100000000)
  region size 1024K, 4 young (4096K), 4 survivors (4096K)
 Metaspace       used 29822K, committed 30144K, reserved 1114112K
  class space    used 3289K, committed 3456K, reserved 1048576K
}
Event: 346.509 GC heap before
{Heap before GC invocations=47 (full 0):
 garbage-first heap   total 174080K, used 150172K [0x0000000085800000, 0x0000000100000000)
  region size 1024K, 63 young (64512K), 4 survivors (4096K)
 Metaspace       used 29834K, committed 30208K, reserved 1114112K
  class space    used 3289K, committed 3456K, reserved 1048576K
}
Event: 346.548 GC heap after
{Heap after GC invocations=48 (full 0):
 garbage-first heap   total 174080K, used 90945K [0x0000000085800000, 0x0000000100000000)
  region size 1024K, 5 young (5120K), 5 survivors (5120K)
 Metaspace       used 29834K, committed 30208K, reserved 1114112K
  class space    used 3289K, committed 3456K, reserved 1048576K
}
Event: 348.208 GC heap before
{Heap before GC invocations=48 (full 0):
 garbage-first heap   total 174080K, used 146241K [0x0000000085800000, 0x0000000100000000)
  region size 1024K, 59 young (60416K), 5 survivors (5120K)
 Metaspace       used 29839K, committed 30208K, reserved 1114112K
  class space    used 3289K, committed 3456K, reserved 1048576K
}
Event: 348.236 GC heap after
{Heap after GC invocations=49 (full 0):
 garbage-first heap   total 174080K, used 89273K [0x0000000085800000, 0x0000000100000000)
  region size 1024K, 3 young (3072K), 3 survivors (3072K)
 Metaspace       used 29839K, committed 30208K, reserved 1114112K
  class space    used 3289K, committed 3456K, reserved 1048576K
}
Event: 352.293 GC heap before
{Heap before GC invocations=49 (full 0):
 garbage-first heap   total 174080K, used 146617K [0x0000000085800000, 0x0000000100000000)
  region size 1024K, 59 young (60416K), 3 survivors (3072K)
 Metaspace       used 30492K, committed 30848K, reserved 1114112K
  class space    used 3383K, committed 3520K, reserved 1048576K
}
Event: 352.323 GC heap after
{Heap after GC invocations=50 (full 0):
 garbage-first heap   total 208896K, used 90185K [0x0000000085800000, 0x0000000100000000)
  region size 1024K, 4 young (4096K), 4 survivors (4096K)
 Metaspace       used 30492K, committed 30848K, reserved 1114112K
  class space    used 3383K, committed 3520K, reserved 1048576K
}

Deoptimization events (20 events):
Event: 408.738 Thread 0x00000164c98a5f80 Uncommon trap: trap_request=0xffffff45 fr.pc=0x00000164d92f1854 relative=0x0000000000000a34
Event: 408.738 Thread 0x00000164c98a5f80 Uncommon trap: reason=unstable_if action=reinterpret pc=0x00000164d92f1854 method=com.sun.tools.javac.comp.Attr.visitIdent(Lcom/sun/tools/javac/tree/JCTree$JCIdent;)V @ 174 c2
Event: 408.738 Thread 0x00000164c98a5f80 DEOPT PACKING pc=0x00000164d92f1854 sp=0x000000122d8fc980
Event: 408.738 Thread 0x00000164c98a5f80 DEOPT UNPACKING pc=0x00000164d86e239d sp=0x000000122d8fc9a0 mode 2
Event: 419.056 Thread 0x00000164c98a5f80 Uncommon trap: trap_request=0xffffff45 fr.pc=0x00000164d9321b90 relative=0x00000000000017b0
Event: 419.056 Thread 0x00000164c98a5f80 Uncommon trap: reason=unstable_if action=reinterpret pc=0x00000164d9321b90 method=com.sun.tools.javac.comp.Resolve$AbstractMethodCheck.argumentsAcceptable(Lcom/sun/tools/javac/comp/Env;Lcom/sun/tools/javac/comp/DeferredAttr$DeferredAttrContext;Lcom/sun/to
Event: 419.056 Thread 0x00000164c98a5f80 DEOPT PACKING pc=0x00000164d9321b90 sp=0x000000122d8fc5f0
Event: 419.056 Thread 0x00000164c98a5f80 DEOPT UNPACKING pc=0x00000164d86e239d sp=0x000000122d8fc5c0 mode 2
Event: 419.450 Thread 0x00000164c98a5f80 Uncommon trap: trap_request=0xffffffde fr.pc=0x00000164d93966a0 relative=0x0000000000000f60
Event: 419.450 Thread 0x00000164c98a5f80 Uncommon trap: reason=class_check action=maybe_recompile pc=0x00000164d93966a0 method=com.sun.tools.javac.comp.Check.checkType(Lcom/sun/tools/javac/util/JCDiagnostic$DiagnosticPosition;Lcom/sun/tools/javac/code/Type;Lcom/sun/tools/javac/code/Type;Lcom/sun
Event: 419.450 Thread 0x00000164c98a5f80 DEOPT PACKING pc=0x00000164d93966a0 sp=0x000000122d8fc0c0
Event: 419.450 Thread 0x00000164c98a5f80 DEOPT UNPACKING pc=0x00000164d86e239d sp=0x000000122d8fc040 mode 2
Event: 420.051 Thread 0x00000164c98a5f80 Uncommon trap: trap_request=0xffffff45 fr.pc=0x00000164d92e0a64 relative=0x0000000000001e64
Event: 420.051 Thread 0x00000164c98a5f80 Uncommon trap: reason=unstable_if action=reinterpret pc=0x00000164d92e0a64 method=com.sun.tools.javac.jvm.Code.emitStackMapFrame(II)V @ 162 c2
Event: 420.051 Thread 0x00000164c98a5f80 DEOPT PACKING pc=0x00000164d92e0a64 sp=0x000000122d8fc9a0
Event: 420.051 Thread 0x00000164c98a5f80 DEOPT UNPACKING pc=0x00000164d86e239d sp=0x000000122d8fc958 mode 2
Event: 420.090 Thread 0x00000164c98a5f80 DEOPT PACKING pc=0x00000164d228c5ad sp=0x000000122d8fd560
Event: 420.090 Thread 0x00000164c98a5f80 DEOPT UNPACKING pc=0x00000164d86e2b24 sp=0x000000122d8fc988 mode 0
Event: 421.421 Thread 0x00000164c98a5f80 DEOPT PACKING pc=0x00000164d174303c sp=0x000000122d8fd260
Event: 421.421 Thread 0x00000164c98a5f80 DEOPT UNPACKING pc=0x00000164d86e2b24 sp=0x000000122d8fc7e0 mode 0

Classes unloaded (0 events):
No events

Classes redefined (0 events):
No events

Internal exceptions (20 events):
Event: 420.436 Thread 0x00000164c98a5f80 Exception <a 'sun/nio/fs/WindowsException'{0x000000008e86fe50}> (0x000000008e86fe50) 
thrown [s\open\src\hotspot\share\prims\jni.cpp, line 516]
Event: 421.041 Thread 0x00000164c98a5f80 Exception <a 'sun/nio/fs/WindowsException'{0x000000008e7606e8}> (0x000000008e7606e8) 
thrown [s\open\src\hotspot\share\prims\jni.cpp, line 516]
Event: 421.041 Thread 0x00000164c98a5f80 Exception <a 'sun/nio/fs/WindowsException'{0x000000008e760e08}> (0x000000008e760e08) 
thrown [s\open\src\hotspot\share\prims\jni.cpp, line 516]
Event: 421.056 Thread 0x00000164c98a5f80 Exception <a 'sun/nio/fs/WindowsException'{0x000000008e7618a0}> (0x000000008e7618a0) 
thrown [s\open\src\hotspot\share\prims\jni.cpp, line 516]
Event: 421.211 Thread 0x00000164c98a5f80 Exception <a 'sun/nio/fs/WindowsException'{0x000000008e7fe5d8}> (0x000000008e7fe5d8) 
thrown [s\open\src\hotspot\share\prims\jni.cpp, line 516]
Event: 421.212 Thread 0x00000164c98a5f80 Exception <a 'sun/nio/fs/WindowsException'{0x000000008e7fed08}> (0x000000008e7fed08) 
thrown [s\open\src\hotspot\share\prims\jni.cpp, line 516]
Event: 421.232 Thread 0x00000164c98a5f80 Exception <a 'sun/nio/fs/WindowsException'{0x000000008e7ff7f8}> (0x000000008e7ff7f8) 
thrown [s\open\src\hotspot\share\prims\jni.cpp, line 516]
Event: 421.420 Thread 0x00000164c98a5f80 Exception <a 'sun/nio/fs/WindowsException'{0x000000008e627ce8}> (0x000000008e627ce8) 
thrown [s\open\src\hotspot\share\prims\jni.cpp, line 516]
Event: 421.421 Thread 0x00000164c98a5f80 Exception <a 'sun/nio/fs/WindowsException'{0x000000008e628408}> (0x000000008e628408) 
thrown [s\open\src\hotspot\share\prims\jni.cpp, line 516]
Event: 421.433 Thread 0x00000164c98a5f80 Exception <a 'sun/nio/fs/WindowsException'{0x000000008e628ea0}> (0x000000008e628ea0) 
thrown [s\open\src\hotspot\share\prims\jni.cpp, line 516]
Event: 423.754 Thread 0x00000164c98a5f80 Exception <a 'sun/nio/fs/WindowsException'{0x000000008e59eb78}> (0x000000008e59eb78) 
thrown [s\open\src\hotspot\share\prims\jni.cpp, line 516]
Event: 423.754 Thread 0x00000164c98a5f80 Exception <a 'sun/nio/fs/WindowsException'{0x000000008e59f290}> (0x000000008e59f290) 
thrown [s\open\src\hotspot\share\prims\jni.cpp, line 516]
Event: 423.755 Thread 0x00000164c98a5f80 Exception <a 'sun/nio/fs/WindowsException'{0x000000008e59fd20}> (0x000000008e59fd20) 
thrown [s\open\src\hotspot\share\prims\jni.cpp, line 516]
Event: 423.940 Thread 0x00000164c98a5f80 Exception <a 'sun/nio/fs/WindowsException'{0x000000008e46a468}> (0x000000008e46a468) 
thrown [s\open\src\hotspot\share\prims\jni.cpp, line 516]
Event: 423.940 Thread 0x00000164c98a5f80 Exception <a 'sun/nio/fs/WindowsException'{0x000000008e46ab80}> (0x000000008e46ab80) 
thrown [s\open\src\hotspot\share\prims\jni.cpp, line 516]
Event: 423.940 Thread 0x00000164c98a5f80 Exception <a 'sun/nio/fs/WindowsException'{0x000000008e46b610}> (0x000000008e46b610) 
thrown [s\open\src\hotspot\share\prims\jni.cpp, line 516]
Event: 424.506 Thread 0x00000164c98a5f80 Exception <a 'sun/nio/fs/WindowsException'{0x000000008e263150}> (0x000000008e263150) 
thrown [s\open\src\hotspot\share\prims\jni.cpp, line 516]
Event: 424.506 Thread 0x00000164c98a5f80 Exception <a 'sun/nio/fs/WindowsException'{0x000000008e263870}> (0x000000008e263870) 
thrown [s\open\src\hotspot\share\prims\jni.cpp, line 516]
Event: 424.507 Thread 0x00000164c98a5f80 Exception <a 'sun/nio/fs/WindowsException'{0x000000008e264320}> (0x000000008e264320) 
thrown [s\open\src\hotspot\share\prims\jni.cpp, line 516]
Event: 424.519 Thread 0x00000164c98a5f80 Exception <a 'sun/nio/fs/WindowsException'{0x000000008e264af0}> (0x000000008e264af0) 
thrown [s\open\src\hotspot\share\prims\jni.cpp, line 516]

VM Operations (20 events):
Event: 416.959 Executing VM operation: Cleanup
Event: 417.010 Executing VM operation: Cleanup done
Event: 418.012 Executing VM operation: Cleanup
Event: 418.045 Executing VM operation: Cleanup done
Event: 419.046 Executing VM operation: Cleanup
Event: 419.048 Executing VM operation: Cleanup done
Event: 420.060 Executing VM operation: Cleanup
Event: 420.061 Executing VM operation: Cleanup done
Event: 421.076 Executing VM operation: Cleanup
Event: 421.076 Executing VM operation: Cleanup done
Event: 422.088 Executing VM operation: Cleanup
Event: 422.104 Executing VM operation: Cleanup done
Event: 423.114 Executing VM operation: Cleanup
Event: 423.205 Executing VM operation: Cleanup done
Event: 423.385 Executing VM operation: HandshakeAllThreads
Event: 423.422 Executing VM operation: HandshakeAllThreads done
Event: 423.976 Executing VM operation: HandshakeAllThreads
Event: 423.977 Executing VM operation: HandshakeAllThreads done
Event: 424.035 Executing VM operation: HandshakeAllThreads
Event: 424.035 Executing VM operation: HandshakeAllThreads done

Events (20 events):
Event: 424.077 Thread 0x00000164e6f044a0 flushing nmethod 0x00000164d23c3310
Event: 424.077 Thread 0x00000164e6f044a0 flushing nmethod 0x00000164d23c3790
Event: 424.077 Thread 0x00000164e6f044a0 flushing nmethod 0x00000164d23c6810
Event: 424.077 Thread 0x00000164e6f044a0 flushing nmethod 0x00000164d23cc590
Event: 424.077 Thread 0x00000164e6f044a0 flushing nmethod 0x00000164d23d5d90
Event: 424.077 Thread 0x00000164e6f044a0 flushing nmethod 0x00000164d23d6610
Event: 424.077 Thread 0x00000164e6f044a0 flushing nmethod 0x00000164d23d7810
Event: 424.077 Thread 0x00000164e6f044a0 flushing nmethod 0x00000164d23ddb10
Event: 424.078 Thread 0x00000164e6f044a0 flushing nmethod 0x00000164d23e9c90
Event: 424.078 Thread 0x00000164e6f044a0 flushing nmethod 0x00000164d23f1190
Event: 424.078 Thread 0x00000164e6f044a0 flushing nmethod 0x00000164d240c090
Event: 424.078 Thread 0x00000164e6f044a0 flushing nmethod 0x00000164d2412990
Event: 424.078 Thread 0x00000164e6f044a0 flushing nmethod 0x00000164d2419310
Event: 424.079 Thread 0x00000164e6f044a0 flushing nmethod 0x00000164d2441210
Event: 424.079 Thread 0x00000164e6f044a0 flushing nmethod 0x00000164d245e290
Event: 424.079 Thread 0x00000164e6f044a0 flushing nmethod 0x00000164d2466310
Event: 424.079 Thread 0x00000164e6f044a0 flushing nmethod 0x00000164d2469110
Event: 424.079 Thread 0x00000164e6f044a0 flushing nmethod 0x00000164d246b810
Event: 424.079 Thread 0x00000164e6f044a0 flushing nmethod 0x00000164d2482a90
Event: 424.079 Thread 0x00000164e6f044a0 flushing nmethod 0x00000164d2489d10


Dynamic libraries:
0x00007ff738ac0000 - 0x00007ff738ad0000 	C:\Program Files\Java\jdk-17\bin\java.exe
0x00007ffa84d80000 - 0x00007ffa84fe7000 	C:\WINDOWS\SYSTEM32\ntdll.dll
0x00007ffa83c90000 - 0x00007ffa83d59000 	C:\WINDOWS\System32\KERNEL32.DLL
0x00007ffa824c0000 - 0x00007ffa828b7000 	C:\WINDOWS\System32\KERNELBASE.dll
0x00007ffa81a50000 - 0x00007ffa81b9b000 	C:\WINDOWS\System32\ucrtbase.dll
0x00007ffa640b0000 - 0x00007ffa640c9000 	C:\Program Files\Java\jdk-17\bin\jli.dll
0x00007ffa849b0000 - 0x00007ffa84a66000 	C:\WINDOWS\System32\ADVAPI32.dll
0x00007ffa84840000 - 0x00007ffa848e9000 	C:\WINDOWS\System32\msvcrt.dll
0x00007ffa838e0000 - 0x00007ffa83987000 	C:\WINDOWS\System32\sechost.dll
0x00007ffa83b70000 - 0x00007ffa83c88000 	C:\WINDOWS\System32\RPCRT4.dll
0x00007ffa839a0000 - 0x00007ffa83b66000 	C:\WINDOWS\System32\USER32.dll
0x00007ffa81a20000 - 0x00007ffa81a47000 	C:\WINDOWS\System32\win32u.dll
0x00007ffa84980000 - 0x00007ffa849ab000 	C:\WINDOWS\System32\GDI32.dll
0x00007ffa81860000 - 0x00007ffa8198c000 	C:\WINDOWS\System32\gdi32full.dll
0x00007ffa81ba0000 - 0x00007ffa81c43000 	C:\WINDOWS\System32\msvcp_win.dll
0x00007ffa63f40000 - 0x00007ffa63f5b000 	C:\Program Files\Java\jdk-17\bin\VCRUNTIME140.dll
0x00007ffa60b20000 - 0x00007ffa60db2000 	C:\WINDOWS\WinSxS\amd64_microsoft.windows.common-controls_6595b64144ccf1df_6.0.26100.8457_none_3e0b2faee331e92d\COMCTL32.dll
0x00007ffa74110000 - 0x00007ffa7411b000 	C:\WINDOWS\SYSTEM32\VERSION.dll
0x00007ffa84460000 - 0x00007ffa84492000 	C:\WINDOWS\System32\IMM32.DLL
0x00007ffa7b840000 - 0x00007ffa7b84c000 	C:\Program Files\Java\jdk-17\bin\vcruntime140_1.dll
0x00007ffa63eb0000 - 0x00007ffa63f3e000 	C:\Program Files\Java\jdk-17\bin\msvcp140.dll
0x00007ff9c1610000 - 0x00007ff9c21f0000 	C:\Program Files\Java\jdk-17\bin\server\jvm.dll
0x00007ffa844a0000 - 0x00007ffa844a8000 	C:\WINDOWS\System32\PSAPI.DLL
0x00007ffa654c0000 - 0x00007ffa654ca000 	C:\WINDOWS\SYSTEM32\WSOCK32.dll
0x00007ffa843d0000 - 0x00007ffa84450000 	C:\WINDOWS\System32\WS2_32.dll
0x00007ffa67190000 - 0x00007ffa671c6000 	C:\WINDOWS\SYSTEM32\WINMM.dll
0x00007ffa80500000 - 0x00007ffa8051b000 	C:\WINDOWS\SYSTEM32\kernel.appcore.dll
0x00007ffa6e820000 - 0x00007ffa6e82a000 	C:\Program Files\Java\jdk-17\bin\jimage.dll
0x00007ffa7f8a0000 - 0x00007ffa7fae2000 	C:\WINDOWS\SYSTEM32\DBGHELP.DLL
0x00007ffa844b0000 - 0x00007ffa84833000 	C:\WINDOWS\System32\combase.dll
0x00007ffa84a70000 - 0x00007ffa84b49000 	C:\WINDOWS\System32\OLEAUT32.dll
0x00007ffa604b0000 - 0x00007ffa604eb000 	C:\WINDOWS\SYSTEM32\dbgcore.DLL
0x00007ffa817b0000 - 0x00007ffa81858000 	C:\WINDOWS\System32\bcryptPrimitives.dll
0x00007ffa61630000 - 0x00007ffa61655000 	C:\Program Files\Java\jdk-17\bin\java.dll
0x00007ffa42630000 - 0x00007ffa42707000 	C:\Program Files\Java\jdk-17\bin\jsvml.dll
0x00007ffa82eb0000 - 0x00007ffa8361e000 	C:\WINDOWS\System32\SHELL32.dll
0x00007ffa81c50000 - 0x00007ffa824bc000 	C:\WINDOWS\System32\windows.storage.dll
0x00007ffa82b20000 - 0x00007ffa82c16000 	C:\WINDOWS\System32\SHCORE.dll
0x00007ffa82c20000 - 0x00007ffa82c86000 	C:\WINDOWS\System32\shlwapi.dll
0x00007ffa816d0000 - 0x00007ffa816f9000 	C:\WINDOWS\SYSTEM32\profapi.dll
0x00007ffa63820000 - 0x00007ffa63839000 	C:\Program Files\Java\jdk-17\bin\net.dll
0x00007ffa74dd0000 - 0x00007ffa74ef9000 	C:\WINDOWS\SYSTEM32\WINHTTP.dll
0x00007ffa80a50000 - 0x00007ffa80abc000 	C:\WINDOWS\system32\mswsock.dll
0x00007ffa5b040000 - 0x00007ffa5b056000 	C:\Program Files\Java\jdk-17\bin\nio.dll
0x00007ffa5adb0000 - 0x00007ffa5adc8000 	C:\Program Files\Java\jdk-17\bin\zip.dll
0x00007ffa58eb0000 - 0x00007ffa58ed4000 	C:\ProgramData\chocolatey\lib\maven\apache-maven-3.9.12\lib\jansi-native\Windows\x86_64\jansi.dll
0x00007ffa64070000 - 0x00007ffa64080000 	C:\Program Files\Java\jdk-17\bin\verify.dll
0x00007ffa80620000 - 0x00007ffa80656000 	C:\WINDOWS\SYSTEM32\ntmarta.dll

dbghelp: loaded successfully - version: 4.0.5 - missing functions: none
symbol engine: initialized successfully - sym options: 0x614 - pdb path: .;C:\Program Files\Java\jdk-17\bin;C:\WINDOWS\SYSTEM32;C:\WINDOWS\WinSxS\amd64_microsoft.windows.common-controls_6595b64144ccf1df_6.0.26100.8457_none_3e0b2faee331e92d;C:\Program Files\Java\jdk-17\bin\server;C:\ProgramData\chocolatey\lib\maven\apache-maven-3.9.12\lib\jansi-native\Windows\x86_64

VM Arguments:
jvm_args: --enable-native-access=ALL-UNNAMED -Dclassworlds.conf=C:\ProgramData\chocolatey\lib\maven\apache-maven-3.9.12\bin\m2.conf -Dmaven.home=C:\ProgramData\chocolatey\lib\maven\apache-maven-3.9.12 -Dlibrary.jansi.path=C:\ProgramData\chocolatey\lib\maven\apache-maven-3.9.12\lib\jansi-native -Dmaven.multiModuleProjectDirectory=C:\Users\Sniffer\Documents\alimentation-payement-back-front\alimentation-boutique-back\boutique 
java_command: org.codehaus.plexus.classworlds.launcher.Launcher clean package -DskipTests -q
java_class_path (initial): C:\ProgramData\chocolatey\lib\maven\apache-maven-3.9.12\boot\plexus-classworlds-2.9.0.jar
Launcher Type: SUN_STANDARD

[Global flags]
     intx CICompilerCount                          = 3                                         {product} {ergonomic}
     uint ConcGCThreads                            = 1                                         {product} {ergonomic}
     uint G1ConcRefinementThreads                  = 4                                         {product} {ergonomic}
   size_t G1HeapRegionSize                         = 1048576                                   {product} {ergonomic}
    uintx GCDrainStackTargetSize                   = 64                                        {product} {ergonomic}
   size_t InitialHeapSize                          = 130023424                                 {product} {ergonomic}
   size_t MarkStackSize                            = 4194304                                   {product} {ergonomic}
   size_t MaxHeapSize                              = 2055208960                                {product} {ergonomic}
   size_t MaxNewSize                               = 1233125376                                {product} {ergonomic}
   size_t MinHeapDeltaBytes                        = 1048576                                   {product} {ergonomic}
   size_t MinHeapSize                              = 8388608                                   {product} {ergonomic}
    uintx NonNMethodCodeHeapSize                   = 5832780                                {pd product} {ergonomic}
    uintx NonProfiledCodeHeapSize                  = 122912730                              {pd product} {ergonomic}
    uintx ProfiledCodeHeapSize                     = 122912730                              {pd product} {ergonomic}
    uintx ReservedCodeCacheSize                    = 251658240                              {pd product} {ergonomic}
     bool SegmentedCodeCache                       = true                                      {product} {ergonomic}
   size_t SoftMaxHeapSize                          = 2055208960                             {manageable} {ergonomic}
     bool UseCompressedClassPointers               = true                           {product lp64_product} {ergonomic}
     bool UseCompressedOops                        = true                           {product lp64_product} {ergonomic}
     bool UseG1GC                                  = true                                      {product} {ergonomic}
     bool UseLargePagesIndividualAllocation        = false                                  {pd product} {ergonomic}

Logging:
Log output configuration:
 #0: stdout all=warning uptime,level,tags
 #1: stderr all=off uptime,level,tags

Environment Variables:
PATH=C:\wamp64\bin\php\php8.2.26;C:\wamp64\bin\php\php8.4.0;C:\laragon\bin\php\php8.4.0\php.exe;C:\laragon\bin\php\php8.3.1\php.exe;C:\laragon\bin\php\php-8.2.1\php.exe;C:\Python314\Scripts\;C:\Python314\;C:\Program Files\Common Files\Oracle\Java\javapath;C:\WINDOWS\system32;C:\WINDOWS;C:\WINDOWS\System32\Wbem;C:\WINDOWS\System32\WindowsPowerShell\v1.0\;C:\WINDOWS\System32\OpenSSH\;C:\ProgramData\chocolatey\bin;C:\ProgramData\chocolatey\lib\maven\apache-maven-3.9.12\bin;C:\Program Files\nodejs\;C:\Program Files\cursor\resources\app\bin;C:\laragon\bin\php\php-8.1.10-Win32-vs16-x64;C:\composer;C:\laragon\bin\php\php-8.1.10-Win32-vs16-x64\php.exe;C:\Program Files\Git\cmd;C:\laragon\bin;C:\laragon\bin\apache\httpd-2.4.54-win64-VS16\bin;C:\laragon\bin\composer;C:\laragon\bin\git\bin;C:\laragon\bin\git\cmd;C:\laragon\bin\git\mingw64\bin;C:\laragon\bin\git\usr\bin;C:\laragon\bin\laragon\utils;C:\laragon\bin\mysql\mysql-8.0.30-winx64\bin;C:\laragon\bin\nginx\nginx-1.22.0;C:\laragon\bin\ngrok;C:\laragon\bin\nodejs\node-v18;C:\laragon\bin\notepad++;C:\laragon\bin\php\php-8.1.10-Win32-vs16-x64;C:\laragon\bin\python\python-3.10;C:\laragon\bin\python\python-3.10\Scripts;C:\laragon\bin\redis\redis-x64-5.0.14.1;C:\laragon\bin\telnet;C:\laragon\usr\bin;C:\Users\Sniffer\AppData\Local\Yarn\config\global\node_modules\.bin;C:\Users\Sniffer\AppData\Roaming\Composer\vendor\bin;C:\Users\Sniffer\AppData\Roaming\npm;C:\Users\Sniffer\scoop\shims;C:\Users\Sniffer\AppData\Local\Microsoft\WindowsApps;C:\Program Files\JetBrains\IntelliJ IDEA Community Edition 2024.2.3\bin;C:\Users\Sniffer\AppData\Local\Programs\Microsoft VS Code\bin;C:\Users\Sniffer\AppData\Local\GitHubDesktop\bin;C:\Users\Sniffer\AppData\Local\PowerToys\DSCModules\;C:\Users\Sniffer\AppData\Local\Programs\cursor\resources\app\bin;C:\tools\dart-sdk\bin;C:\Users\Sniffer\AppData\Local\Pub\Cache\bin;C:\flutter-tool\dart-sdk;C:\Users\Sniffer\AppData\Local\Microsoft\WindowsApps;C:\Users\Sniffer\.local\bin;C:\Users\Sniffer\AppData\Local\P
USERNAME=Sniffer
OS=Windows_NT
PROCESSOR_IDENTIFIER=Intel64 Family 6 Model 122 Stepping 8, GenuineIntel



---------------  S Y S T E M  ---------------

OS:
 Windows 11 , 64 bit Build 26100 (10.0.26100.8328)
OS uptime: 10 days 4:55 hours
Hyper-V role detected

CPU: total 4 (initial active 4) (4 cores per cpu, 1 threads per core) family 6 model 122 stepping 8 microcode 0x22, cx8, cmov, fxsr, mmx, 3dnowpref, sse, sse2, sse3, ssse3, sse4.1, sse4.2, popcnt, tsc, tscinvbit, aes, erms, clmul, sha, clflush, clflushopt, hv

Memory: 4k page, system-wide physical 7839M (394M free)
TotalPageFile size 31391M (AvailPageFile size 2M)
current process WorkingSet (physical memory assigned to process): 287M, peak: 292M
current process commit charge ("private bytes"): 389M, peak: 393M

vm_info: Java HotSpot(TM) 64-Bit Server VM (17.0.12+8-LTS-286) for windows-amd64 JRE (17.0.12+8-LTS-286), built on Jun  5 2024 06:46:59 by "mach5one" with MS VC++ 17.6 (VS2022)

END.
