#
# There is insufficient memory for the Java Runtime Environment to continue.
# Native memory allocation (malloc) failed to allocate 353936 bytes for Chunk::new
# Possible reasons:
#   The system is out of physical RAM or swap space
#   The process is running with CompressedOops enabled, and the Java Heap may be blocking the growth of the native heap
# Possible solutions:
#   Reduce memory load on the system
#   Increase physical memory or swap space
#   Check if swap backing store is full
#   Decrease Java heap size (-Xmx/-Xms)
#   Decrease number of Java threads
#   Decrease Java thread stack sizes (-Xss)
#   Set larger code cache with -XX:ReservedCodeCacheSize=
#   JVM is running with Unscaled Compressed Oops mode in which the Java heap is
#     placed in the first 4GB address space. The Java Heap base address is the
#     maximum limit for the native heap growth. Please use -XX:HeapBaseMinAddress
#     to set the Java Heap base and to place the Java Heap above 4GB virtual address.
# This output file may be truncated or incomplete.
#
#  Out of Memory Error (arena.cpp:189), pid=18980, tid=17516
#
# JRE version: Java(TM) SE Runtime Environment (17.0.12+8) (build 17.0.12+8-LTS-286)
# Java VM: Java HotSpot(TM) 64-Bit Server VM (17.0.12+8-LTS-286, mixed mode, sharing, tiered, compressed oops, compressed class ptrs, g1 gc, windows-amd64)
# No core dump will be written. Minidumps are not enabled by default on client versions of Windows
#

---------------  S U M M A R Y ------------

Command Line: --enable-native-access=ALL-UNNAMED -Xmx512m -Dclassworlds.conf=C:\ProgramData\chocolatey\lib\maven\apache-maven-3.9.12\bin\m2.conf -Dmaven.home=C:\ProgramData\chocolatey\lib\maven\apache-maven-3.9.12 -Dlibrary.jansi.path=C:\ProgramData\chocolatey\lib\maven\apache-maven-3.9.12\lib\jansi-native -Dmaven.multiModuleProjectDirectory=C:\Users\Sniffer\Documents\alimentation-payement-back-front\alimentation-boutique-back\boutique org.codehaus.plexus.classworlds.launcher.Launcher clean package -DskipTests -q

Host: Intel(R) Celeron(R) N4120 CPU @ 1.10GHz, 4 cores, 7G,  Windows 11 , 64 bit Build 26100 (10.0.26100.8328)
Time: Sun Jun 14 00:04:14 2026 Paris, Madrid (heure duild 26100 (10.0.26100.8328) elapsed time: 157.996382 seconds (0d 0h 2m 37s)

---------------  T H R E A D  ---------------

Current thread (0x0000022934ebacc0):  JavaThread "C2 CompilerThread0" daemon [_thread_in_native, id=17516, stack(0x00000064d2800000,0x00000064d2900000)]


Current CompileTask:
C2: 157999 5073   !   4       java.util.zip.InflaterInputStream::read (138 bytes)

Stack: [0x00000064d2800000,0x00000064d2900000]
Native frames: (J=compiled Java code, j=interpreted, Vv=VM code, C=native code)
V  [jvm.dll+0x67a04a]
V  [jvm.dll+0x7da4ed]
V  [jvm.dll+0x7dbe33]
V  [jvm.dll+0x7dc4a3]
V  [jvm.dll+0x24508f]
V  [jvm.dll+0xab773]
V  [jvm.dll+0xabd3c]
V  [jvm.dll+0x2aa52f]
V  [jvm.dll+0x581eb9]
V  [jvm.dll+0x21f422]
V  [jvm.dll+0x21f81f]
V  [jvm.dll+0x218aa0]
V  [jvm.dll+0x215b65]
V  [jvm.dll+0x1a2960]
V  [jvm.dll+0x22610b]
V  [jvm.dll+0x2242ab]
V  [jvm.dll+0x79075c]
V  [jvm.dll+0x78abea]
V  [jvm.dll+0x678f35]
C  [ucrtbase.dll+0x37b0]
C  [KERNEL32.DLL+0x2e957]
C  [ntdll.dll+0x427c]


---------------  P R O C E S S  ---------------

Threads class SMR info:
_java_thread_list=0x000002297a6d25d0, length=12, elements={
0x000002291ae77470, 0x0000022934e9c9c0, 0x0000022934e9def0, 0x0000022934eb81e0,
0x0000022934eb8ba0, 0x0000022934eb9560, 0x0000022934eb9f20, 0x0000022934ebacc0,
0x0000022934ec23e0, 0x0000022934f39a80, 0x000002297a1c7970, 0x000002297a1d4110
}

Java Threads: ( => current thread )
  0x000002291ae77470 JavaThread "main" [_thread_in_native, id=29792, stack(0x00000064d1b00000,0x00000064d1c00000)]
  0x0000022934e9c9c0 JavaThread "Reference Handler" daemon [_thread_blocked, id=31208, stack(0x00000064d2200000,0x00000064d2300000)]
  0x0000022934e9def0 JavaThread "Finalizer" daemon [_thread_blocked, id=31580, stack(0x00000064d2300000,0x00000064d2400000)]
  0x0000022934eb81e0 JavaThread "Signal Dispatcher" daemon [_thread_blocked, id=20876, stack(0x00000064d2400000,0x00000064d2500000)]
  0x0000022934eb8ba0 JavaThread "Attach Listener" daemon [_thread_blocked, id=26612, stack(0x00000064d2500000,0x00000064d2600000)]
  0x0000022934eb9560 JavaThread "Service Thread" daemon [_thread_blocked, id=6412, stack(0x00000064d2600000,0x00000064d2700000)]
  0x0000022934eb9f20 JavaThread "Monitor Deflation Thread" daemon [_thread_blocked, id=30380, stack(0x00000064d2700000,0x00000064d2800000)]
=>0x0000022934ebacc0 JavaThread "C2 CompilerThread0" daemon [_thread_in_native, id=17516, stack(0x00000064d2800000,0x00000064d2900000)]
  0x0000022934ec23e0 JavaThread "C1 CompilerThread0" daemon [_thread_blocked, id=26452, stack(0x00000064d2900000,0x00000064d2a00000)]
  0x0000022934f39a80 JavaThread "Sweeper thread" daemon [_thread_blocked, id=16764, stack(0x00000064d2a00000,0x00000064d2b00000)]
  0x000002297a1c7970 JavaThread "Notification Thread" daemon [_thread_blocked, id=19892, stack(0x00000064d2b00000,0x00000064d2c00000)]
  0x000002297a1d4110 JavaThread "Common-Cleaner" daemon [_thread_blocked, id=28660, stack(0x00000064d2d00000,0x00000064d2e00000)]

Other Threads:
  0x0000022934e938d0 VMThread "VM Thread" [stack: 0x00000064d2100000,0x00000064d2200000] [id=25792]
  0x000002297a1c9e60 WatcherThread [stack: 0x00000064d2c00000,0x00000064d2d00000] [id=13676]
  0x000002291aea5830 GCTaskThread "GC Thread#0" [stack: 0x00000064d1c00000,0x00000064d1d00000] [id=28568]
  0x000002297a50f870 GCTaskThread "GC Thread#1" [stack: 0x00000064d2f00000,0x00000064d3000000] [id=10732]
  0x000002297a96aed0 GCTaskThread "GC Thread#2" [stack: 0x00000064d3000000,0x00000064d3100000] [id=17816]
  0x000002297aae5180 GCTaskThread "GC Thread#3" [stack: 0x00000064d3100000,0x00000064d3200000] [id=19516]
  0x000002291aeaa780 ConcurrentGCThread "G1 Main Marker" [stack: 0x00000064d1d00000,0x00000064d1e00000] [id=2924]
  0x000002291aeab190 ConcurrentGCThread "G1 Conc#0" [stack: 0x00000064d1e00000,0x00000064d1f00000] [id=21116]
  0x000002291af26230 ConcurrentGCThread "G1 Refine#0" [stack: 0x00000064d1f00000,0x00000064d2000000] [id=17660]
  0x000002291af28e20 ConcurrentGCThread "G1 Service" [stack: 0x00000064d2000000,0x00000064d2100000] [id=21020]

Threads with active compile tasks:
C2 CompilerThread0   158143 5073   !   4       java.util.zip.InflaterInputStream::read (138 bytes)

VM state: not at safepoint (normal execution)

VM Mutex/Monitor currently owned by a thread: None

Heap address: 0x00000000e0000000, size: 512 MB, Compressed Oops mode: 32-bit

CDS archive(s) mapped at: [0x0000022935000000-0x0000022935bd0000-0x0000022935bd0000), size 12386304, SharedBaseAddress: 0x0000022935000000, ArchiveRelocationMode: 1.
Compressed class space mapped at: 0x0000022936000000-0x0000022976000000, reserved size: 1073741824
Narrow klass base: 0x0000022935000000, Narrow klass shift: 0, Narrow klass range: 0x100000000

GC Precious Log:
 CPUs: 4 total, 4 available
 Memory: 7839M
 Large Page Support: Disabled
 NUMA Support: Disabled
 Compressed Oops: Enabled (32-bit)
 Heap Region Size: 1M
 Heap Min Capacity: 8M
 Heap Initial Capacity: 124M
 Heap Max Capacity: 512M
 Pre-touch: Disabled
 Parallel Workers: 4
 Concurrent Workers: 1
 Concurrent Refinement Workers: 4
 Periodic GC: Disabled

Heap:
 garbage-first heap   total 126976K, used 61266K [0x00000000e0000000, 0x0000000100000000)
  region size 1024K, 50 young (51200K), 4 survivors (4096K)
 Metaspace       used 19470K, committed 19776K, reserved 1114112K
  class space    used 2219K, committed 2368K, reserved 1048576K

Heap Regions: E=young(eden), S=young(survivor), O=old, HS=humongous(starts), HC=humongous(continues), CS=collection set, F=free, OA=open archive, CA=closed archive, TAMS=top-at-mark-start (previous, next)
|   0|0x00000000e0000000, 0x00000000e0100000, 0x00000000e0100000|100%| O|  |TAMS 0x00000000e0000000, 0x00000000e0000000| Untracked 
|   1|0x00000000e0100000, 0x00000000e0200000, 0x00000000e0200000|100%| O|  |TAMS 0x00000000e0100000, 0x00000000e0100000| Untracked 
|   2|0x00000000e0200000, 0x00000000e0300000, 0x00000000e0300000|100%| O|  |TAMS 0x00000000e0200000, 0x00000000e0200000| Untracked 
|   3|0x00000000e0300000, 0x00000000e0400000, 0x00000000e0400000|100%| O|  |TAMS 0x00000000e0300000, 0x00000000e0300000| Untracked 
|   4|0x00000000e0400000, 0x00000000e0500000, 0x00000000e0500000|100%| O|  |TAMS 0x00000000e0400000, 0x00000000e0400000| Untracked 
|   5|0x00000000e0500000, 0x00000000e0600000, 0x00000000e0600000|100%| O|  |TAMS 0x00000000e0500000, 0x00000000e0500000| Untracked 
|   6|0x00000000e0600000, 0x00000000e0700000, 0x00000000e0700000|100%| O|  |TAMS 0x00000000e0600000, 0x00000000e0600000| Untracked 
|   7|0x00000000e0700000, 0x00000000e0800000, 0x00000000e0800000|100%| O|  |TAMS 0x00000000e0700000, 0x00000000e0700000| Untracked 
|   8|0x00000000e0800000, 0x00000000e0900000, 0x00000000e0900000|100%| O|  |TAMS 0x00000000e0800000, 0x00000000e0800000| Untracked 
|   9|0x00000000e0900000, 0x00000000e0a00000, 0x00000000e0a00000|100%| O|  |TAMS 0x00000000e0900000, 0x00000000e0900000| Untracked 
|  10|0x00000000e0a00000, 0x00000000e0b00000, 0x00000000e0b00000|100%| O|  |TAMS 0x00000000e0a00000, 0x00000000e0a00000| Untracked 
|  11|0x00000000e0b00000, 0x00000000e0b54800, 0x00000000e0c00000| 33%| O|  |TAMS 0x00000000e0b00000, 0x00000000e0b00000| Untracked 
|  12|0x00000000e0c00000, 0x00000000e0c00000, 0x00000000e0d00000|  0%| F|  |TAMS 0x00000000e0c00000, 0x00000000e0c00000| Untracked 
|  13|0x00000000e0d00000, 0x00000000e0d00000, 0x00000000e0e00000|  0%| F|  |TAMS 0x00000000e0d00000, 0x00000000e0d00000| Untracked 
|  14|0x00000000e0e00000, 0x00000000e0e00000, 0x00000000e0f00000|  0%| F|  |TAMS 0x00000000e0e00000, 0x00000000e0e00000| Untracked 
|  15|0x00000000e0f00000, 0x00000000e0f00000, 0x00000000e1000000|  0%| F|  |TAMS 0x00000000e0f00000, 0x00000000e0f00000| Untracked 
|  16|0x00000000e1000000, 0x00000000e1000000, 0x00000000e1100000|  0%| F|  |TAMS 0x00000000e1000000, 0x00000000e1000000| Untracked 
|  17|0x00000000e1100000, 0x00000000e1100000, 0x00000000e1200000|  0%| F|  |TAMS 0x00000000e1100000, 0x00000000e1100000| Untracked 
|  18|0x00000000e1200000, 0x00000000e1200000, 0x00000000e1300000|  0%| F|  |TAMS 0x00000000e1200000, 0x00000000e1200000| Untracked 
|  19|0x00000000e1300000, 0x00000000e1300000, 0x00000000e1400000|  0%| F|  |TAMS 0x00000000e1300000, 0x00000000e1300000| Untracked 
|  20|0x00000000e1400000, 0x00000000e1400000, 0x00000000e1500000|  0%| F|  |TAMS 0x00000000e1400000, 0x00000000e1400000| Untracked 
|  21|0x00000000e1500000, 0x00000000e1500000, 0x00000000e1600000|  0%| F|  |TAMS 0x00000000e1500000, 0x00000000e1500000| Untracked 
|  22|0x00000000e1600000, 0x00000000e1600000, 0x00000000e1700000|  0%| F|  |TAMS 0x00000000e1600000, 0x00000000e1600000| Untracked 
|  23|0x00000000e1700000, 0x00000000e1700000, 0x00000000e1800000|  0%| F|  |TAMS 0x00000000e1700000, 0x00000000e1700000| Untracked 
|  24|0x00000000e1800000, 0x00000000e1800000, 0x00000000e1900000|  0%| F|  |TAMS 0x00000000e1800000, 0x00000000e1800000| Untracked 
|  25|0x00000000e1900000, 0x00000000e1900000, 0x00000000e1a00000|  0%| F|  |TAMS 0x00000000e1900000, 0x00000000e1900000| Untracked 
|  26|0x00000000e1a00000, 0x00000000e1a00000, 0x00000000e1b00000|  0%| F|  |TAMS 0x00000000e1a00000, 0x00000000e1a00000| Untracked 
|  27|0x00000000e1b00000, 0x00000000e1b00000, 0x00000000e1c00000|  0%| F|  |TAMS 0x00000000e1b00000, 0x00000000e1b00000| Untracked 
|  28|0x00000000e1c00000, 0x00000000e1c00000, 0x00000000e1d00000|  0%| F|  |TAMS 0x00000000e1c00000, 0x00000000e1c00000| Untracked 
|  29|0x00000000e1d00000, 0x00000000e1d00000, 0x00000000e1e00000|  0%| F|  |TAMS 0x00000000e1d00000, 0x00000000e1d00000| Untracked 
|  30|0x00000000e1e00000, 0x00000000e1e00000, 0x00000000e1f00000|  0%| F|  |TAMS 0x00000000e1e00000, 0x00000000e1e00000| Untracked 
|  31|0x00000000e1f00000, 0x00000000e1f00000, 0x00000000e2000000|  0%| F|  |TAMS 0x00000000e1f00000, 0x00000000e1f00000| Untracked 
|  32|0x00000000e2000000, 0x00000000e2000000, 0x00000000e2100000|  0%| F|  |TAMS 0x00000000e2000000, 0x00000000e2000000| Untracked 
|  33|0x00000000e2100000, 0x00000000e2100000, 0x00000000e2200000|  0%| F|  |TAMS 0x00000000e2100000, 0x00000000e2100000| Untracked 
|  34|0x00000000e2200000, 0x00000000e2200000, 0x00000000e2300000|  0%| F|  |TAMS 0x00000000e2200000, 0x00000000e2200000| Untracked 
|  35|0x00000000e2300000, 0x00000000e2300000, 0x00000000e2400000|  0%| F|  |TAMS 0x00000000e2300000, 0x00000000e2300000| Untracked 
|  36|0x00000000e2400000, 0x00000000e2400000, 0x00000000e2500000|  0%| F|  |TAMS 0x00000000e2400000, 0x00000000e2400000| Untracked 
|  37|0x00000000e2500000, 0x00000000e2500000, 0x00000000e2600000|  0%| F|  |TAMS 0x00000000e2500000, 0x00000000e2500000| Untracked 
|  38|0x00000000e2600000, 0x00000000e2600000, 0x00000000e2700000|  0%| F|  |TAMS 0x00000000e2600000, 0x00000000e2600000| Untracked 
|  39|0x00000000e2700000, 0x00000000e2700000, 0x00000000e2800000|  0%| F|  |TAMS 0x00000000e2700000, 0x00000000e2700000| Untracked 
|  40|0x00000000e2800000, 0x00000000e2800000, 0x00000000e2900000|  0%| F|  |TAMS 0x00000000e2800000, 0x00000000e2800000| Untracked 
|  41|0x00000000e2900000, 0x00000000e2900000, 0x00000000e2a00000|  0%| F|  |TAMS 0x00000000e2900000, 0x00000000e2900000| Untracked 
|  42|0x00000000e2a00000, 0x00000000e2a00000, 0x00000000e2b00000|  0%| F|  |TAMS 0x00000000e2a00000, 0x00000000e2a00000| Untracked 
|  43|0x00000000e2b00000, 0x00000000e2b00000, 0x00000000e2c00000|  0%| F|  |TAMS 0x00000000e2b00000, 0x00000000e2b00000| Untracked 
|  44|0x00000000e2c00000, 0x00000000e2c00000, 0x00000000e2d00000|  0%| F|  |TAMS 0x00000000e2c00000, 0x00000000e2c00000| Untracked 
|  45|0x00000000e2d00000, 0x00000000e2d00000, 0x00000000e2e00000|  0%| F|  |TAMS 0x00000000e2d00000, 0x00000000e2d00000| Untracked 
|  46|0x00000000e2e00000, 0x00000000e2e00000, 0x00000000e2f00000|  0%| F|  |TAMS 0x00000000e2e00000, 0x00000000e2e00000| Untracked 
|  47|0x00000000e2f00000, 0x00000000e2f00000, 0x00000000e3000000|  0%| F|  |TAMS 0x00000000e2f00000, 0x00000000e2f00000| Untracked 
|  48|0x00000000e3000000, 0x00000000e3000000, 0x00000000e3100000|  0%| F|  |TAMS 0x00000000e3000000, 0x00000000e3000000| Untracked 
|  49|0x00000000e3100000, 0x00000000e3100000, 0x00000000e3200000|  0%| F|  |TAMS 0x00000000e3100000, 0x00000000e3100000| Untracked 
|  50|0x00000000e3200000, 0x00000000e3200000, 0x00000000e3300000|  0%| F|  |TAMS 0x00000000e3200000, 0x00000000e3200000| Untracked 
|  51|0x00000000e3300000, 0x00000000e3300000, 0x00000000e3400000|  0%| F|  |TAMS 0x00000000e3300000, 0x00000000e3300000| Untracked 
|  52|0x00000000e3400000, 0x00000000e3400000, 0x00000000e3500000|  0%| F|  |TAMS 0x00000000e3400000, 0x00000000e3400000| Untracked 
|  53|0x00000000e3500000, 0x00000000e3500000, 0x00000000e3600000|  0%| F|  |TAMS 0x00000000e3500000, 0x00000000e3500000| Untracked 
|  54|0x00000000e3600000, 0x00000000e3600000, 0x00000000e3700000|  0%| F|  |TAMS 0x00000000e3600000, 0x00000000e3600000| Untracked 
|  55|0x00000000e3700000, 0x00000000e3700000, 0x00000000e3800000|  0%| F|  |TAMS 0x00000000e3700000, 0x00000000e3700000| Untracked 
|  56|0x00000000e3800000, 0x00000000e3880000, 0x00000000e3900000| 50%| S|CS|TAMS 0x00000000e3800000, 0x00000000e3800000| Complete 
|  57|0x00000000e3900000, 0x00000000e3a00000, 0x00000000e3a00000|100%| S|CS|TAMS 0x00000000e3900000, 0x00000000e3900000| Complete 
|  58|0x00000000e3a00000, 0x00000000e3b00000, 0x00000000e3b00000|100%| S|CS|TAMS 0x00000000e3a00000, 0x00000000e3a00000| Complete 
|  59|0x00000000e3b00000, 0x00000000e3c00000, 0x00000000e3c00000|100%| S|CS|TAMS 0x00000000e3b00000, 0x00000000e3b00000| Complete 
|  60|0x00000000e3c00000, 0x00000000e3c00000, 0x00000000e3d00000|  0%| F|  |TAMS 0x00000000e3c00000, 0x00000000e3c00000| Untracked 
|  61|0x00000000e3d00000, 0x00000000e3d00000, 0x00000000e3e00000|  0%| F|  |TAMS 0x00000000e3d00000, 0x00000000e3d00000| Untracked 
|  62|0x00000000e3e00000, 0x00000000e3e00000, 0x00000000e3f00000|  0%| F|  |TAMS 0x00000000e3e00000, 0x00000000e3e00000| Untracked 
|  63|0x00000000e3f00000, 0x00000000e3f00000, 0x00000000e4000000|  0%| F|  |TAMS 0x00000000e3f00000, 0x00000000e3f00000| Untracked 
|  64|0x00000000e4000000, 0x00000000e4000000, 0x00000000e4100000|  0%| F|  |TAMS 0x00000000e4000000, 0x00000000e4000000| Untracked 
|  65|0x00000000e4100000, 0x00000000e4100000, 0x00000000e4200000|  0%| F|  |TAMS 0x00000000e4100000, 0x00000000e4100000| Untracked 
|  66|0x00000000e4200000, 0x00000000e4200000, 0x00000000e4300000|  0%| F|  |TAMS 0x00000000e4200000, 0x00000000e4200000| Untracked 
|  67|0x00000000e4300000, 0x00000000e4300000, 0x00000000e4400000|  0%| F|  |TAMS 0x00000000e4300000, 0x00000000e4300000| Untracked 
|  68|0x00000000e4400000, 0x00000000e4400000, 0x00000000e4500000|  0%| F|  |TAMS 0x00000000e4400000, 0x00000000e4400000| Untracked 
|  69|0x00000000e4500000, 0x00000000e4500000, 0x00000000e4600000|  0%| F|  |TAMS 0x00000000e4500000, 0x00000000e4500000| Untracked 
|  70|0x00000000e4600000, 0x00000000e4600000, 0x00000000e4700000|  0%| F|  |TAMS 0x00000000e4600000, 0x00000000e4600000| Untracked 
|  71|0x00000000e4700000, 0x00000000e4700000, 0x00000000e4800000|  0%| F|  |TAMS 0x00000000e4700000, 0x00000000e4700000| Untracked 
|  72|0x00000000e4800000, 0x00000000e4800000, 0x00000000e4900000|  0%| F|  |TAMS 0x00000000e4800000, 0x00000000e4800000| Untracked 
|  73|0x00000000e4900000, 0x00000000e4900000, 0x00000000e4a00000|  0%| F|  |TAMS 0x00000000e4900000, 0x00000000e4900000| Untracked 
|  74|0x00000000e4a00000, 0x00000000e4a00000, 0x00000000e4b00000|  0%| F|  |TAMS 0x00000000e4a00000, 0x00000000e4a00000| Untracked 
|  75|0x00000000e4b00000, 0x00000000e4b00000, 0x00000000e4c00000|  0%| F|  |TAMS 0x00000000e4b00000, 0x00000000e4b00000| Untracked 
|  76|0x00000000e4c00000, 0x00000000e4c00000, 0x00000000e4d00000|  0%| F|  |TAMS 0x00000000e4c00000, 0x00000000e4c00000| Untracked 
|  77|0x00000000e4d00000, 0x00000000e4d00000, 0x00000000e4e00000|  0%| F|  |TAMS 0x00000000e4d00000, 0x00000000e4d00000| Untracked 
|  78|0x00000000e4e00000, 0x00000000e4f00000, 0x00000000e4f00000|100%| E|  |TAMS 0x00000000e4e00000, 0x00000000e4e00000| Complete 
|  79|0x00000000e4f00000, 0x00000000e5000000, 0x00000000e5000000|100%| E|CS|TAMS 0x00000000e4f00000, 0x00000000e4f00000| Complete 
|  80|0x00000000e5000000, 0x00000000e5100000, 0x00000000e5100000|100%| E|CS|TAMS 0x00000000e5000000, 0x00000000e5000000| Complete 
|  81|0x00000000e5100000, 0x00000000e5200000, 0x00000000e5200000|100%| E|CS|TAMS 0x00000000e5100000, 0x00000000e5100000| Complete 
|  82|0x00000000e5200000, 0x00000000e5300000, 0x00000000e5300000|100%| E|CS|TAMS 0x00000000e5200000, 0x00000000e5200000| Complete 
|  83|0x00000000e5300000, 0x00000000e5400000, 0x00000000e5400000|100%| E|CS|TAMS 0x00000000e5300000, 0x00000000e5300000| Complete 
|  84|0x00000000e5400000, 0x00000000e5500000, 0x00000000e5500000|100%| E|CS|TAMS 0x00000000e5400000, 0x00000000e5400000| Complete 
|  85|0x00000000e5500000, 0x00000000e5600000, 0x00000000e5600000|100%| E|CS|TAMS 0x00000000e5500000, 0x00000000e5500000| Complete 
|  86|0x00000000e5600000, 0x00000000e5700000, 0x00000000e5700000|100%| E|CS|TAMS 0x00000000e5600000, 0x00000000e5600000| Complete 
|  87|0x00000000e5700000, 0x00000000e5800000, 0x00000000e5800000|100%| E|CS|TAMS 0x00000000e5700000, 0x00000000e5700000| Complete 
|  88|0x00000000e5800000, 0x00000000e5900000, 0x00000000e5900000|100%| E|CS|TAMS 0x00000000e5800000, 0x00000000e5800000| Complete 
|  89|0x00000000e5900000, 0x00000000e5a00000, 0x00000000e5a00000|100%| E|CS|TAMS 0x00000000e5900000, 0x00000000e5900000| Complete 
|  90|0x00000000e5a00000, 0x00000000e5b00000, 0x00000000e5b00000|100%| E|CS|TAMS 0x00000000e5a00000, 0x00000000e5a00000| Complete 
|  91|0x00000000e5b00000, 0x00000000e5c00000, 0x00000000e5c00000|100%| E|CS|TAMS 0x00000000e5b00000, 0x00000000e5b00000| Complete 
|  92|0x00000000e5c00000, 0x00000000e5d00000, 0x00000000e5d00000|100%| E|CS|TAMS 0x00000000e5c00000, 0x00000000e5c00000| Complete 
|  93|0x00000000e5d00000, 0x00000000e5e00000, 0x00000000e5e00000|100%| E|CS|TAMS 0x00000000e5d00000, 0x00000000e5d00000| Complete 
|  94|0x00000000e5e00000, 0x00000000e5f00000, 0x00000000e5f00000|100%| E|CS|TAMS 0x00000000e5e00000, 0x00000000e5e00000| Complete 
|  95|0x00000000e5f00000, 0x00000000e6000000, 0x00000000e6000000|100%| E|CS|TAMS 0x00000000e5f00000, 0x00000000e5f00000| Complete 
|  96|0x00000000e6000000, 0x00000000e6100000, 0x00000000e6100000|100%| E|CS|TAMS 0x00000000e6000000, 0x00000000e6000000| Complete 
|  97|0x00000000e6100000, 0x00000000e6200000, 0x00000000e6200000|100%| E|CS|TAMS 0x00000000e6100000, 0x00000000e6100000| Complete 
|  98|0x00000000e6200000, 0x00000000e6300000, 0x00000000e6300000|100%| E|CS|TAMS 0x00000000e6200000, 0x00000000e6200000| Complete 
|  99|0x00000000e6300000, 0x00000000e6400000, 0x00000000e6400000|100%| E|CS|TAMS 0x00000000e6300000, 0x00000000e6300000| Complete 
| 100|0x00000000e6400000, 0x00000000e6500000, 0x00000000e6500000|100%| E|CS|TAMS 0x00000000e6400000, 0x00000000e6400000| Complete 
| 101|0x00000000e6500000, 0x00000000e6600000, 0x00000000e6600000|100%| E|CS|TAMS 0x00000000e6500000, 0x00000000e6500000| Complete 
| 102|0x00000000e6600000, 0x00000000e6700000, 0x00000000e6700000|100%| E|CS|TAMS 0x00000000e6600000, 0x00000000e6600000| Complete 
| 103|0x00000000e6700000, 0x00000000e6800000, 0x00000000e6800000|100%| E|CS|TAMS 0x00000000e6700000, 0x00000000e6700000| Complete 
| 104|0x00000000e6800000, 0x00000000e6900000, 0x00000000e6900000|100%| E|CS|TAMS 0x00000000e6800000, 0x00000000e6800000| Complete 
| 105|0x00000000e6900000, 0x00000000e6a00000, 0x00000000e6a00000|100%| E|CS|TAMS 0x00000000e6900000, 0x00000000e6900000| Complete 
| 106|0x00000000e6a00000, 0x00000000e6b00000, 0x00000000e6b00000|100%| E|CS|TAMS 0x00000000e6a00000, 0x00000000e6a00000| Complete 
| 107|0x00000000e6b00000, 0x00000000e6c00000, 0x00000000e6c00000|100%| E|CS|TAMS 0x00000000e6b00000, 0x00000000e6b00000| Complete 
| 108|0x00000000e6c00000, 0x00000000e6d00000, 0x00000000e6d00000|100%| E|CS|TAMS 0x00000000e6c00000, 0x00000000e6c00000| Complete 
| 109|0x00000000e6d00000, 0x00000000e6e00000, 0x00000000e6e00000|100%| E|CS|TAMS 0x00000000e6d00000, 0x00000000e6d00000| Complete 
| 110|0x00000000e6e00000, 0x00000000e6f00000, 0x00000000e6f00000|100%| E|CS|TAMS 0x00000000e6e00000, 0x00000000e6e00000| Complete 
| 111|0x00000000e6f00000, 0x00000000e7000000, 0x00000000e7000000|100%| E|CS|TAMS 0x00000000e6f00000, 0x00000000e6f00000| Complete 
| 112|0x00000000e7000000, 0x00000000e7100000, 0x00000000e7100000|100%| E|CS|TAMS 0x00000000e7000000, 0x00000000e7000000| Complete 
| 113|0x00000000e7100000, 0x00000000e7200000, 0x00000000e7200000|100%| E|CS|TAMS 0x00000000e7100000, 0x00000000e7100000| Complete 
| 114|0x00000000e7200000, 0x00000000e7300000, 0x00000000e7300000|100%| E|CS|TAMS 0x00000000e7200000, 0x00000000e7200000| Complete 
| 115|0x00000000e7300000, 0x00000000e7400000, 0x00000000e7400000|100%| E|CS|TAMS 0x00000000e7300000, 0x00000000e7300000| Complete 
| 116|0x00000000e7400000, 0x00000000e7500000, 0x00000000e7500000|100%| E|CS|TAMS 0x00000000e7400000, 0x00000000e7400000| Complete 
| 117|0x00000000e7500000, 0x00000000e7600000, 0x00000000e7600000|100%| E|CS|TAMS 0x00000000e7500000, 0x00000000e7500000| Complete 
| 118|0x00000000e7600000, 0x00000000e7700000, 0x00000000e7700000|100%| E|CS|TAMS 0x00000000e7600000, 0x00000000e7600000| Complete 
| 119|0x00000000e7700000, 0x00000000e7800000, 0x00000000e7800000|100%| E|CS|TAMS 0x00000000e7700000, 0x00000000e7700000| Complete 
| 120|0x00000000e7800000, 0x00000000e7900000, 0x00000000e7900000|100%| E|CS|TAMS 0x00000000e7800000, 0x00000000e7800000| Complete 
| 121|0x00000000e7900000, 0x00000000e7a00000, 0x00000000e7a00000|100%| E|CS|TAMS 0x00000000e7900000, 0x00000000e7900000| Complete 
| 122|0x00000000e7a00000, 0x00000000e7b00000, 0x00000000e7b00000|100%| E|CS|TAMS 0x00000000e7a00000, 0x00000000e7a00000| Complete 
| 123|0x00000000e7b00000, 0x00000000e7c00000, 0x00000000e7c00000|100%| E|CS|TAMS 0x00000000e7b00000, 0x00000000e7b00000| Complete 

Card table byte_map: [0x0000022931730000,0x0000022931830000] _byte_map_base: 0x0000022931030000

Marking Bits (Prev, Next): (CMBitMap*) 0x000002291aea5e50, (CMBitMap*) 0x000002291aea5e90
 Prev Bits: [0x0000022931930000, 0x0000022932130000)
 Next Bits: [0x0000022932130000, 0x0000022932930000)

Polling page: 0x0000022918d90000

Metaspace:

Usage:
  Non-class:     16.85 MB used.
      Class:      2.17 MB used.
       Both:     19.01 MB used.

Virtual space:
  Non-class space:       64.00 MB reserved,      17.00 MB ( 27%) committed,  1 nodes.
      Class space:        1.00 GB reserved,       2.31 MB ( <1%) committed,  1 nodes.
             Both:        1.06 GB reserved,      19.31 MB (  2%) committed. 

Chunk freelists:
   Non-Class:  15.02 MB
       Class:  13.59 MB
        Both:  28.61 MB

MaxMetaspaceSize: unlimited
CompressedClassSpaceSize: 1.00 GB
Initial GC threshold: 21.00 MB
Current GC threshold: 21.00 MB
CDS: on
MetaspaceReclaimPolicy: balanced
 - commit_granule_bytes: 65536.
 - commit_granule_words: 8192.
 - virtual_space_node_default_size: 8388608.
 - enlarge_chunks_in_place: 1.
 - new_chunks_are_fully_committed: 0.
 - uncommit_free_chunks: 1.
 - use_allocation_guard: 0.
 - handle_deallocations: 1.


Internal statistics:

num_allocs_failed_limit: 0.
num_arena_births: 140.
num_arena_deaths: 0.
num_vsnodes_births: 2.
num_vsnodes_deaths: 0.
num_space_committed: 309.
num_space_uncommitted: 0.
num_chunks_returned_to_freelist: 0.
num_chunks_taken_from_freelist: 856.
num_chunk_merges: 0.
num_chunk_splits: 571.
num_chunks_enlarged: 434.
num_inconsistent_stats: 0.

CodeHeap 'non-profiled nmethods': size=120000Kb used=2554Kb max_used=2554Kb free=117445Kb
 bounds [0x000002292a200000, 0x000002292a480000, 0x0000022931730000]
CodeHeap 'profiled nmethods': size=120000Kb used=11253Kb max_used=11253Kb free=108747Kb
 bounds [0x0000022922730000, 0x0000022923230000, 0x0000022929c60000]
CodeHeap 'non-nmethods': size=5760Kb used=1184Kb max_used=1226Kb free=4576Kb
 bounds [0x0000022929c60000, 0x0000022929ed0000, 0x000002292a200000]
 total_blobs=5552 nmethods=5072 adapters=393
 compilation: enabled
              stopped_count=0, restarted_count=0
 full_count=0

Compilation events (20 events):
Event: 157.712 Thread 0x0000022934ec23e0 nmethod 5065 0x0000022923228810 code [0x00000229232289c0, 0x0000022923228d18]
Event: 157.720 Thread 0x0000022934ec23e0 5066       3       java.util.Optional::of (12 bytes)
Event: 157.721 Thread 0x0000022934ec23e0 nmethod 5066 0x0000022923228d90 code [0x0000022923228f60, 0x0000022923229328]
Event: 157.772 Thread 0x0000022934ec23e0 5067       3       java.util.zip.ZipUtils::get32 (23 bytes)
Event: 157.773 Thread 0x0000022934ec23e0 nmethod 5067 0x0000022923229490 code [0x0000022923229640, 0x00000229232298b8]
Event: 157.779 Thread 0x0000022934ec23e0 5068   !   3       java.util.zip.Inflater::end (37 bytes)
Event: 157.780 Thread 0x0000022934ec23e0 nmethod 5068 0x0000022923229a10 code [0x0000022923229c00, 0x000002292322a1e8]
Event: 157.780 Thread 0x0000022934ec23e0 5069       3       java.util.zip.Inflater$InflaterZStreamRef::clean (10 bytes)
Event: 157.781 Thread 0x0000022934ec23e0 nmethod 5069 0x000002292322a490 code [0x000002292322a660, 0x000002292322aa48]
Event: 157.781 Thread 0x0000022934ec23e0 5070  s    3       java.util.zip.Inflater$InflaterZStreamRef::run (21 bytes)
Event: 157.781 Thread 0x0000022934ec23e0 nmethod 5070 0x000002292322ab90 code [0x000002292322ad40, 0x000002292322af88]
Event: 157.793 Thread 0x0000022934ec23e0 5071       3       java.util.jar.JarEntry::<init> (6 bytes)
Event: 157.793 Thread 0x0000022934ec23e0 nmethod 5071 0x000002292322b090 code [0x000002292322b220, 0x000002292322b368]
Event: 157.805 Thread 0x0000022934ec23e0 5072       3       sun.nio.fs.WindowsPath::getNameCount (10 bytes)
Event: 157.805 Thread 0x0000022934ec23e0 nmethod 5072 0x000002292322b410 code [0x000002292322b5c0, 0x000002292322b708]
Event: 157.809 Thread 0x0000022934ebacc0 5073   !   4       java.util.zip.InflaterInputStream::read (138 bytes)
Event: 157.831 Thread 0x0000022934ec23e0 5074       3       java.io.PushbackInputStream::ensureOpen (18 bytes)
Event: 157.832 Thread 0x0000022934ec23e0 nmethod 5074 0x000002292322b810 code [0x000002292322b9c0, 0x000002292322bbc8]
Event: 157.884 Thread 0x0000022934ec23e0 5075       3       java.util.jar.Manifest$FastInputStream::fill (38 bytes)
Event: 157.885 Thread 0x0000022934ec23e0 nmethod 5075 0x000002292322bc90 code [0x000002292322be40, 0x000002292322c088]

GC Heap History (10 events):
Event: 8.558 GC heap before
{Heap before GC invocations=0 (full 0):
 garbage-first heap   total 126976K, used 13312K [0x00000000e0000000, 0x0000000100000000)
  region size 1024K, 13 young (13312K), 0 survivors (0K)
 Metaspace       used 3516K, committed 3648K, reserved 1114112K
  class space    used 369K, committed 384K, reserved 1048576K
}
Event: 8.582 GC heap after
{Heap after GC invocations=1 (full 0):
 garbage-first heap   total 126976K, used 3168K [0x00000000e0000000, 0x0000000100000000)
  region size 1024K, 2 young (2048K), 2 survivors (2048K)
 Metaspace       used 3516K, committed 3648K, reserved 1114112K
  class space    used 369K, committed 384K, reserved 1048576K
}
Event: 11.204 GC heap before
{Heap before GC invocations=1 (full 0):
 garbage-first heap   total 126976K, used 15456K [0x00000000e0000000, 0x0000000100000000)
  region size 1024K, 14 young (14336K), 2 survivors (2048K)
 Metaspace       used 5540K, committed 5696K, reserved 1114112K
  class space    used 666K, committed 768K, reserved 1048576K
}
Event: 11.218 GC heap after
{Heap after GC invocations=2 (full 0):
 garbage-first heap   total 126976K, used 3885K [0x00000000e0000000, 0x0000000100000000)
  region size 1024K, 1 young (1024K), 1 survivors (1024K)
 Metaspace       used 5540K, committed 5696K, reserved 1114112K
  class space    used 666K, committed 768K, reserved 1048576K
}
Event: 16.668 GC heap before
{Heap before GC invocations=2 (full 0):
 garbage-first heap   total 126976K, used 28461K [0x00000000e0000000, 0x0000000100000000)
  region size 1024K, 26 young (26624K), 1 survivors (1024K)
 Metaspace       used 8971K, committed 9088K, reserved 1114112K
  class space    used 1079K, committed 1152K, reserved 1048576K
}
Event: 16.681 GC heap after
{Heap after GC invocations=3 (full 0):
 garbage-first heap   total 126976K, used 4886K [0x00000000e0000000, 0x0000000100000000)
  region size 1024K, 2 young (2048K), 2 survivors (2048K)
 Metaspace       used 8971K, committed 9088K, reserved 1114112K
  class space    used 1079K, committed 1152K, reserved 1048576K
}
Event: 32.919 GC heap before
{Heap before GC invocations=3 (full 0):
 garbage-first heap   total 126976K, used 78614K [0x00000000e0000000, 0x0000000100000000)
  region size 1024K, 74 young (75776K), 2 survivors (2048K)
 Metaspace       used 15353K, committed 15552K, reserved 1114112K
  class space    used 1827K, committed 1920K, reserved 1048576K
}
Event: 32.985 GC heap after
{Heap after GC invocations=4 (full 0):
 garbage-first heap   total 126976K, used 12667K [0x00000000e0000000, 0x0000000100000000)
  region size 1024K, 10 young (10240K), 10 survivors (10240K)
 Metaspace       used 15353K, committed 15552K, reserved 1114112K
  class space    used 1827K, committed 1920K, reserved 1048576K
}
Event: 69.136 GC heap before
{Heap before GC invocations=4 (full 0):
 garbage-first heap   total 126976K, used 78203K [0x00000000e0000000, 0x0000000100000000)
  region size 1024K, 74 young (75776K), 10 survivors (10240K)
 Metaspace       used 16638K, committed 16960K, reserved 1114112K
  class space    used 1930K, committed 2112K, reserved 1048576K
}
Event: 69.203 GC heap after
{Heap after GC invocations=5 (full 0):
 garbage-first heap   total 126976K, used 15186K [0x00000000e0000000, 0x0000000100000000)
  region size 1024K, 4 young (4096K), 4 survivors (4096K)
 Metaspace       used 16638K, committed 16960K, reserved 1114112K
  class space    used 1930K, committed 2112K, reserved 1048576K
}

Deoptimization events (20 events):
Event: 157.433 Thread 0x000002291ae77470 DEOPT PACKING pc=0x000002292a292fe0 sp=0x00000064d1bfc580
Event: 157.434 Thread 0x000002291ae77470 DEOPT UNPACKING pc=0x0000022929cb239d sp=0x00000064d1bfc568 mode 2
Event: 157.511 Thread 0x000002291ae77470 Uncommon trap: trap_request=0xffffffde fr.pc=0x000002292a41a80c relative=0x00000000000019ec
Event: 157.511 Thread 0x000002291ae77470 Uncommon trap: reason=class_check action=maybe_recompile pc=0x000002292a41a80c method=java.util.zip.InflaterInputStream.read([BII)I @ 100 c2
Event: 157.511 Thread 0x000002291ae77470 DEOPT PACKING pc=0x000002292a41a80c sp=0x00000064d1bfc9b0
Event: 157.511 Thread 0x000002291ae77470 DEOPT UNPACKING pc=0x0000022929cb239d sp=0x00000064d1bfca00 mode 2
Event: 157.512 Thread 0x000002291ae77470 Uncommon trap: trap_request=0xffffffde fr.pc=0x000002292a41a80c relative=0x00000000000019ec
Event: 157.512 Thread 0x000002291ae77470 Uncommon trap: reason=class_check action=maybe_recompile pc=0x000002292a41a80c method=java.util.zip.InflaterInputStream.read([BII)I @ 100 c2
Event: 157.512 Thread 0x000002291ae77470 DEOPT PACKING pc=0x000002292a41a80c sp=0x00000064d1bfc8f0
Event: 157.512 Thread 0x000002291ae77470 DEOPT UNPACKING pc=0x0000022929cb239d sp=0x00000064d1bfc940 mode 2
Event: 157.521 Thread 0x000002291ae77470 Uncommon trap: trap_request=0xffffffde fr.pc=0x000002292a41a80c relative=0x00000000000019ec
Event: 157.521 Thread 0x000002291ae77470 Uncommon trap: reason=class_check action=maybe_recompile pc=0x000002292a41a80c method=java.util.zip.InflaterInputStream.read([BII)I @ 100 c2
Event: 157.521 Thread 0x000002291ae77470 DEOPT PACKING pc=0x000002292a41a80c sp=0x00000064d1bfc9b0
Event: 157.521 Thread 0x000002291ae77470 DEOPT UNPACKING pc=0x0000022929cb239d sp=0x00000064d1bfca00 mode 2
Event: 157.521 Thread 0x000002291ae77470 Uncommon trap: trap_request=0xffffffde fr.pc=0x000002292a41a80c relative=0x00000000000019ec
Event: 157.521 Thread 0x000002291ae77470 Uncommon trap: reason=class_check action=maybe_recompile pc=0x000002292a41a80c method=java.util.zip.InflaterInputStream.read([BII)I @ 100 c2
Event: 157.521 Thread 0x000002291ae77470 DEOPT PACKING pc=0x000002292a41a80c sp=0x00000064d1bfc8f0
Event: 157.521 Thread 0x000002291ae77470 DEOPT UNPACKING pc=0x0000022929cb239d sp=0x00000064d1bfc940 mode 2
Event: 157.629 Thread 0x000002291ae77470 DEOPT PACKING pc=0x00000229232169cf sp=0x00000064d1bfce20
Event: 157.629 Thread 0x000002291ae77470 DEOPT UNPACKING pc=0x0000022929cb2b24 sp=0x00000064d1bfc330 mode 0

Classes unloaded (0 events):
No events

Classes redefined (0 events):
No events

Internal exceptions (20 events):
Event: 157.556 Thread 0x000002291ae77470 Exception <a 'sun/nio/fs/WindowsException'{0x00000000e50d6328}> (0x00000000e50d6328) 
thrown [s\open\src\hotspot\share\prims\jni.cpp, line 516]
Event: 157.586 Thread 0x000002291ae77470 Exception <a 'sun/nio/fs/WindowsException'{0x00000000e50de6c8}> (0x00000000e50de6c8) 
thrown [s\open\src\hotspot\share\prims\jni.cpp, line 516]
Event: 157.603 Thread 0x000002291ae77470 Exception <a 'sun/nio/fs/WindowsException'{0x00000000e50e62e8}> (0x00000000e50e62e8) 
thrown [s\open\src\hotspot\share\prims\jni.cpp, line 516]
Event: 157.611 Thread 0x000002291ae77470 Exception <a 'sun/nio/fs/WindowsException'{0x00000000e50edf88}> (0x00000000e50edf88) 
thrown [s\open\src\hotspot\share\prims\jni.cpp, line 516]
Event: 157.616 Thread 0x000002291ae77470 Exception <a 'sun/nio/fs/WindowsException'{0x00000000e50f6c08}> (0x00000000e50f6c08) 
thrown [s\open\src\hotspot\share\prims\jni.cpp, line 516]
Event: 157.624 Thread 0x000002291ae77470 Exception <a 'sun/nio/fs/WindowsException'{0x00000000e50fddc8}> (0x00000000e50fddc8) 
thrown [s\open\src\hotspot\share\prims\jni.cpp, line 516]
Event: 157.630 Thread 0x000002291ae77470 Exception <a 'sun/nio/fs/WindowsException'{0x00000000e4f07840}> (0x00000000e4f07840) 
thrown [s\open\src\hotspot\share\prims\jni.cpp, line 516]
Event: 157.638 Thread 0x000002291ae77470 Exception <a 'sun/nio/fs/WindowsException'{0x00000000e4f10830}> (0x00000000e4f10830) 
thrown [s\open\src\hotspot\share\prims\jni.cpp, line 516]
Event: 157.662 Thread 0x000002291ae77470 Exception <a 'sun/nio/fs/WindowsException'{0x00000000e4f17a98}> (0x00000000e4f17a98) 
thrown [s\open\src\hotspot\share\prims\jni.cpp, line 516]
Event: 157.700 Thread 0x000002291ae77470 Exception <a 'sun/nio/fs/WindowsException'{0x00000000e4f63560}> (0x00000000e4f63560) 
thrown [s\open\src\hotspot\share\prims\jni.cpp, line 516]
Event: 157.714 Thread 0x000002291ae77470 Exception <a 'sun/nio/fs/WindowsException'{0x00000000e4f73070}> (0x00000000e4f73070) 
thrown [s\open\src\hotspot\share\prims\jni.cpp, line 516]
Event: 157.721 Thread 0x000002291ae77470 Exception <a 'sun/nio/fs/WindowsException'{0x00000000e4f79e60}> (0x00000000e4f79e60) 
thrown [s\open\src\hotspot\share\prims\jni.cpp, line 516]
Event: 157.728 Thread 0x000002291ae77470 Exception <a 'sun/nio/fs/WindowsException'{0x00000000e4f80c80}> (0x00000000e4f80c80) 
thrown [s\open\src\hotspot\share\prims\jni.cpp, line 516]
Event: 157.762 Thread 0x000002291ae77470 Exception <a 'sun/nio/fs/WindowsException'{0x00000000e4f8ab90}> (0x00000000e4f8ab90) 
thrown [s\open\src\hotspot\share\prims\jni.cpp, line 516]
Event: 157.769 Thread 0x000002291ae77470 Exception <a 'sun/nio/fs/WindowsException'{0x00000000e4f94068}> (0x00000000e4f94068) 
thrown [s\open\src\hotspot\share\prims\jni.cpp, line 516]
Event: 157.775 Thread 0x000002291ae77470 Exception <a 'sun/nio/fs/WindowsException'{0x00000000e4f9ae80}> (0x00000000e4f9ae80) 
thrown [s\open\src\hotspot\share\prims\jni.cpp, line 516]
Event: 157.780 Thread 0x000002291ae77470 Exception <a 'sun/nio/fs/WindowsException'{0x00000000e4fa1ca8}> (0x00000000e4fa1ca8) 
thrown [s\open\src\hotspot\share\prims\jni.cpp, line 516]
Event: 157.794 Thread 0x000002291ae77470 Exception <a 'sun/nio/fs/WindowsException'{0x00000000e4fa8cb0}> (0x00000000e4fa8cb0) 
thrown [s\open\src\hotspot\share\prims\jni.cpp, line 516]
Event: 157.804 Thread 0x000002291ae77470 Exception <a 'sun/nio/fs/WindowsException'{0x00000000e4fbaeb8}> (0x00000000e4fbaeb8) 
thrown [s\open\src\hotspot\share\prims\jni.cpp, line 516]
Event: 157.828 Thread 0x000002291ae77470 Exception <a 'sun/nio/fs/WindowsException'{0x00000000e4fcdb70}> (0x00000000e4fcdb70) 
thrown [s\open\src\hotspot\share\prims\jni.cpp, line 516]

VM Operations (20 events):
Event: 144.900 Executing VM operation: Cleanup
Event: 144.926 Executing VM operation: Cleanup done
Event: 145.929 Executing VM operation: Cleanup
Event: 146.000 Executing VM operation: Cleanup done
Event: 147.013 Executing VM operation: Cleanup
Event: 147.013 Executing VM operation: Cleanup done
Event: 150.371 Executing VM operation: HandshakeAllThreads
Event: 150.371 Executing VM operation: HandshakeAllThreads done
Event: 150.371 Executing VM operation: Cleanup
Event: 150.371 Executing VM operation: Cleanup done
Event: 151.382 Executing VM operation: Cleanup
Event: 151.382 Executing VM operation: Cleanup done
Event: 156.309 Executing VM operation: HandshakeAllThreads
Event: 156.309 Executing VM operation: HandshakeAllThreads done
Event: 157.323 Executing VM operation: Cleanup
Event: 157.343 Executing VM operation: Cleanup done
Event: 157.355 Executing VM operation: HandshakeAllThreads
Event: 157.355 Executing VM operation: HandshakeAllThreads done
Event: 157.422 Executing VM operation: HandshakeAllThreads
Event: 157.422 Executing VM operation: HandshakeAllThreads done

Events (20 events):
Event: 157.441 loading class sun/net/www/protocol/jrt/JavaRuntimeURLConnection
Event: 157.442 loading class sun/net/www/protocol/jrt/JavaRuntimeURLConnection done
Event: 157.445 loading class sun/net/www/protocol/jrt/JavaRuntimeURLConnection$1
Event: 157.445 loading class sun/net/www/protocol/jrt/JavaRuntimeURLConnection$1 done
Event: 157.448 loading class jdk/internal/jimage/ImageBufferCache
Event: 157.448 loading class jdk/internal/jimage/ImageBufferCache done
Event: 157.450 loading class jdk/internal/jimage/ImageBufferCache$1
Event: 157.450 loading class jdk/internal/jimage/ImageBufferCache$1 done
Event: 157.450 loading class jdk/internal/jimage/ImageBufferCache$2
Event: 157.450 loading class jdk/internal/jimage/ImageBufferCache$2 done
Event: 157.451 loading class java/util/AbstractMap$SimpleEntry
Event: 157.453 loading class java/util/AbstractMap$SimpleEntry done
Event: 157.506 loading class java/util/jar/JarInputStream
Event: 157.507 loading class java/util/zip/ZipInputStream
Event: 157.508 loading class java/util/zip/ZipInputStream done
Event: 157.508 loading class java/util/jar/JarInputStream done
Event: 157.508 loading class java/io/PushbackInputStream
Event: 157.509 loading class java/io/PushbackInputStream done
Event: 157.513 loading class sun/security/util/ManifestEntryVerifier
Event: 157.513 loading class sun/security/util/ManifestEntryVerifier done


Dynamic libraries:
0x00007ff671c60000 - 0x00007ff671c70000 	C:\Program Files\Java\jdk-17\bin\java.exe
0x00007ffa84d80000 - 0x00007ffa84fe7000 	C:\WINDOWS\SYSTEM32\ntdll.dll
0x00007ffa83c90000 - 0x00007ffa83d59000 	C:\WINDOWS\System32\KERNEL32.DLL
0x00007ffa824c0000 - 0x00007ffa828b7000 	C:\WINDOWS\System32\KERNELBASE.dll
0x00007ffa81a50000 - 0x00007ffa81b9b000 	C:\WINDOWS\System32\ucrtbase.dll
0x00007ffa63820000 - 0x00007ffa63839000 	C:\Program Files\Java\jdk-17\bin\jli.dll
0x00007ffa849b0000 - 0x00007ffa84a66000 	C:\WINDOWS\System32\ADVAPI32.dll
0x00007ffa84840000 - 0x00007ffa848e9000 	C:\WINDOWS\System32\msvcrt.dll
0x00007ffa838e0000 - 0x00007ffa83987000 	C:\WINDOWS\System32\sechost.dll
0x00007ffa83b70000 - 0x00007ffa83c88000 	C:\WINDOWS\System32\RPCRT4.dll
0x00007ffa839a0000 - 0x00007ffa83b66000 	C:\WINDOWS\System32\USER32.dll
0x00007ffa81a20000 - 0x00007ffa81a47000 	C:\WINDOWS\System32\win32u.dll
0x00007ffa84980000 - 0x00007ffa849ab000 	C:\WINDOWS\System32\GDI32.dll
0x00007ffa81860000 - 0x00007ffa8198c000 	C:\WINDOWS\System32\gdi32full.dll
0x00007ffa81ba0000 - 0x00007ffa81c43000 	C:\WINDOWS\System32\msvcp_win.dll
0x00007ffa61640000 - 0x00007ffa6165b000 	C:\Program Files\Java\jdk-17\bin\VCRUNTIME140.dll
0x00007ffa60b20000 - 0x00007ffa60db2000 	C:\WINDOWS\WinSxS\amd64_microsoft.windows.common-controls_6595b64144ccf1df_6.0.26100.8457_none_3e0b2faee331e92d\COMCTL32.dll
0x00007ffa74110000 - 0x00007ffa7411b000 	C:\WINDOWS\SYSTEM32\VERSION.dll
0x00007ffa84460000 - 0x00007ffa84492000 	C:\WINDOWS\System32\IMM32.DLL
0x00007ffa7b840000 - 0x00007ffa7b84c000 	C:\Program Files\Java\jdk-17\bin\vcruntime140_1.dll
0x00007ffa31ca0000 - 0x00007ffa31d2e000 	C:\Program Files\Java\jdk-17\bin\msvcp140.dll
0x00007ff9c1610000 - 0x00007ff9c21f0000 	C:\Program Files\Java\jdk-17\bin\server\jvm.dll
0x00007ffa844a0000 - 0x00007ffa844a8000 	C:\WINDOWS\System32\PSAPI.DLL
0x00007ffa654c0000 - 0x00007ffa654ca000 	C:\WINDOWS\SYSTEM32\WSOCK32.dll
0x00007ffa843d0000 - 0x00007ffa84450000 	C:\WINDOWS\System32\WS2_32.dll
0x00007ffa67190000 - 0x00007ffa671c6000 	C:\WINDOWS\SYSTEM32\WINMM.dll
0x00007ffa80500000 - 0x00007ffa8051b000 	C:\WINDOWS\SYSTEM32\kernel.appcore.dll
0x00007ffa6e820000 - 0x00007ffa6e82a000 	C:\Program Files\Java\jdk-17\bin\jimage.dll
0x00007ffa7f8a0000 - 0x00007ffa7fae2000 	C:\WINDOWS\SYSTEM32\DBGHELP.DLL
0x00007ffa844b0000 - 0x00007ffa84833000 	C:\WINDOWS\System32\combase.dll
0x00007ffa84a70000 - 0x00007ffa84b49000 	C:\WINDOWS\System32\OLEAUT32.dll
0x00007ffa604b0000 - 0x00007ffa604eb000 	C:\WINDOWS\SYSTEM32\dbgcore.DLL
0x00007ffa817b0000 - 0x00007ffa81858000 	C:\WINDOWS\System32\bcryptPrimitives.dll
0x00007ffa5b030000 - 0x00007ffa5b055000 	C:\Program Files\Java\jdk-17\bin\java.dll
0x00007ffa28890000 - 0x00007ffa28967000 	C:\Program Files\Java\jdk-17\bin\jsvml.dll
0x00007ffa82eb0000 - 0x00007ffa8361e000 	C:\WINDOWS\System32\SHELL32.dll
0x00007ffa81c50000 - 0x00007ffa824bc000 	C:\WINDOWS\System32\windows.storage.dll
0x00007ffa82b20000 - 0x00007ffa82c16000 	C:\WINDOWS\System32\SHCORE.dll
0x00007ffa82c20000 - 0x00007ffa82c86000 	C:\WINDOWS\System32\shlwapi.dll
0x00007ffa816d0000 - 0x00007ffa816f9000 	C:\WINDOWS\SYSTEM32\profapi.dll
0x00007ffa5adb0000 - 0x00007ffa5adc9000 	C:\Program Files\Java\jdk-17\bin\net.dll
0x00007ffa74dd0000 - 0x00007ffa74ef9000 	C:\WINDOWS\SYSTEM32\WINHTTP.dll
0x00007ffa80a50000 - 0x00007ffa80abc000 	C:\WINDOWS\system32\mswsock.dll
0x00007ffa5ad00000 - 0x00007ffa5ad16000 	C:\Program Files\Java\jdk-17\bin\nio.dll
0x00007ffa55690000 - 0x00007ffa556a8000 	C:\Program Files\Java\jdk-17\bin\zip.dll
0x00007ffa55510000 - 0x00007ffa55534000 	C:\ProgramData\chocolatey\lib\maven\apache-maven-3.9.12\lib\jansi-native\Windows\x86_64\jansi.dll
0x00007ffa66060000 - 0x00007ffa66070000 	C:\Program Files\Java\jdk-17\bin\verify.dll
0x00007ffa80620000 - 0x00007ffa80656000 	C:\WINDOWS\SYSTEM32\ntmarta.dll

dbghelp: loaded successfully - version: 4.0.5 - missing functions: none
symbol engine: initialized successfully - sym options: 0x614 - pdb path: .;C:\Program Files\Java\jdk-17\bin;C:\WINDOWS\SYSTEM32;C:\WINDOWS\WinSxS\amd64_microsoft.windows.common-controls_6595b64144ccf1df_6.0.26100.8457_none_3e0b2faee331e92d;C:\Program Files\Java\jdk-17\bin\server;C:\ProgramData\chocolatey\lib\maven\apache-maven-3.9.12\lib\jansi-native\Windows\x86_64

VM Arguments:
jvm_args: --enable-native-access=ALL-UNNAMED -Xmx512m -Dclassworlds.conf=C:\ProgramData\chocolatey\lib\maven\apache-maven-3.9.12\bin\m2.conf -Dmaven.home=C:\ProgramData\chocolatey\lib\maven\apache-maven-3.9.12 -Dlibrary.jansi.path=C:\ProgramData\chocolatey\lib\maven\apache-maven-3.9.12\lib\jansi-native -Dmaven.multiModuleProjectDirectory=C:\Users\Sniffer\Documents\alimentation-payement-back-front\alimentation-boutique-back\boutique 
java_command: org.codehaus.plexus.classworlds.launcher.Launcher clean package -DskipTests -q
java_class_path (initial): C:\ProgramData\chocolatey\lib\maven\apache-maven-3.9.12\boot\plexus-classworlds-2.9.0.jar
Launcher Type: SUN_STANDARD

[Global flags]
     intx CICompilerCount                          = 3                                         {product} {ergonomic}
     uint ConcGCThreads                            = 1                                         {product} {ergonomic}
     uint G1ConcRefinementThreads                  = 4                                         {product} {ergonomic}
   size_t G1HeapRegionSize                         = 1048576                                   {product} {ergonomic}
    uintx GCDrainStackTargetSize                   = 64                                        {product} {ergonomic}
   size_t InitialHeapSize                          = 130023424                                 {product} {ergonomic}
   size_t MarkStackSize                            = 4194304                                   {product} {ergonomic}
   size_t MaxHeapSize                              = 536870912                                 {product} {command line}
   size_t MaxNewSize                               = 321912832                                 {product} {ergonomic}
   size_t MinHeapDeltaBytes                        = 1048576                                   {product} {ergonomic}
   size_t MinHeapSize                              = 8388608                                   {product} {ergonomic}
    uintx NonNMethodCodeHeapSize                   = 5832780                                {pd product} {ergonomic}
    uintx NonProfiledCodeHeapSize                  = 122912730                              {pd product} {ergonomic}
    uintx ProfiledCodeHeapSize                     = 122912730                              {pd product} {ergonomic}
    uintx ReservedCodeCacheSize                    = 251658240                              {pd product} {ergonomic}
     bool SegmentedCodeCache                       = true                                      {product} {ergonomic}
   size_t SoftMaxHeapSize                          = 536870912                              {manageable} {ergonomic}
     bool UseCompressedClassPointers               = true                           {product lp64_product} {ergonomic}
     bool UseCompressedOops                        = true                           {product lp64_product} {ergonomic}
     bool UseG1GC                                  = true                                      {product} {ergonomic}
     bool UseLargePagesIndividualAllocation        = false                                  {pd product} {ergonomic}

Logging:
Log output configuration:
 #0: stdout all=warning uptime,level,tags
 #1: stderr all=off uptime,level,tags

Environment Variables:
PATH=C:\wamp64\bin\php\php8.2.26;C:\wamp64\bin\php\php8.4.0;C:\laragon\bin\php\php8.4.0\php.exe;C:\laragon\bin\php\php8.3.1\php.exe;C:\laragon\bin\php\php-8.2.1\php.exe;C:\Python314\Scripts\;C:\Python314\;C:\Program Files\Common Files\Oracle\Java\javapath;C:\WINDOWS\system32;C:\WINDOWS;C:\WINDOWS\System32\Wbem;C:\WINDOWS\System32\WindowsPowerShell\v1.0\;C:\WINDOWS\System32\OpenSSH\;C:\ProgramData\chocolatey\bin;C:\ProgramData\chocolatey\lib\maven\apache-maven-3.9.12\bin;C:\Program Files\nodejs\;C:\Program Files\cursor\resources\app\bin;C:\laragon\bin\php\php-8.1.10-Win32-vs16-x64;C:\composer;C:\laragon\bin\php\php-8.1.10-Win32-vs16-x64\php.exe;C:\Program Files\Git\cmd;C:\laragon\bin;C:\laragon\bin\apache\httpd-2.4.54-win64-VS16\bin;C:\laragon\bin\composer;C:\laragon\bin\git\bin;C:\laragon\bin\git\cmd;C:\laragon\bin\git\mingw64\bin;C:\laragon\bin\git\usr\bin;C:\laragon\bin\laragon\utils;C:\laragon\bin\mysql\mysql-8.0.30-winx64\bin;C:\laragon\bin\nginx\nginx-1.22.0;C:\laragon\bin\ngrok;C:\laragon\bin\nodejs\node-v18;C:\laragon\bin\notepad++;C:\laragon\bin\php\php-8.1.10-Win32-vs16-x64;C:\laragon\bin\python\python-3.10;C:\laragon\bin\python\python-3.10\Scripts;C:\laragon\bin\redis\redis-x64-5.0.14.1;C:\laragon\bin\telnet;C:\laragon\usr\bin;C:\Users\Sniffer\AppData\Local\Yarn\config\global\node_modules\.bin;C:\Users\Sniffer\AppData\Roaming\Composer\vendor\bin;C:\Users\Sniffer\AppData\Roaming\npm;C:\Users\Sniffer\scoop\shims;C:\Users\Sniffer\AppData\Local\Microsoft\WindowsApps;C:\Program Files\JetBrains\IntelliJ IDEA Community Edition 2024.2.3\bin;C:\Users\Sniffer\AppData\Local\Programs\Microsoft VS Code\bin;C:\Users\Sniffer\AppData\Local\GitHubDesktop\bin;C:\Users\Sniffer\AppData\Local\PowerToys\DSCModules\;C:\Users\Sniffer\AppData\Local\Programs\cursor\resources\app\bin;C:\tools\dart-sdk\bin;C:\Users\Sniffer\AppData\Local\Pub\Cache\bin;C:\flutter-tool\dart-sdk;C:\Users\Sniffer\AppData\Local\Microsoft\WindowsApps;C:\Users\Sniffer\.local\bin;C:\Users\Sniffer\AppData\Local\P
USERNAME=Sniffer
OS=Windows_NT
PROCESSOR_IDENTIFIER=Intel64 Family 6 Model 122 Stepping 8, GenuineIntel



---------------  S Y S T E M  ---------------

OS:
 Windows 11 , 64 bit Build 26100 (10.0.26100.8328)
OS uptime: 10 days 5:07 hours
Hyper-V role detected

CPU: total 4 (initial active 4) (4 cores per cpu, 1 threads per core) family 6 model 122 stepping 8 microcode 0x22, cx8, cmov, fxsr, mmx, 3dnowpref, sse, sse2, sse3, ssse3, sse4.1, sse4.2, popcnt, tsc, tscinvbit, aes, erms, clmul, sha, clflush, clflushopt, hv

Memory: 4k page, system-wide physical 7839M (657M free)
TotalPageFile size 31391M (AvailPageFile size 6M)
current process WorkingSet (physical memory assigned to process): 103M, peak: 179M
current process commit charge ("private bytes"): 238M, peak: 251M

vm_info: Java HotSpot(TM) 64-Bit Server VM (17.0.12+8-LTS-286) for windows-amd64 JRE (17.0.12+8-LTS-286), built on Jun  5 2024 06:46:59 by "mach5one" with MS VC++ 17.6 (VS2022)

END.
