#
# There is insufficient memory for the Java Runtime Environment to continue.
# Native memory allocation (malloc) failed to allocate 419600 bytes for Chunk::new
# Possible reasons:
#   The system is out of physical RAM or swap space
#   The process is running with CompressedOops enabled, and the Java Heap may be blocking the growth of the native heap
# Possible solutions:
#   Reduce memory load on the system
#   Increase physical memory or swap space
#   Check if swap backing store is full
#   Decrease Java heap size (-Xmx/-Xms)
#   Decrease number of Java threads
#   Decrease Java thread stack sizes (-Xss)
#   Set larger code cache with -XX:ReservedCodeCacheSize=
#   JVM is running with Unscaled Compressed Oops mode in which the Java heap is
#     placed in the first 4GB address space. The Java Heap base address is the
#     maximum limit for the native heap growth. Please use -XX:HeapBaseMinAddress
#     to set the Java Heap base and to place the Java Heap above 4GB virtual address.
# This output file may be truncated or incomplete.
#
#  Out of Memory Error (arena.cpp:189), pid=13984, tid=15212
#
# JRE version: Java(TM) SE Runtime Environment (17.0.12+8) (build 17.0.12+8-LTS-286)
# Java VM: Java HotSpot(TM) 64-Bit Server VM (17.0.12+8-LTS-286, mixed mode, sharing, tiered, compressed oops, compressed class ptrs, g1 gc, windows-amd64)
# No core dump will be written. Minidumps are not enabled by default on client versions of Windows
#

---------------  S U M M A R Y ------------

Command Line: --enable-native-access=ALL-UNNAMED -Dclassworlds.conf=C:\ProgramData\chocolatey\lib\maven\apache-maven-3.9.12\bin\m2.conf -Dmaven.home=C:\ProgramData\chocolatey\lib\maven\apache-maven-3.9.12 -Dlibrary.jansi.path=C:\ProgramData\chocolatey\lib\maven\apache-maven-3.9.12\lib\jansi-native -Dmaven.multiModuleProjectDirectory=C:\Users\Sniffer\Documents\alimentation-payement-back-front\alimentation-boutique-back\boutique org.codehaus.plexus.classworlds.launcher.Launcher clean package

Host: Intel(R) Celeron(R) N4120 CPU @ 1.10GHz, 4 cores, 7G,  Windows 11 , 64 bit Build 26100 (10.0.26100.8521)
Time: Wed Jul  1 02:42:01 2026 Paris, Madrid (heure duild 26100 (10.0.26100.8521) elapsed time: 21.607644 seconds (0d 0h 0m 21s)

---------------  T H R E A D  ---------------

Current thread (0x000001cf86734580):  JavaThread "C2 CompilerThread0" daemon [_thread_in_native, id=15212, stack(0x000000022b500000,0x000000022b600000)]


Current CompileTask:
C2:  21608 1057       4       java.io.InputStreamReader::read (11 bytes)

Stack: [0x000000022b500000,0x000000022b600000]
Native frames: (J=compiled Java code, j=interpreted, Vv=VM code, C=native code)
V  [jvm.dll+0x67a04a]
V  [jvm.dll+0x7da4ed]
V  [jvm.dll+0x7dbe33]
V  [jvm.dll+0x7dc4a3]
V  [jvm.dll+0x24508f]
V  [jvm.dll+0xab773]
V  [jvm.dll+0xabd3c]
V  [jvm.dll+0x361bee]
V  [jvm.dll+0x1ba45a]
V  [jvm.dll+0x216997]
V  [jvm.dll+0x215c6f]
V  [jvm.dll+0x1a2960]
V  [jvm.dll+0x22610b]
V  [jvm.dll+0x2242ab]
V  [jvm.dll+0x79075c]
V  [jvm.dll+0x78abea]
V  [jvm.dll+0x678f35]
C  [ucrtbase.dll+0x2cd30]
C  [KERNEL32.DLL+0x2e957]
C  [ntdll.dll+0x87c1c]


---------------  P R O C E S S  ---------------

Threads class SMR info:
_java_thread_list=0x000001cfcc29f590, length=14, elements={
0x000001cfe7342fe0, 0x000001cf867174e0, 0x000001cf86718a10, 0x000001cf8672fa90,
0x000001cf86732460, 0x000001cf86732e20, 0x000001cf867337e0, 0x000001cf86734580,
0x000001cf8673c980, 0x000001cf86908070, 0x000001cf869c6ad0, 0x000001cf869d5c30,
0x000001cfcc0141a0, 0x000001cfcc477d60
}

Java Threads: ( => current thread )
  0x000001cfe7342fe0 JavaThread "main" [_thread_in_vm, id=6340, stack(0x000000022a700000,0x000000022a800000)]
  0x000001cf867174e0 JavaThread "Reference Handler" daemon [_thread_blocked, id=18632, stack(0x000000022af00000,0x000000022b000000)]
  0x000001cf86718a10 JavaThread "Finalizer" daemon [_thread_blocked, id=3628, stack(0x000000022b000000,0x000000022b100000)]
  0x000001cf8672fa90 JavaThread "Signal Dispatcher" daemon [_thread_blocked, id=30924, stack(0x000000022b100000,0x000000022b200000)]
  0x000001cf86732460 JavaThread "Attach Listener" daemon [_thread_blocked, id=17228, stack(0x000000022b200000,0x000000022b300000)]
  0x000001cf86732e20 JavaThread "Service Thread" daemon [_thread_blocked, id=18704, stack(0x000000022b300000,0x000000022b400000)]
  0x000001cf867337e0 JavaThread "Monitor Deflation Thread" daemon [_thread_blocked, id=6668, stack(0x000000022b400000,0x000000022b500000)]
=>0x000001cf86734580 JavaThread "C2 CompilerThread0" daemon [_thread_in_native, id=15212, stack(0x000000022b500000,0x000000022b600000)]
  0x000001cf8673c980 JavaThread "C1 CompilerThread0" daemon [_thread_blocked, id=10068, stack(0x000000022b600000,0x000000022b700000)]
  0x000001cf86908070 JavaThread "Sweeper thread" daemon [_thread_blocked, id=23584, stack(0x000000022b700000,0x000000022b800000)]
  0x000001cf869c6ad0 JavaThread "Notification Thread" daemon [_thread_blocked, id=28484, stack(0x000000022b800000,0x000000022b900000)]
  0x000001cf869d5c30 JavaThread "Common-Cleaner" daemon [_thread_blocked, id=7816, stack(0x000000022ba00000,0x000000022bb00000)]
  0x000001cfcc0141a0 JavaThread "cleanup" daemon [_thread_in_native, id=17380, stack(0x000000022bb00000,0x000000022bc00000)]
  0x000001cfcc477d60 JavaThread "C2 CompilerThread1" daemon [_thread_in_native, id=11272, stack(0x000000022bf00000,0x000000022c000000)]

Other Threads:
  0x000001cf86712830 VMThread "VM Thread" [stack: 0x000000022ae00000,0x000000022af00000] [id=28276] _threads_hazard_ptr=0x000001cfcc29f590
  0x000001cf869cafc0 WatcherThread [stack: 0x000000022b900000,0x000000022ba00000] [id=1520]
  0x000001cfe739ca00 GCTaskThread "GC Thread#0" [stack: 0x000000022a900000,0x000000022aa00000] [id=11172]
  0x000001cfcc140050 GCTaskThread "GC Thread#1" [stack: 0x000000022bc00000,0x000000022bd00000] [id=19864]
  0x000001cf86ac8530 GCTaskThread "GC Thread#2" [stack: 0x000000022bd00000,0x000000022be00000] [id=748]
  0x000001cfcc128800 GCTaskThread "GC Thread#3" [stack: 0x000000022be00000,0x000000022bf00000] [id=12200]
  0x000001cfe73aed60 ConcurrentGCThread "G1 Main Marker" [stack: 0x000000022aa00000,0x000000022ab00000] [id=15844]
  0x000001cfe73b1350 ConcurrentGCThread "G1 Conc#0" [stack: 0x000000022ab00000,0x000000022ac00000] [id=25456]
  0x000001cfe7407670 ConcurrentGCThread "G1 Refine#0" [stack: 0x000000022ac00000,0x000000022ad00000] [id=15404]
  0x000001cfe7407fa0 ConcurrentGCThread "G1 Service" [stack: 0x000000022ad00000,0x000000022ae00000] [id=15408]

Threads with active compile tasks:
C2 CompilerThread0    22025 1057       4       java.io.InputStreamReader::read (11 bytes)
C2 CompilerThread1    22025 1061   !   4       sun.nio.cs.StreamDecoder::read (196 bytes)

VM state: synchronizing (normal execution)

VM Mutex/Monitor currently owned by a thread:  ([mutex/lock_event])
[0x000001cfe733dea0] Metaspace_lock - owner thread: 0x000001cfe7342fe0
[0x000001cfe733dbd0] Threads_lock - owner thread: 0x000001cf86712830

Heap address: 0x0000000085800000, size: 1960 MB, Compressed Oops mode: 32-bit

CDS archive(s) mapped at: [0x000001cf87000000-0x000001cf87bd0000-0x000001cf87bd0000), size 12386304, SharedBaseAddress: 0x000001cf87000000, ArchiveRelocationMode: 1.
Compressed class space mapped at: 0x000001cf88000000-0x000001cfc8000000, reserved size: 1073741824
Narrow klass base: 0x000001cf87000000, Narrow klass shift: 0, Narrow klass range: 0x100000000

GC Precious Log:
 CPUs: 4 total, 4 available
 Memory: 7839M
 Large Page Support: Disabled
 NUMA Support: Disabled
 Compressed Oops: Enabled (32-bit)
 Heap Region Size: 1M
 Heap Min Capacity: 8M
 Heap Initial Capacity: 124M
 Heap Max Capacity: 1960M
 Pre-touch: Disabled
 Parallel Workers: 4
 Concurrent Workers: 1
 Concurrent Refinement Workers: 4
 Periodic GC: Disabled

Heap:
 garbage-first heap   total 126976K, used 14452K [0x0000000085800000, 0x0000000100000000)
  region size 1024K, 14 young (14336K), 2 survivors (2048K)
 Metaspace       used 5499K, committed 5632K, reserved 1114112K
  class space    used 663K, committed 768K, reserved 1048576K

Heap Regions: E=young(eden), S=young(survivor), O=old, HS=humongous(starts), HC=humongous(continues), CS=collection set, F=free, OA=open archive, CA=closed archive, TAMS=top-at-mark-start (previous, next)
|   0|0x0000000085800000, 0x0000000085900000, 0x0000000085900000|100%| O|  |TAMS 0x0000000085800000, 0x0000000085800000| Untracked 
|   1|0x0000000085900000, 0x000000008591d200, 0x0000000085a00000| 11%| O|  |TAMS 0x0000000085900000, 0x0000000085900000| Untracked 
|   2|0x0000000085a00000, 0x0000000085a00000, 0x0000000085b00000|  0%| F|  |TAMS 0x0000000085a00000, 0x0000000085a00000| Untracked 
|   3|0x0000000085b00000, 0x0000000085b00000, 0x0000000085c00000|  0%| F|  |TAMS 0x0000000085b00000, 0x0000000085b00000| Untracked 
|   4|0x0000000085c00000, 0x0000000085c00000, 0x0000000085d00000|  0%| F|  |TAMS 0x0000000085c00000, 0x0000000085c00000| Untracked 
|   5|0x0000000085d00000, 0x0000000085d00000, 0x0000000085e00000|  0%| F|  |TAMS 0x0000000085d00000, 0x0000000085d00000| Untracked 
|   6|0x0000000085e00000, 0x0000000085e00000, 0x0000000085f00000|  0%| F|  |TAMS 0x0000000085e00000, 0x0000000085e00000| Untracked 
|   7|0x0000000085f00000, 0x0000000085f00000, 0x0000000086000000|  0%| F|  |TAMS 0x0000000085f00000, 0x0000000085f00000| Untracked 
|   8|0x0000000086000000, 0x0000000086000000, 0x0000000086100000|  0%| F|  |TAMS 0x0000000086000000, 0x0000000086000000| Untracked 
|   9|0x0000000086100000, 0x0000000086100000, 0x0000000086200000|  0%| F|  |TAMS 0x0000000086100000, 0x0000000086100000| Untracked 
|  10|0x0000000086200000, 0x0000000086200000, 0x0000000086300000|  0%| F|  |TAMS 0x0000000086200000, 0x0000000086200000| Untracked 
|  11|0x0000000086300000, 0x0000000086300000, 0x0000000086400000|  0%| F|  |TAMS 0x0000000086300000, 0x0000000086300000| Untracked 
|  12|0x0000000086400000, 0x0000000086400000, 0x0000000086500000|  0%| F|  |TAMS 0x0000000086400000, 0x0000000086400000| Untracked 
|  13|0x0000000086500000, 0x0000000086500000, 0x0000000086600000|  0%| F|  |TAMS 0x0000000086500000, 0x0000000086500000| Untracked 
|  14|0x0000000086600000, 0x0000000086600000, 0x0000000086700000|  0%| F|  |TAMS 0x0000000086600000, 0x0000000086600000| Untracked 
|  15|0x0000000086700000, 0x0000000086700000, 0x0000000086800000|  0%| F|  |TAMS 0x0000000086700000, 0x0000000086700000| Untracked 
|  16|0x0000000086800000, 0x0000000086800000, 0x0000000086900000|  0%| F|  |TAMS 0x0000000086800000, 0x0000000086800000| Untracked 
|  17|0x0000000086900000, 0x0000000086900000, 0x0000000086a00000|  0%| F|  |TAMS 0x0000000086900000, 0x0000000086900000| Untracked 
|  18|0x0000000086a00000, 0x0000000086a00000, 0x0000000086b00000|  0%| F|  |TAMS 0x0000000086a00000, 0x0000000086a00000| Untracked 
|  19|0x0000000086b00000, 0x0000000086b00000, 0x0000000086c00000|  0%| F|  |TAMS 0x0000000086b00000, 0x0000000086b00000| Untracked 
|  20|0x0000000086c00000, 0x0000000086c00000, 0x0000000086d00000|  0%| F|  |TAMS 0x0000000086c00000, 0x0000000086c00000| Untracked 
|  21|0x0000000086d00000, 0x0000000086d00000, 0x0000000086e00000|  0%| F|  |TAMS 0x0000000086d00000, 0x0000000086d00000| Untracked 
|  22|0x0000000086e00000, 0x0000000086e00000, 0x0000000086f00000|  0%| F|  |TAMS 0x0000000086e00000, 0x0000000086e00000| Untracked 
|  23|0x0000000086f00000, 0x0000000086f00000, 0x0000000087000000|  0%| F|  |TAMS 0x0000000086f00000, 0x0000000086f00000| Untracked 
|  24|0x0000000087000000, 0x0000000087000000, 0x0000000087100000|  0%| F|  |TAMS 0x0000000087000000, 0x0000000087000000| Untracked 
|  25|0x0000000087100000, 0x0000000087100000, 0x0000000087200000|  0%| F|  |TAMS 0x0000000087100000, 0x0000000087100000| Untracked 
|  26|0x0000000087200000, 0x0000000087200000, 0x0000000087300000|  0%| F|  |TAMS 0x0000000087200000, 0x0000000087200000| Untracked 
|  27|0x0000000087300000, 0x0000000087300000, 0x0000000087400000|  0%| F|  |TAMS 0x0000000087300000, 0x0000000087300000| Untracked 
|  28|0x0000000087400000, 0x0000000087400000, 0x0000000087500000|  0%| F|  |TAMS 0x0000000087400000, 0x0000000087400000| Untracked 
|  29|0x0000000087500000, 0x0000000087500000, 0x0000000087600000|  0%| F|  |TAMS 0x0000000087500000, 0x0000000087500000| Untracked 
|  30|0x0000000087600000, 0x0000000087600000, 0x0000000087700000|  0%| F|  |TAMS 0x0000000087600000, 0x0000000087600000| Untracked 
|  31|0x0000000087700000, 0x0000000087700000, 0x0000000087800000|  0%| F|  |TAMS 0x0000000087700000, 0x0000000087700000| Untracked 
|  32|0x0000000087800000, 0x0000000087800000, 0x0000000087900000|  0%| F|  |TAMS 0x0000000087800000, 0x0000000087800000| Untracked 
|  33|0x0000000087900000, 0x0000000087900000, 0x0000000087a00000|  0%| F|  |TAMS 0x0000000087900000, 0x0000000087900000| Untracked 
|  34|0x0000000087a00000, 0x0000000087a00000, 0x0000000087b00000|  0%| F|  |TAMS 0x0000000087a00000, 0x0000000087a00000| Untracked 
|  35|0x0000000087b00000, 0x0000000087b00000, 0x0000000087c00000|  0%| F|  |TAMS 0x0000000087b00000, 0x0000000087b00000| Untracked 
|  36|0x0000000087c00000, 0x0000000087c00000, 0x0000000087d00000|  0%| F|  |TAMS 0x0000000087c00000, 0x0000000087c00000| Untracked 
|  37|0x0000000087d00000, 0x0000000087d00000, 0x0000000087e00000|  0%| F|  |TAMS 0x0000000087d00000, 0x0000000087d00000| Untracked 
|  38|0x0000000087e00000, 0x0000000087e00000, 0x0000000087f00000|  0%| F|  |TAMS 0x0000000087e00000, 0x0000000087e00000| Untracked 
|  39|0x0000000087f00000, 0x0000000087f00000, 0x0000000088000000|  0%| F|  |TAMS 0x0000000087f00000, 0x0000000087f00000| Untracked 
|  40|0x0000000088000000, 0x0000000088000000, 0x0000000088100000|  0%| F|  |TAMS 0x0000000088000000, 0x0000000088000000| Untracked 
|  41|0x0000000088100000, 0x0000000088100000, 0x0000000088200000|  0%| F|  |TAMS 0x0000000088100000, 0x0000000088100000| Untracked 
|  42|0x0000000088200000, 0x0000000088200000, 0x0000000088300000|  0%| F|  |TAMS 0x0000000088200000, 0x0000000088200000| Untracked 
|  43|0x0000000088300000, 0x0000000088300000, 0x0000000088400000|  0%| F|  |TAMS 0x0000000088300000, 0x0000000088300000| Untracked 
|  44|0x0000000088400000, 0x0000000088400000, 0x0000000088500000|  0%| F|  |TAMS 0x0000000088400000, 0x0000000088400000| Untracked 
|  45|0x0000000088500000, 0x0000000088500000, 0x0000000088600000|  0%| F|  |TAMS 0x0000000088500000, 0x0000000088500000| Untracked 
|  46|0x0000000088600000, 0x0000000088600000, 0x0000000088700000|  0%| F|  |TAMS 0x0000000088600000, 0x0000000088600000| Untracked 
|  47|0x0000000088700000, 0x0000000088700000, 0x0000000088800000|  0%| F|  |TAMS 0x0000000088700000, 0x0000000088700000| Untracked 
|  48|0x0000000088800000, 0x0000000088800000, 0x0000000088900000|  0%| F|  |TAMS 0x0000000088800000, 0x0000000088800000| Untracked 
|  49|0x0000000088900000, 0x0000000088900000, 0x0000000088a00000|  0%| F|  |TAMS 0x0000000088900000, 0x0000000088900000| Untracked 
|  50|0x0000000088a00000, 0x0000000088a00000, 0x0000000088b00000|  0%| F|  |TAMS 0x0000000088a00000, 0x0000000088a00000| Untracked 
|  51|0x0000000088b00000, 0x0000000088b00000, 0x0000000088c00000|  0%| F|  |TAMS 0x0000000088b00000, 0x0000000088b00000| Untracked 
|  52|0x0000000088c00000, 0x0000000088c00000, 0x0000000088d00000|  0%| F|  |TAMS 0x0000000088c00000, 0x0000000088c00000| Untracked 
|  53|0x0000000088d00000, 0x0000000088d00000, 0x0000000088e00000|  0%| F|  |TAMS 0x0000000088d00000, 0x0000000088d00000| Untracked 
|  54|0x0000000088e00000, 0x0000000088e00000, 0x0000000088f00000|  0%| F|  |TAMS 0x0000000088e00000, 0x0000000088e00000| Untracked 
|  55|0x0000000088f00000, 0x0000000088f00000, 0x0000000089000000|  0%| F|  |TAMS 0x0000000088f00000, 0x0000000088f00000| Untracked 
|  56|0x0000000089000000, 0x0000000089000000, 0x0000000089100000|  0%| F|  |TAMS 0x0000000089000000, 0x0000000089000000| Untracked 
|  57|0x0000000089100000, 0x0000000089100000, 0x0000000089200000|  0%| F|  |TAMS 0x0000000089100000, 0x0000000089100000| Untracked 
|  58|0x0000000089200000, 0x0000000089200000, 0x0000000089300000|  0%| F|  |TAMS 0x0000000089200000, 0x0000000089200000| Untracked 
|  59|0x0000000089300000, 0x0000000089300000, 0x0000000089400000|  0%| F|  |TAMS 0x0000000089300000, 0x0000000089300000| Untracked 
|  60|0x0000000089400000, 0x0000000089400000, 0x0000000089500000|  0%| F|  |TAMS 0x0000000089400000, 0x0000000089400000| Untracked 
|  61|0x0000000089500000, 0x0000000089500000, 0x0000000089600000|  0%| F|  |TAMS 0x0000000089500000, 0x0000000089500000| Untracked 
|  62|0x0000000089600000, 0x0000000089600000, 0x0000000089700000|  0%| F|  |TAMS 0x0000000089600000, 0x0000000089600000| Untracked 
|  63|0x0000000089700000, 0x0000000089700000, 0x0000000089800000|  0%| F|  |TAMS 0x0000000089700000, 0x0000000089700000| Untracked 
|  64|0x0000000089800000, 0x0000000089800000, 0x0000000089900000|  0%| F|  |TAMS 0x0000000089800000, 0x0000000089800000| Untracked 
|  65|0x0000000089900000, 0x0000000089900000, 0x0000000089a00000|  0%| F|  |TAMS 0x0000000089900000, 0x0000000089900000| Untracked 
|  66|0x0000000089a00000, 0x0000000089a00000, 0x0000000089b00000|  0%| F|  |TAMS 0x0000000089a00000, 0x0000000089a00000| Untracked 
|  67|0x0000000089b00000, 0x0000000089b00000, 0x0000000089c00000|  0%| F|  |TAMS 0x0000000089b00000, 0x0000000089b00000| Untracked 
|  68|0x0000000089c00000, 0x0000000089c00000, 0x0000000089d00000|  0%| F|  |TAMS 0x0000000089c00000, 0x0000000089c00000| Untracked 
|  69|0x0000000089d00000, 0x0000000089d00000, 0x0000000089e00000|  0%| F|  |TAMS 0x0000000089d00000, 0x0000000089d00000| Untracked 
|  70|0x0000000089e00000, 0x0000000089e00000, 0x0000000089f00000|  0%| F|  |TAMS 0x0000000089e00000, 0x0000000089e00000| Untracked 
|  71|0x0000000089f00000, 0x0000000089f00000, 0x000000008a000000|  0%| F|  |TAMS 0x0000000089f00000, 0x0000000089f00000| Untracked 
|  72|0x000000008a000000, 0x000000008a000000, 0x000000008a100000|  0%| F|  |TAMS 0x000000008a000000, 0x000000008a000000| Untracked 
|  73|0x000000008a100000, 0x000000008a100000, 0x000000008a200000|  0%| F|  |TAMS 0x000000008a100000, 0x000000008a100000| Untracked 
|  74|0x000000008a200000, 0x000000008a200000, 0x000000008a300000|  0%| F|  |TAMS 0x000000008a200000, 0x000000008a200000| Untracked 
|  75|0x000000008a300000, 0x000000008a300000, 0x000000008a400000|  0%| F|  |TAMS 0x000000008a300000, 0x000000008a300000| Untracked 
|  76|0x000000008a400000, 0x000000008a400000, 0x000000008a500000|  0%| F|  |TAMS 0x000000008a400000, 0x000000008a400000| Untracked 
|  77|0x000000008a500000, 0x000000008a500000, 0x000000008a600000|  0%| F|  |TAMS 0x000000008a500000, 0x000000008a500000| Untracked 
|  78|0x000000008a600000, 0x000000008a600000, 0x000000008a700000|  0%| F|  |TAMS 0x000000008a600000, 0x000000008a600000| Untracked 
|  79|0x000000008a700000, 0x000000008a700000, 0x000000008a800000|  0%| F|  |TAMS 0x000000008a700000, 0x000000008a700000| Untracked 
|  80|0x000000008a800000, 0x000000008a800000, 0x000000008a900000|  0%| F|  |TAMS 0x000000008a800000, 0x000000008a800000| Untracked 
|  81|0x000000008a900000, 0x000000008a900000, 0x000000008aa00000|  0%| F|  |TAMS 0x000000008a900000, 0x000000008a900000| Untracked 
|  82|0x000000008aa00000, 0x000000008aa00000, 0x000000008ab00000|  0%| F|  |TAMS 0x000000008aa00000, 0x000000008aa00000| Untracked 
|  83|0x000000008ab00000, 0x000000008ab00000, 0x000000008ac00000|  0%| F|  |TAMS 0x000000008ab00000, 0x000000008ab00000| Untracked 
|  84|0x000000008ac00000, 0x000000008ac00000, 0x000000008ad00000|  0%| F|  |TAMS 0x000000008ac00000, 0x000000008ac00000| Untracked 
|  85|0x000000008ad00000, 0x000000008ad00000, 0x000000008ae00000|  0%| F|  |TAMS 0x000000008ad00000, 0x000000008ad00000| Untracked 
|  86|0x000000008ae00000, 0x000000008ae00000, 0x000000008af00000|  0%| F|  |TAMS 0x000000008ae00000, 0x000000008ae00000| Untracked 
|  87|0x000000008af00000, 0x000000008af00000, 0x000000008b000000|  0%| F|  |TAMS 0x000000008af00000, 0x000000008af00000| Untracked 
|  88|0x000000008b000000, 0x000000008b000000, 0x000000008b100000|  0%| F|  |TAMS 0x000000008b000000, 0x000000008b000000| Untracked 
|  89|0x000000008b100000, 0x000000008b100000, 0x000000008b200000|  0%| F|  |TAMS 0x000000008b100000, 0x000000008b100000| Untracked 
|  90|0x000000008b200000, 0x000000008b200000, 0x000000008b300000|  0%| F|  |TAMS 0x000000008b200000, 0x000000008b200000| Untracked 
|  91|0x000000008b300000, 0x000000008b300000, 0x000000008b400000|  0%| F|  |TAMS 0x000000008b300000, 0x000000008b300000| Untracked 
|  92|0x000000008b400000, 0x000000008b400000, 0x000000008b500000|  0%| F|  |TAMS 0x000000008b400000, 0x000000008b400000| Untracked 
|  93|0x000000008b500000, 0x000000008b500000, 0x000000008b600000|  0%| F|  |TAMS 0x000000008b500000, 0x000000008b500000| Untracked 
|  94|0x000000008b600000, 0x000000008b600000, 0x000000008b700000|  0%| F|  |TAMS 0x000000008b600000, 0x000000008b600000| Untracked 
|  95|0x000000008b700000, 0x000000008b700000, 0x000000008b800000|  0%| F|  |TAMS 0x000000008b700000, 0x000000008b700000| Untracked 
|  96|0x000000008b800000, 0x000000008b800000, 0x000000008b900000|  0%| F|  |TAMS 0x000000008b800000, 0x000000008b800000| Untracked 
|  97|0x000000008b900000, 0x000000008b900000, 0x000000008ba00000|  0%| F|  |TAMS 0x000000008b900000, 0x000000008b900000| Untracked 
|  98|0x000000008ba00000, 0x000000008ba00000, 0x000000008bb00000|  0%| F|  |TAMS 0x000000008ba00000, 0x000000008ba00000| Untracked 
|  99|0x000000008bb00000, 0x000000008bb00000, 0x000000008bc00000|  0%| F|  |TAMS 0x000000008bb00000, 0x000000008bb00000| Untracked 
| 100|0x000000008bc00000, 0x000000008bc00000, 0x000000008bd00000|  0%| F|  |TAMS 0x000000008bc00000, 0x000000008bc00000| Untracked 
| 101|0x000000008bd00000, 0x000000008bd00000, 0x000000008be00000|  0%| F|  |TAMS 0x000000008bd00000, 0x000000008bd00000| Untracked 
| 102|0x000000008be00000, 0x000000008be00000, 0x000000008bf00000|  0%| F|  |TAMS 0x000000008be00000, 0x000000008be00000| Untracked 
| 103|0x000000008bf00000, 0x000000008bf00000, 0x000000008c000000|  0%| F|  |TAMS 0x000000008bf00000, 0x000000008bf00000| Untracked 
| 104|0x000000008c000000, 0x000000008c000000, 0x000000008c100000|  0%| F|  |TAMS 0x000000008c000000, 0x000000008c000000| Untracked 
| 105|0x000000008c100000, 0x000000008c100000, 0x000000008c200000|  0%| F|  |TAMS 0x000000008c100000, 0x000000008c100000| Untracked 
| 106|0x000000008c200000, 0x000000008c200000, 0x000000008c300000|  0%| F|  |TAMS 0x000000008c200000, 0x000000008c200000| Untracked 
| 107|0x000000008c300000, 0x000000008c300000, 0x000000008c400000|  0%| F|  |TAMS 0x000000008c300000, 0x000000008c300000| Untracked 
| 108|0x000000008c400000, 0x000000008c400000, 0x000000008c500000|  0%| F|  |TAMS 0x000000008c400000, 0x000000008c400000| Untracked 
| 109|0x000000008c500000, 0x000000008c600000, 0x000000008c600000|100%| S|CS|TAMS 0x000000008c500000, 0x000000008c500000| Complete 
| 110|0x000000008c600000, 0x000000008c700000, 0x000000008c700000|100%| S|CS|TAMS 0x000000008c600000, 0x000000008c600000| Complete 
| 111|0x000000008c700000, 0x000000008c700000, 0x000000008c800000|  0%| F|  |TAMS 0x000000008c700000, 0x000000008c700000| Untracked 
| 112|0x000000008c800000, 0x000000008c88bc30, 0x000000008c900000| 54%| E|  |TAMS 0x000000008c800000, 0x000000008c800000| Complete 
| 113|0x000000008c900000, 0x000000008ca00000, 0x000000008ca00000|100%| E|CS|TAMS 0x000000008c900000, 0x000000008c900000| Complete 
| 114|0x000000008ca00000, 0x000000008cb00000, 0x000000008cb00000|100%| E|CS|TAMS 0x000000008ca00000, 0x000000008ca00000| Complete 
| 115|0x000000008cb00000, 0x000000008cc00000, 0x000000008cc00000|100%| E|CS|TAMS 0x000000008cb00000, 0x000000008cb00000| Complete 
| 116|0x000000008cc00000, 0x000000008cd00000, 0x000000008cd00000|100%| E|CS|TAMS 0x000000008cc00000, 0x000000008cc00000| Complete 
| 117|0x000000008cd00000, 0x000000008ce00000, 0x000000008ce00000|100%| E|CS|TAMS 0x000000008cd00000, 0x000000008cd00000| Complete 
| 118|0x000000008ce00000, 0x000000008cf00000, 0x000000008cf00000|100%| E|CS|TAMS 0x000000008ce00000, 0x000000008ce00000| Complete 
| 119|0x000000008cf00000, 0x000000008d000000, 0x000000008d000000|100%| E|CS|TAMS 0x000000008cf00000, 0x000000008cf00000| Complete 
| 120|0x000000008d000000, 0x000000008d100000, 0x000000008d100000|100%| E|CS|TAMS 0x000000008d000000, 0x000000008d000000| Complete 
| 121|0x000000008d100000, 0x000000008d200000, 0x000000008d200000|100%| E|CS|TAMS 0x000000008d100000, 0x000000008d100000| Complete 
| 122|0x000000008d200000, 0x000000008d300000, 0x000000008d300000|100%| E|CS|TAMS 0x000000008d200000, 0x000000008d200000| Complete 
| 123|0x000000008d300000, 0x000000008d400000, 0x000000008d400000|100%| E|CS|TAMS 0x000000008d300000, 0x000000008d300000| Complete 

Card table byte_map: [0x000001cfffbf0000,0x000001cffffd0000] _byte_map_base: 0x000001cfff7c4000

Marking Bits (Prev, Next): (CMBitMap*) 0x000001cfe739ef30, (CMBitMap*) 0x000001cfe739ef70
 Prev Bits: [0x000001cf803e0000, 0x000001cf82280000)
 Next Bits: [0x000001cf82280000, 0x000001cf84120000)

Polling page: 0x000001cfe6f00000

Metaspace:

Usage:
  Non-class:      4.72 MB used.
      Class:    663.07 KB used.
       Both:      5.37 MB used.

Virtual space:
  Non-class space:       64.00 MB reserved,       4.75 MB (  7%) committed,  1 nodes.
      Class space:        1.00 GB reserved,     768.00 KB ( <1%) committed,  1 nodes.
             Both:        1.06 GB reserved,       5.50 MB ( <1%) committed. 

Chunk freelists:
   Non-Class:  9.17 MB
       Class:  15.28 MB
        Both:  24.45 MB

MaxMetaspaceSize: unlimited
CompressedClassSpaceSize: 1.00 GB
Initial GC threshold: 21.00 MB
Current GC threshold: 21.00 MB
CDS: on
MetaspaceReclaimPolicy: balanced
 - commit_granule_bytes: 65536.
 - commit_granule_words: 8192.
 - virtual_space_node_default_size: 8388608.
 - enlarge_chunks_in_place: 1.
 - new_chunks_are_fully_committed: 0.
 - uncommit_free_chunks: 1.
 - use_allocation_guard: 0.
 - handle_deallocations: 1.


Internal statistics:

num_allocs_failed_limit: 0.
num_arena_births: 50.
num_arena_deaths: 0.
num_vsnodes_births: 2.
num_vsnodes_deaths: 0.
num_space_committed: 88.
num_space_uncommitted: 0.
num_chunks_returned_to_freelist: 0.
num_chunks_taken_from_freelist: 218.
num_chunk_merges: 0.
num_chunk_splits: 136.
num_chunks_enlarged: 109.
num_inconsistent_stats: 0.

CodeHeap 'non-profiled nmethods': size=120000Kb used=334Kb max_used=334Kb free=119666Kb
 bounds [0x000001cff7cc0000, 0x000001cff7f30000, 0x000001cfff1f0000]
CodeHeap 'profiled nmethods': size=120000Kb used=2179Kb max_used=2179Kb free=117821Kb
 bounds [0x000001cff01f0000, 0x000001cff0460000, 0x000001cff7720000]
CodeHeap 'non-nmethods': size=5760Kb used=1147Kb max_used=1169Kb free=4612Kb
 bounds [0x000001cff7720000, 0x000001cff7990000, 0x000001cff7cc0000]
 total_blobs=1512 nmethods=1071 adapters=355
 compilation: enabled
              stopped_count=0, restarted_count=0
 full_count=0

Compilation events (20 events):
Event: 19.639 Thread 0x000001cf8673c980 nmethod 1056 0x000001cff0405490 code [0x000001cff0405700, 0x000001cff0406308]
Event: 19.652 Thread 0x000001cf8673c980 1062       2       jdk.internal.misc.Unsafe::allocateUninitializedArray (55 bytes)
Event: 19.652 Thread 0x000001cf8673c980 nmethod 1062 0x000001cff0406890 code [0x000001cff0406a60, 0x000001cff0406dd8]
Event: 19.656 Thread 0x000001cf8673c980 1063       3       java.util.HashMap::isEmpty (13 bytes)
Event: 19.656 Thread 0x000001cf8673c980 nmethod 1063 0x000001cff0406f90 code [0x000001cff0407120, 0x000001cff0407298]
Event: 19.657 Thread 0x000001cf8673c980 1064       3       org.codehaus.plexus.util.xml.pull.MXParser::isWhitespace (115 bytes)
Event: 19.658 Thread 0x000001cf8673c980 nmethod 1064 0x000001cff0407310 code [0x000001cff0407520, 0x000001cff0407da8]
Event: 19.658 Thread 0x000001cf8673c980 1065       3       org.codehaus.plexus.util.xml.pull.MXParser::ensureElementsCapacity (265 bytes)
Event: 19.660 Thread 0x000001cf8673c980 nmethod 1065 0x000001cff0408010 code [0x000001cff0408280, 0x000001cff0409368]
Event: 19.660 Thread 0x000001cf8673c980 1066       3       org.codehaus.plexus.util.xml.pull.MXParser::nextTag (83 bytes)
Event: 19.662 Thread 0x000001cf8673c980 nmethod 1066 0x000001cff0409690 code [0x000001cff0409920, 0x000001cff040a2e8]
Event: 19.679 Thread 0x000001cfcc477d60 1061   !   4       sun.nio.cs.StreamDecoder::read (196 bytes)
Event: 20.740 Thread 0x000001cf8673c980 1072       3       org.eclipse.sisu.plexus.PlexusXmlScanner::TEXT (10 bytes)
Event: 20.741 Thread 0x000001cf8673c980 nmethod 1072 0x000001cff040a690 code [0x000001cff040a880, 0x000001cff040ac28]
Event: 20.749 Thread 0x000001cf8673c980 1073       3       java.lang.ThreadLocal::get (38 bytes)
Event: 20.750 Thread 0x000001cf8673c980 nmethod 1073 0x000001cff040ae10 code [0x000001cff040afe0, 0x000001cff040b2e8]
Event: 20.752 Thread 0x000001cf8673c980 1074       3       java.lang.StringBuilder::charAt (6 bytes)
Event: 20.753 Thread 0x000001cf8673c980 nmethod 1074 0x000001cff040b410 code [0x000001cff040b5a0, 0x000001cff040b6e8]
Event: 20.753 Thread 0x000001cf8673c980 1075       3       java.lang.AbstractStringBuilder::charAt (36 bytes)
Event: 20.755 Thread 0x000001cf8673c980 nmethod 1075 0x000001cff040b790 code [0x000001cff040b980, 0x000001cff040bdb8]

GC Heap History (2 events):
Event: 17.657 GC heap before
{Heap before GC invocations=0 (full 0):
 garbage-first heap   total 126976K, used 13312K [0x0000000085800000, 0x0000000100000000)
  region size 1024K, 13 young (13312K), 0 survivors (0K)
 Metaspace       used 3516K, committed 3712K, reserved 1114112K
  class space    used 369K, committed 448K, reserved 1048576K
}
Event: 17.704 GC heap after
{Heap after GC invocations=1 (full 0):
 garbage-first heap   total 126976K, used 3188K [0x0000000085800000, 0x0000000100000000)
  region size 1024K, 2 young (2048K), 2 survivors (2048K)
 Metaspace       used 3516K, committed 3712K, reserved 1114112K
  class space    used 369K, committed 448K, reserved 1048576K
}

Deoptimization events (20 events):
Event: 19.569 Thread 0x000001cfe7342fe0 Uncommon trap: trap_request=0xffffffde fr.pc=0x000001cff7d0e0ac relative=0x000000000000010c
Event: 19.569 Thread 0x000001cfe7342fe0 Uncommon trap: reason=class_check action=maybe_recompile pc=0x000001cff7d0e0ac method=jdk.internal.misc.Unsafe.allocateUninitializedArray(Ljava/lang/Class;I)Ljava/lang/Object; @ 51 c2
Event: 19.569 Thread 0x000001cfe7342fe0 DEOPT PACKING pc=0x000001cff7d0e0ac sp=0x000000022a7fd370
Event: 19.569 Thread 0x000001cfe7342fe0 DEOPT UNPACKING pc=0x000001cff777239d sp=0x000000022a7fd2f8 mode 2
Event: 19.570 Thread 0x000001cfe7342fe0 Uncommon trap: trap_request=0xffffffde fr.pc=0x000001cff7d0e0ac relative=0x000000000000010c
Event: 19.570 Thread 0x000001cfe7342fe0 Uncommon trap: reason=class_check action=maybe_recompile pc=0x000001cff7d0e0ac method=jdk.internal.misc.Unsafe.allocateUninitializedArray(Ljava/lang/Class;I)Ljava/lang/Object; @ 51 c2
Event: 19.570 Thread 0x000001cfe7342fe0 DEOPT PACKING pc=0x000001cff7d0e0ac sp=0x000000022a7fd340
Event: 19.570 Thread 0x000001cfe7342fe0 DEOPT UNPACKING pc=0x000001cff777239d sp=0x000000022a7fd2c8 mode 2
Event: 19.570 Thread 0x000001cfe7342fe0 Uncommon trap: trap_request=0xffffffde fr.pc=0x000001cff7d0e0ac relative=0x000000000000010c
Event: 19.570 Thread 0x000001cfe7342fe0 Uncommon trap: reason=class_check action=maybe_recompile pc=0x000001cff7d0e0ac method=jdk.internal.misc.Unsafe.allocateUninitializedArray(Ljava/lang/Class;I)Ljava/lang/Object; @ 51 c2
Event: 19.570 Thread 0x000001cfe7342fe0 DEOPT PACKING pc=0x000001cff7d0e0ac sp=0x000000022a7fd3e0
Event: 19.570 Thread 0x000001cfe7342fe0 DEOPT UNPACKING pc=0x000001cff777239d sp=0x000000022a7fd368 mode 2
Event: 19.591 Thread 0x000001cfe7342fe0 Uncommon trap: trap_request=0xffffffde fr.pc=0x000001cff7d06ab4 relative=0x0000000000001174
Event: 19.591 Thread 0x000001cfe7342fe0 Uncommon trap: reason=class_check action=maybe_recompile pc=0x000001cff7d06ab4 method=java.util.HashMap.putVal(ILjava/lang/Object;Ljava/lang/Object;ZZ)Ljava/lang/Object; @ 91 c2
Event: 19.591 Thread 0x000001cfe7342fe0 DEOPT PACKING pc=0x000001cff7d06ab4 sp=0x000000022a7fdf10
Event: 19.591 Thread 0x000001cfe7342fe0 DEOPT UNPACKING pc=0x000001cff777239d sp=0x000000022a7fdec0 mode 2
Event: 19.634 Thread 0x000001cfe7342fe0 Uncommon trap: trap_request=0xffffff45 fr.pc=0x000001cff7d0fe60 relative=0x0000000000001660
Event: 19.634 Thread 0x000001cfe7342fe0 Uncommon trap: reason=unstable_if action=reinterpret pc=0x000001cff7d0fe60 method=java.nio.charset.CoderResult.isOverflow()Z @ 5 c2
Event: 19.635 Thread 0x000001cfe7342fe0 DEOPT PACKING pc=0x000001cff7d0fe60 sp=0x000000022a7fdaa0
Event: 19.635 Thread 0x000001cfe7342fe0 DEOPT UNPACKING pc=0x000001cff777239d sp=0x000000022a7fd7c0 mode 2

Classes unloaded (0 events):
No events

Classes redefined (0 events):
No events

Internal exceptions (20 events):
Event: 5.457 Thread 0x000001cfe7342fe0 Exception <a 'java/lang/NullPointerException'{0x000000008cf8cdd8}> (0x000000008cf8cdd8) 
thrown [s\open\src\hotspot\share\interpreter\linkResolver.cpp, line 1350]
Event: 5.457 Thread 0x000001cfe7342fe0 Exception <a 'java/lang/NullPointerException'{0x000000008cf8d0b0}> (0x000000008cf8d0b0) 
thrown [s\open\src\hotspot\share\interpreter\linkResolver.cpp, line 1350]
Event: 5.457 Thread 0x000001cfe7342fe0 Exception <a 'java/lang/NullPointerException'{0x000000008cf8d388}> (0x000000008cf8d388) 
thrown [s\open\src\hotspot\share\interpreter\linkResolver.cpp, line 1350]
Event: 5.463 Thread 0x000001cfe7342fe0 Exception <a 'java/lang/NullPointerException'{0x000000008cf94148}> (0x000000008cf94148) 
thrown [s\open\src\hotspot\share\interpreter\linkResolver.cpp, line 1350]
Event: 5.600 Thread 0x000001cfe7342fe0 Exception <a 'java/lang/NullPointerException'{0x000000008cfaaf50}> (0x000000008cfaaf50) 
thrown [s\open\src\hotspot\share\interpreter\linkResolver.cpp, line 1350]
Event: 5.600 Thread 0x000001cfe7342fe0 Exception <a 'java/lang/NullPointerException'{0x000000008cfab228}> (0x000000008cfab228) 
thrown [s\open\src\hotspot\share\interpreter\linkResolver.cpp, line 1350]
Event: 5.600 Thread 0x000001cfe7342fe0 Exception <a 'java/lang/NullPointerException'{0x000000008cfab500}> (0x000000008cfab500) 
thrown [s\open\src\hotspot\share\interpreter\linkResolver.cpp, line 1350]
Event: 5.600 Thread 0x000001cfe7342fe0 Exception <a 'java/lang/NullPointerException'{0x000000008cfab7d8}> (0x000000008cfab7d8) 
thrown [s\open\src\hotspot\share\interpreter\linkResolver.cpp, line 1350]
Event: 5.822 Thread 0x000001cfe7342fe0 Exception <a 'java/lang/NoSuchMethodError'{0x000000008ce21a58}: 'void java.lang.invoke.DirectMethodHandle$Holder.invokeVirtual(java.lang.Object, java.lang.Object)'> (0x000000008ce21a58) 
thrown [s\open\src\hotspot\share\interpreter\linkResolver.cpp, line 759]
Event: 5.841 Thread 0x000001cfe7342fe0 Exception <a 'java/lang/NoSuchMethodError'{0x000000008ce3ee20}: 'void java.lang.invoke.DirectMethodHandle$Holder.invokeStatic(java.lang.Object, java.lang.Object)'> (0x000000008ce3ee20) 
thrown [s\open\src\hotspot\share\interpreter\linkResolver.cpp, line 759]
Event: 5.845 Thread 0x000001cfe7342fe0 Exception <a 'java/lang/NoSuchMethodError'{0x000000008ce42420}: 'void java.lang.invoke.DirectMethodHandle$Holder.invokeStaticInit(java.lang.Object, java.lang.Object)'> (0x000000008ce42420) 
thrown [s\open\src\hotspot\share\interpreter\linkResolver.cpp, line 759]
Event: 6.029 Thread 0x000001cfe7342fe0 Exception <a 'java/lang/NoSuchMethodError'{0x000000008ce8e798}: 'void java.lang.invoke.DirectMethodHandle$Holder.invokeStatic(java.lang.Object, java.lang.Object, java.lang.Object)'> (0x000000008ce8e798) 
thrown [s\open\src\hotspot\share\interpreter\linkResolver.cpp, line 759]
Event: 15.739 Thread 0x000001cfe7342fe0 Exception <a 'java/lang/NoSuchMethodError'{0x000000008cc6b0e0}: 'java.lang.Object java.lang.invoke.DirectMethodHandle$Holder.invokeSpecialIFC(java.lang.Object, java.lang.Object, java.lang.Object, java.lang.Object)'> (0x000000008cc6b0e0) 
thrown [s\open\src\hotspot\share\interpreter\linkResolver.cpp, line 759]
Event: 17.790 Thread 0x000001cfe7342fe0 Exception <a 'java/lang/NoSuchMethodError'{0x000000008d3505b0}: 'void java.lang.invoke.DirectMethodHandle$Holder.invokeSpecial(java.lang.Object, java.lang.Object, java.lang.Object)'> (0x000000008d3505b0) 
thrown [s\open\src\hotspot\share\interpreter\linkResolver.cpp, line 759]
Event: 18.070 Thread 0x000001cfe7342fe0 Exception <a 'java/lang/NoSuchMethodError'{0x000000008d2d8128}: 'java.lang.Object java.lang.invoke.DirectMethodHandle$Holder.invokeInterface(java.lang.Object, java.lang.Object)'> (0x000000008d2d8128) 
thrown [s\open\src\hotspot\share\interpreter\linkResolver.cpp, line 759]
Event: 18.250 Thread 0x000001cfe7342fe0 Exception <a 'java/lang/NoSuchMethodError'{0x000000008d186388}: 'java.lang.Object java.lang.invoke.Invokers$Holder.invokeExact_MT(java.lang.Object, java.lang.Object, java.lang.Object, java.lang.Object, java.lang.Object, java.lang.Object)'> (0x000000008d186388) 
thrown [s\open\src\hotspot\share\interpreter\linkResolver.cpp, line 759]
Event: 18.266 Thread 0x000001cfe7342fe0 Exception <a 'java/lang/NoSuchMethodError'{0x000000008d197b20}: 'int java.lang.invoke.DirectMethodHandle$Holder.invokeSpecialIFC(java.lang.Object, java.lang.Object, java.lang.Object, java.lang.Object, java.lang.Object)'> (0x000000008d197b20) 
thrown [s\open\src\hotspot\share\interpreter\linkResolver.cpp, line 759]
Event: 18.767 Thread 0x000001cfe7342fe0 Exception <a 'java/lang/NoSuchMethodError'{0x000000008cf903e8}: 'java.lang.Object java.lang.invoke.DirectMethodHandle$Holder.newInvokeSpecial(java.lang.Object, java.lang.Object, java.lang.Object, java.lang.Object, java.lang.Object)'> (0x000000008cf903e8) 
thrown [s\open\src\hotspot\share\interpreter\linkResolver.cpp, line 759]
Event: 19.095 Thread 0x000001cfe7342fe0 Exception <a 'java/lang/NoSuchMethodError'{0x000000008ceb4d58}: 'int java.lang.invoke.DirectMethodHandle$Holder.invokeStaticInit(java.lang.Object, java.lang.Object)'> (0x000000008ceb4d58) 
thrown [s\open\src\hotspot\share\interpreter\linkResolver.cpp, line 759]
Event: 19.226 Thread 0x000001cfe7342fe0 Exception <a 'java/lang/NoClassDefFoundError'{0x000000008ceeeea8}: javax/enterprise/inject/Typed> (0x000000008ceeeea8) 
thrown [s\open\src\hotspot\share\classfile\systemDictionary.cpp, line 245]

VM Operations (20 events):
Event: 6.072 Executing VM operation: HandshakeAllThreads
Event: 12.788 Executing VM operation: HandshakeAllThreads done
Event: 12.788 Executing VM operation: Cleanup
Event: 12.788 Executing VM operation: Cleanup done
Event: 13.791 Executing VM operation: Cleanup
Event: 13.792 Executing VM operation: Cleanup done
Event: 15.809 Executing VM operation: Cleanup
Event: 15.809 Executing VM operation: Cleanup done
Event: 15.993 Executing VM operation: HandshakeAllThreads
Event: 15.993 Executing VM operation: HandshakeAllThreads done
Event: 17.005 Executing VM operation: Cleanup
Event: 17.005 Executing VM operation: Cleanup done
Event: 17.655 Executing VM operation: G1CollectForAllocation
Event: 17.705 Executing VM operation: G1CollectForAllocation done
Event: 18.717 Executing VM operation: Cleanup
Event: 18.733 Executing VM operation: Cleanup done
Event: 19.740 Executing VM operation: Cleanup
Event: 19.740 Executing VM operation: Cleanup done
Event: 20.755 Executing VM operation: Cleanup
Event: 20.771 Executing VM operation: Cleanup done

Events (20 events):
Event: 18.764 loading class java/lang/annotation/Documented done
Event: 18.830 Thread 0x000001cfcc266d90 Thread added: 0x000001cfcc266d90
Event: 18.904 loading class java/util/concurrent/TimeoutException
Event: 18.904 loading class java/util/concurrent/TimeoutException done
Event: 18.905 loading class java/util/concurrent/CancellationException
Event: 18.905 loading class java/util/concurrent/CancellationException done
Event: 18.971 loading class java/lang/reflect/ParameterizedType
Event: 18.972 loading class java/lang/reflect/ParameterizedType done
Event: 18.984 loading class java/lang/reflect/TypeVariable
Event: 18.985 loading class java/lang/reflect/TypeVariable done
Event: 18.986 Thread 0x000001cfcc266d90 Thread exited: 0x000001cfcc266d90
Event: 18.986 loading class java/lang/reflect/WildcardType
Event: 18.986 loading class java/lang/reflect/WildcardType done
Event: 18.997 loading class sun/reflect/generics/tree/TypeVariableSignature
Event: 18.998 loading class sun/reflect/generics/tree/TypeVariableSignature done
Event: 19.225 loading class java/lang/annotation/IncompleteAnnotationException
Event: 19.225 loading class java/lang/annotation/IncompleteAnnotationException done
Event: 19.653 Thread 0x000001cfcc477d60 Thread added: 0x000001cfcc477d60
Event: 20.716 loading class jdk/internal/access/foreign/MemorySegmentProxy
Event: 20.718 loading class jdk/internal/access/foreign/MemorySegmentProxy done


Dynamic libraries:
0x00007ff733c50000 - 0x00007ff733c60000 	C:\Program Files\Java\jdk-17\bin\java.exe
0x00007ffbfbce0000 - 0x00007ffbfbf46000 	C:\WINDOWS\SYSTEM32\ntdll.dll
0x00007ffbfabc0000 - 0x00007ffbfac89000 	C:\WINDOWS\System32\KERNEL32.DLL
0x00007ffbf92c0000 - 0x00007ffbf96ba000 	C:\WINDOWS\System32\KERNELBASE.dll
0x00007ffbf9780000 - 0x00007ffbf98cc000 	C:\WINDOWS\System32\ucrtbase.dll
0x00007ffbd2660000 - 0x00007ffbd2679000 	C:\Program Files\Java\jdk-17\bin\jli.dll
0x00007ffbf9d50000 - 0x00007ffbf9e06000 	C:\WINDOWS\System32\ADVAPI32.dll
0x00007ffbf9a50000 - 0x00007ffbf9af9000 	C:\WINDOWS\System32\msvcrt.dll
0x00007ffbfaa10000 - 0x00007ffbfaaba000 	C:\WINDOWS\System32\sechost.dll
0x00007ffbfb520000 - 0x00007ffbfb638000 	C:\WINDOWS\System32\RPCRT4.dll
0x00007ffbf9e10000 - 0x00007ffbf9fd7000 	C:\WINDOWS\System32\USER32.dll
0x00007ffbf9290000 - 0x00007ffbf92b7000 	C:\WINDOWS\System32\win32u.dll
0x00007ffbf9c90000 - 0x00007ffbf9cbb000 	C:\WINDOWS\System32\GDI32.dll
0x00007ffbf9160000 - 0x00007ffbf928b000 	C:\WINDOWS\System32\gdi32full.dll
0x00007ffbf9020000 - 0x00007ffbf90c3000 	C:\WINDOWS\System32\msvcp_win.dll
0x00007ffbd04c0000 - 0x00007ffbd04db000 	C:\Program Files\Java\jdk-17\bin\VCRUNTIME140.dll
0x00007ffbf8170000 - 0x00007ffbf8402000 	C:\WINDOWS\WinSxS\amd64_microsoft.windows.common-controls_6595b64144ccf1df_6.0.26100.8521_none_3e08b75ce33403b3\COMCTL32.dll
0x00007ffbe6800000 - 0x00007ffbe680b000 	C:\WINDOWS\SYSTEM32\VERSION.dll
0x00007ffbfba00000 - 0x00007ffbfba32000 	C:\WINDOWS\System32\IMM32.DLL
0x00007ffbe5120000 - 0x00007ffbe512c000 	C:\Program Files\Java\jdk-17\bin\vcruntime140_1.dll
0x00007ffb9b730000 - 0x00007ffb9b7be000 	C:\Program Files\Java\jdk-17\bin\msvcp140.dll
0x00007ffb58b80000 - 0x00007ffb59760000 	C:\Program Files\Java\jdk-17\bin\server\jvm.dll
0x00007ffbfb7e0000 - 0x00007ffbfb7e8000 	C:\WINDOWS\System32\PSAPI.DLL
0x00007ffbd7eb0000 - 0x00007ffbd7eba000 	C:\WINDOWS\SYSTEM32\WSOCK32.dll
0x00007ffbfb420000 - 0x00007ffbfb4a0000 	C:\WINDOWS\System32\WS2_32.dll
0x00007ffbde100000 - 0x00007ffbde136000 	C:\WINDOWS\SYSTEM32\WINMM.dll
0x00007ffbf7390000 - 0x00007ffbf73ab000 	C:\WINDOWS\SYSTEM32\kernel.appcore.dll
0x00007ffbdb350000 - 0x00007ffbdb35a000 	C:\Program Files\Java\jdk-17\bin\jimage.dll
0x00007ffbf8720000 - 0x00007ffbf8962000 	C:\WINDOWS\SYSTEM32\DBGHELP.DLL
0x00007ffbfa670000 - 0x00007ffbfa9f3000 	C:\WINDOWS\System32\combase.dll
0x00007ffbfa540000 - 0x00007ffbfa619000 	C:\WINDOWS\System32\OLEAUT32.dll
0x00007ffbf8610000 - 0x00007ffbf864b000 	C:\WINDOWS\SYSTEM32\dbgcore.DLL
0x00007ffbf8f70000 - 0x00007ffbf9018000 	C:\WINDOWS\System32\bcryptPrimitives.dll
0x00007ffba7720000 - 0x00007ffba7745000 	C:\Program Files\Java\jdk-17\bin\java.dll
0x00007ffb9b650000 - 0x00007ffb9b727000 	C:\Program Files\Java\jdk-17\bin\jsvml.dll
0x00007ffbfac90000 - 0x00007ffbfb414000 	C:\WINDOWS\System32\SHELL32.dll
0x00007ffbf6220000 - 0x00007ffbf6aa0000 	C:\WINDOWS\SYSTEM32\windows.storage.dll
0x00007ffbf9b00000 - 0x00007ffbf9bf6000 	C:\WINDOWS\System32\SHCORE.dll
0x00007ffbfb4b0000 - 0x00007ffbfb517000 	C:\WINDOWS\System32\shlwapi.dll
0x00007ffbf8e90000 - 0x00007ffbf8eb9000 	C:\WINDOWS\SYSTEM32\profapi.dll
0x00007ffbd0440000 - 0x00007ffbd0459000 	C:\Program Files\Java\jdk-17\bin\net.dll
0x00007ffbeb3e0000 - 0x00007ffbeb509000 	C:\WINDOWS\SYSTEM32\WINHTTP.dll
0x00007ffbf78a0000 - 0x00007ffbf790c000 	C:\WINDOWS\system32\mswsock.dll
0x00007ffbd0370000 - 0x00007ffbd0386000 	C:\Program Files\Java\jdk-17\bin\nio.dll
0x00007ffbcbc00000 - 0x00007ffbcbc18000 	C:\Program Files\Java\jdk-17\bin\zip.dll
0x00007ffba6010000 - 0x00007ffba6034000 	C:\ProgramData\chocolatey\lib\maven\apache-maven-3.9.12\lib\jansi-native\Windows\x86_64\jansi.dll
0x00007ffbcbb40000 - 0x00007ffbcbb50000 	C:\Program Files\Java\jdk-17\bin\verify.dll

dbghelp: loaded successfully - version: 4.0.5 - missing functions: none
symbol engine: initialized successfully - sym options: 0x614 - pdb path: .;C:\Program Files\Java\jdk-17\bin;C:\WINDOWS\SYSTEM32;C:\WINDOWS\WinSxS\amd64_microsoft.windows.common-controls_6595b64144ccf1df_6.0.26100.8521_none_3e08b75ce33403b3;C:\Program Files\Java\jdk-17\bin\server;C:\ProgramData\chocolatey\lib\maven\apache-maven-3.9.12\lib\jansi-native\Windows\x86_64

VM Arguments:
jvm_args: --enable-native-access=ALL-UNNAMED -Dclassworlds.conf=C:\ProgramData\chocolatey\lib\maven\apache-maven-3.9.12\bin\m2.conf -Dmaven.home=C:\ProgramData\chocolatey\lib\maven\apache-maven-3.9.12 -Dlibrary.jansi.path=C:\ProgramData\chocolatey\lib\maven\apache-maven-3.9.12\lib\jansi-native -Dmaven.multiModuleProjectDirectory=C:\Users\Sniffer\Documents\alimentation-payement-back-front\alimentation-boutique-back\boutique 
java_command: org.codehaus.plexus.classworlds.launcher.Launcher clean package
java_class_path (initial): C:\ProgramData\chocolatey\lib\maven\apache-maven-3.9.12\boot\plexus-classworlds-2.9.0.jar
Launcher Type: SUN_STANDARD

[Global flags]
     intx CICompilerCount                          = 3                                         {product} {ergonomic}
     uint ConcGCThreads                            = 1                                         {product} {ergonomic}
     uint G1ConcRefinementThreads                  = 4                                         {product} {ergonomic}
   size_t G1HeapRegionSize                         = 1048576                                   {product} {ergonomic}
    uintx GCDrainStackTargetSize                   = 64                                        {product} {ergonomic}
   size_t InitialHeapSize                          = 130023424                                 {product} {ergonomic}
   size_t MarkStackSize                            = 4194304                                   {product} {ergonomic}
   size_t MaxHeapSize                              = 2055208960                                {product} {ergonomic}
   size_t MaxNewSize                               = 1233125376                                {product} {ergonomic}
   size_t MinHeapDeltaBytes                        = 1048576                                   {product} {ergonomic}
   size_t MinHeapSize                              = 8388608                                   {product} {ergonomic}
    uintx NonNMethodCodeHeapSize                   = 5832780                                {pd product} {ergonomic}
    uintx NonProfiledCodeHeapSize                  = 122912730                              {pd product} {ergonomic}
    uintx ProfiledCodeHeapSize                     = 122912730                              {pd product} {ergonomic}
    uintx ReservedCodeCacheSize                    = 251658240                              {pd product} {ergonomic}
     bool SegmentedCodeCache                       = true                                      {product} {ergonomic}
   size_t SoftMaxHeapSize                          = 2055208960                             {manageable} {ergonomic}
     bool UseCompressedClassPointers               = true                           {product lp64_product} {ergonomic}
     bool UseCompressedOops                        = true                           {product lp64_product} {ergonomic}
     bool UseG1GC                                  = true                                      {product} {ergonomic}
     bool UseLargePagesIndividualAllocation        = false                                  {pd product} {ergonomic}

Logging:
Log output configuration:
 #0: stdout all=warning uptime,level,tags
 #1: stderr all=off uptime,level,tags

Environment Variables:
PATH=C:\wamp64\bin\php\php8.2.26;C:\wamp64\bin\php\php8.4.0;C:\laragon\bin\php\php8.4.0\php.exe;C:\laragon\bin\php\php8.3.1\php.exe;C:\laragon\bin\php\php-8.2.1\php.exe;C:\Python314\Scripts\;C:\Python314\;C:\Program Files\Common Files\Oracle\Java\javapath;C:\WINDOWS\system32;C:\WINDOWS;C:\WINDOWS\System32\Wbem;C:\WINDOWS\System32\WindowsPowerShell\v1.0\;C:\WINDOWS\System32\OpenSSH\;C:\ProgramData\chocolatey\bin;C:\ProgramData\chocolatey\lib\maven\apache-maven-3.9.12\bin;C:\Program Files\nodejs\;C:\Program Files\cursor\resources\app\bin;C:\laragon\bin\php\php-8.1.10-Win32-vs16-x64;C:\composer;C:\laragon\bin\php\php-8.1.10-Win32-vs16-x64\php.exe;C:\Program Files\Git\cmd;C:\laragon\bin;C:\laragon\bin\apache\httpd-2.4.54-win64-VS16\bin;C:\laragon\bin\composer;C:\laragon\bin\git\bin;C:\laragon\bin\git\cmd;C:\laragon\bin\git\mingw64\bin;C:\laragon\bin\git\usr\bin;C:\laragon\bin\laragon\utils;C:\laragon\bin\mysql\mysql-8.0.30-winx64\bin;C:\laragon\bin\nginx\nginx-1.22.0;C:\laragon\bin\ngrok;C:\laragon\bin\nodejs\node-v18;C:\laragon\bin\notepad++;C:\laragon\bin\php\php-8.1.10-Win32-vs16-x64;C:\laragon\bin\python\python-3.10;C:\laragon\bin\python\python-3.10\Scripts;C:\laragon\bin\redis\redis-x64-5.0.14.1;C:\laragon\bin\telnet;C:\laragon\usr\bin;C:\Users\Sniffer\AppData\Local\Yarn\config\global\node_modules\.bin;C:\Users\Sniffer\AppData\Roaming\Composer\vendor\bin;C:\Users\Sniffer\AppData\Roaming\npm;C:\Users\Sniffer\scoop\shims;C:\Users\Sniffer\AppData\Local\Microsoft\WindowsApps;C:\Program Files\JetBrains\IntelliJ IDEA Community Edition 2024.2.3\bin;C:\Users\Sniffer\AppData\Local\Programs\Microsoft VS Code\bin;C:\Users\Sniffer\AppData\Local\GitHubDesktop\bin;C:\Users\Sniffer\AppData\Local\PowerToys\DSCModules\;C:\Users\Sniffer\AppData\Local\Programs\cursor\resources\app\bin;C:\tools\dart-sdk\bin;C:\Users\Sniffer\AppData\Local\Pub\Cache\bin;C:\flutter-tool\dart-sdk;C:\Users\Sniffer\AppData\Local\Microsoft\WindowsApps;C:\Users\Sniffer\.local\bin;C:\Users\Sniffer\AppData\Local\P
USERNAME=Sniffer
OS=Windows_NT
PROCESSOR_IDENTIFIER=Intel64 Family 6 Model 122 Stepping 8, GenuineIntel



---------------  S Y S T E M  ---------------

OS:
 Windows 11 , 64 bit Build 26100 (10.0.26100.8521)
OS uptime: 8 days 10:12 hours
Hyper-V role detected

CPU: total 4 (initial active 4) (4 cores per cpu, 1 threads per core) family 6 model 122 stepping 8 microcode 0x22, cx8, cmov, fxsr, mmx, 3dnowpref, sse, sse2, sse3, ssse3, sse4.1, sse4.2, popcnt, tsc, tscinvbit, aes, erms, clmul, sha, clflush, clflushopt, hv

Memory: 4k page, system-wide physical 7839M (440M free)
TotalPageFile size 31391M (AvailPageFile size 0M)
current process WorkingSet (physical memory assigned to process): 70M, peak: 70M
current process commit charge ("private bytes"): 214M, peak: 214M

vm_info: Java HotSpot(TM) 64-Bit Server VM (17.0.12+8-LTS-286) for windows-amd64 JRE (17.0.12+8-LTS-286), built on Jun  5 2024 06:46:59 by "mach5one" with MS VC++ 17.6 (VS2022)

END.
