#
# There is insufficient memory for the Java Runtime Environment to continue.
# Native memory allocation (malloc) failed to allocate 1333456 bytes. Error detail: Chunk::new
# Possible reasons:
#   The system is out of physical RAM or swap space
#   This process is running with CompressedOops enabled, and the Java Heap may be blocking the growth of the native heap
# Possible solutions:
#   Reduce memory load on the system
#   Increase physical memory or swap space
#   Check if swap backing store is full
#   Decrease Java heap size (-Xmx/-Xms)
#   Decrease number of Java threads
#   Decrease Java thread stack sizes (-Xss)
#   Set larger code cache with -XX:ReservedCodeCacheSize=
#   JVM is running with Unscaled Compressed Oops mode in which the Java heap is
#     placed in the first 4GB address space. The Java Heap base address is the
#     maximum limit for the native heap growth. Please use -XX:HeapBaseMinAddress
#     to set the Java Heap base and to place the Java Heap above 4GB virtual address.
# This output file may be truncated or incomplete.
#
#  Out of Memory Error (arena.cpp:191), pid=45348, tid=37384
#
# JRE version: OpenJDK Runtime Environment Microsoft-13877129 (17.0.19+10) (build 17.0.19+10-LTS)
# Java VM: OpenJDK 64-Bit Server VM Microsoft-13877129 (17.0.19+10-LTS, mixed mode, sharing, tiered, compressed oops, compressed class ptrs, g1 gc, windows-amd64)
# No core dump will be written. Minidumps are not enabled by default on client versions of Windows
#

---------------  S U M M A R Y ------------

Command Line: -javaagent:C:\Program Files\JetBrains\IntelliJ IDEA Community Edition 2024.2.3\lib\idea_rt.jar=62891:C:\Program Files\JetBrains\IntelliJ IDEA Community Edition 2024.2.3\bin -Dfile.encoding=UTF-8 com.ges.boutique.BoutiqueApplication

Host: Intel(R) Celeron(R) N4120 CPU @ 1.10GHz, 4 cores, 7G,  Windows 11 , 64 bit Build 26100 (10.0.26100.8328)
Time: Wed Jun  3 13:47:30 2026 Paris, Madrid (heure duild 26100 (10.0.26100.8328) elapsed time: 5556.759678 seconds (0d 1h 32m 36s)

---------------  T H R E A D  ---------------

Current thread (0x0000023cff275d40):  JavaThread "C2 CompilerThread0" daemon [_thread_in_native, id=37384, stack(0x0000004f7f700000,0x0000004f7f800000)]


Current CompileTask:
C2:5556760 16434   !   4       com.fasterxml.jackson.databind.ser.std.MapSerializer::serializeFields (199 bytes)

Stack: [0x0000004f7f700000,0x0000004f7f800000]
Native frames: (J=compiled Java code, j=interpreted, Vv=VM code, C=native code)
V  [jvm.dll+0x68cc89]  (no source info available)
V  [jvm.dll+0x845d89]  (no source info available)
V  [jvm.dll+0x847af8]  (no source info available)
V  [jvm.dll+0x848183]  (no source info available)
V  [jvm.dll+0x24d0bf]  (no source info available)
V  [jvm.dll+0xaed56]  (no source info available)
V  [jvm.dll+0xaf3fc]  (no source info available)
V  [jvm.dll+0x37186f]  (no source info available)
V  [jvm.dll+0x33baf5]  (no source info available)
V  [jvm.dll+0x33af5a]  (no source info available)
V  [jvm.dll+0x21dfc9]  (no source info available)
V  [jvm.dll+0x21d412]  (no source info available)
V  [jvm.dll+0x1a8db6]  (no source info available)
V  [jvm.dll+0x22dc6b]  (no source info available)
V  [jvm.dll+0x22bdf6]  (no source info available)
V  [jvm.dll+0x7fbecb]  (no source info available)
V  [jvm.dll+0x7f62cc]  (no source info available)
V  [jvm.dll+0x68e227]  (no source info available)
C  [ucrtbase.dll+0x37b0]  (no source info available)
C  [KERNEL32.DLL+0x2e957]  (no source info available)
C  [ntdll.dll+0x427c]  (no source info available)


---------------  P R O C E S S  ---------------

Threads class SMR info:
_java_thread_list=0x0000023ccc7f8b50, length=38, elements={
0x0000023cff250590, 0x0000023cff251ac0, 0x0000023cff26a180, 0x0000023cff26ab40,
0x0000023cff26b500, 0x0000023cff275050, 0x0000023cff275d40, 0x0000023cff2767f0,
0x0000023cff27c1c0, 0x0000023cff23c660, 0x0000023cc93b0bc0, 0x0000023cc93b10a0,
0x0000023cc9704ae0, 0x0000023ccf202010, 0x0000023cc9ec1820, 0x0000023cc9ec1d30,
0x0000023cc9ec2750, 0x0000023cc9ec2240, 0x0000023cc9ec2c60, 0x0000023cd0a87eb0,
0x0000023cd0a883c0, 0x0000023cd0a86f80, 0x0000023cd0a88de0, 0x0000023cd0a888d0,
0x0000023cd0a87490, 0x0000023cd0a86560, 0x0000023cd0a86a70, 0x0000023cd0a89800,
0x0000023cd0a86050, 0x0000023cd0a89d10, 0x0000023cd0a8a220, 0x0000023cd0a8a730,
0x0000023cd0a8b150, 0x0000023cd0a879a0, 0x0000023cccc05500, 0x0000023cccc02770,
0x0000023cccc03bb0, 0x0000023cccc045d0
}

Java Threads: ( => current thread )
  0x0000023cff250590 JavaThread "Reference Handler" daemon [_thread_blocked, id=44240, stack(0x0000004f7f100000,0x0000004f7f200000)]
  0x0000023cff251ac0 JavaThread "Finalizer" daemon [_thread_blocked, id=25284, stack(0x0000004f7f200000,0x0000004f7f300000)]
  0x0000023cff26a180 JavaThread "Signal Dispatcher" daemon [_thread_blocked, id=29920, stack(0x0000004f7f300000,0x0000004f7f400000)]
  0x0000023cff26ab40 JavaThread "Attach Listener" daemon [_thread_blocked, id=38292, stack(0x0000004f7f400000,0x0000004f7f500000)]
  0x0000023cff26b500 JavaThread "Service Thread" daemon [_thread_blocked, id=16596, stack(0x0000004f7f500000,0x0000004f7f600000)]
  0x0000023cff275050 JavaThread "Monitor Deflation Thread" daemon [_thread_blocked, id=25916, stack(0x0000004f7f600000,0x0000004f7f700000)]
=>0x0000023cff275d40 JavaThread "C2 CompilerThread0" daemon [_thread_in_native, id=37384, stack(0x0000004f7f700000,0x0000004f7f800000)]
  0x0000023cff2767f0 JavaThread "C1 CompilerThread0" daemon [_thread_blocked, id=27196, stack(0x0000004f7f800000,0x0000004f7f900000)]
  0x0000023cff27c1c0 JavaThread "Sweeper thread" daemon [_thread_blocked, id=41100, stack(0x0000004f7f900000,0x0000004f7fa00000)]
  0x0000023cff23c660 JavaThread "Common-Cleaner" daemon [_thread_blocked, id=27652, stack(0x0000004f7fa00000,0x0000004f7fb00000)]
  0x0000023cc93b0bc0 JavaThread "Monitor Ctrl-Break" daemon [_thread_in_native, id=27728, stack(0x0000004f7fb00000,0x0000004f7fc00000)]
  0x0000023cc93b10a0 JavaThread "Notification Thread" daemon [_thread_blocked, id=34772, stack(0x0000004f7fc00000,0x0000004f7fd00000)]
  0x0000023cc9704ae0 JavaThread "mysql-cj-abandoned-connection-cleanup" daemon [_thread_blocked, id=13996, stack(0x0000004f00400000,0x0000004f00500000)]
  0x0000023ccf202010 JavaThread "HikariPool-1 housekeeper" daemon [_thread_blocked, id=14828, stack(0x0000004f00500000,0x0000004f00600000)]
  0x0000023cc9ec1820 JavaThread "Catalina-utility-1" [_thread_blocked, id=19424, stack(0x0000004f00900000,0x0000004f00a00000)]
  0x0000023cc9ec1d30 JavaThread "Catalina-utility-2" [_thread_blocked, id=25972, stack(0x0000004f00a00000,0x0000004f00b00000)]
  0x0000023cc9ec2750 JavaThread "container-0" [_thread_blocked, id=8076, stack(0x0000004f00b00000,0x0000004f00c00000)]
  0x0000023cc9ec2240 JavaThread "MessageBroker-1" [_thread_blocked, id=32296, stack(0x0000004f00300000,0x0000004f00400000)]
  0x0000023cc9ec2c60 JavaThread "http-nio-8080-exec-1" daemon [_thread_blocked, id=22764, stack(0x0000004f00600000,0x0000004f00700000)]
  0x0000023cd0a87eb0 JavaThread "http-nio-8080-exec-2" daemon [_thread_blocked, id=46480, stack(0x0000004f00c00000,0x0000004f00d00000)]
  0x0000023cd0a883c0 JavaThread "http-nio-8080-exec-3" daemon [_thread_blocked, id=31900, stack(0x0000004f00d00000,0x0000004f00e00000)]
  0x0000023cd0a86f80 JavaThread "http-nio-8080-exec-4" daemon [_thread_blocked, id=29420, stack(0x0000004f00e00000,0x0000004f00f00000)]
  0x0000023cd0a88de0 JavaThread "http-nio-8080-exec-5" daemon [_thread_blocked, id=42568, stack(0x0000004f00f00000,0x0000004f01000000)]
  0x0000023cd0a888d0 JavaThread "http-nio-8080-exec-6" daemon [_thread_blocked, id=14448, stack(0x0000004f01000000,0x0000004f01100000)]
  0x0000023cd0a87490 JavaThread "http-nio-8080-exec-7" daemon [_thread_blocked, id=21196, stack(0x0000004f01100000,0x0000004f01200000)]
  0x0000023cd0a86560 JavaThread "http-nio-8080-exec-9" daemon [_thread_blocked, id=41488, stack(0x0000004f01300000,0x0000004f01400000)]
  0x0000023cd0a86a70 JavaThread "http-nio-8080-exec-10" daemon [_thread_blocked, id=37008, stack(0x0000004f01400000,0x0000004f01500000)]
  0x0000023cd0a89800 JavaThread "http-nio-8080-Poller" daemon [_thread_in_native, id=46568, stack(0x0000004f01500000,0x0000004f01600000)]
  0x0000023cd0a86050 JavaThread "http-nio-8080-Acceptor" daemon [_thread_in_native, id=25804, stack(0x0000004f01600000,0x0000004f01700000)]
  0x0000023cd0a89d10 JavaThread "DestroyJavaVM" [_thread_blocked, id=17588, stack(0x0000004f7ea00000,0x0000004f7eb00000)]
  0x0000023cd0a8a220 JavaThread "MessageBroker-2" [_thread_blocked, id=20528, stack(0x0000004f00200000,0x0000004f00300000)]
  0x0000023cd0a8a730 JavaThread "MessageBroker-3" [_thread_blocked, id=21608, stack(0x0000004f00100000,0x0000004f00200000)]
  0x0000023cd0a8b150 JavaThread "http-nio-8080-exec-11" daemon [_thread_blocked, id=36404, stack(0x0000004f01800000,0x0000004f01900000)]
  0x0000023cd0a879a0 JavaThread "MessageBroker-4" [_thread_blocked, id=25592, stack(0x0000004f00700000,0x0000004f00800000)]
  0x0000023cccc05500 JavaThread "WebSocket background processing" daemon [_thread_blocked, id=11980, stack(0x0000004f00800000,0x0000004f00900000)]
  0x0000023cccc02770 JavaThread "clientInboundChannel-68" [_thread_blocked, id=27080, stack(0x0000004f01b00000,0x0000004f01c00000)]
  0x0000023cccc03bb0 JavaThread "clientInboundChannel-69" [_thread_blocked, id=9748, stack(0x0000004f01c00000,0x0000004f01d00000)]
  0x0000023cccc045d0 JavaThread "clientInboundChannel-70" [_thread_blocked, id=22856, stack(0x0000004f01d00000,0x0000004f01e00000)]

Other Threads:
  0x0000023cff24ae30 VMThread "VM Thread" [stack: 0x0000004f7f000000,0x0000004f7f100000] [id=34676]
  0x0000023cc96596f0 WatcherThread [stack: 0x0000004f7fd00000,0x0000004f7fe00000] [id=45172]
  0x0000023ce37640d0 GCTaskThread "GC Thread#0" [stack: 0x0000004f7eb00000,0x0000004f7ec00000] [id=24276]
  0x0000023cc97a0c80 GCTaskThread "GC Thread#1" [stack: 0x0000004f7fe00000,0x0000004f7ff00000] [id=28360]
  0x0000023cc97c0cd0 GCTaskThread "GC Thread#2" [stack: 0x0000004f7ff00000,0x0000004f80000000] [id=32748]
  0x0000023cc97c0fa0 GCTaskThread "GC Thread#3" [stack: 0x0000004f00000000,0x0000004f00100000] [id=25496]
  0x0000023ce3777450 ConcurrentGCThread "G1 Main Marker" [stack: 0x0000004f7ec00000,0x0000004f7ed00000] [id=31252]
  0x0000023ce3778d80 ConcurrentGCThread "G1 Conc#0" [stack: 0x0000004f7ed00000,0x0000004f7ee00000] [id=26460]
  0x0000023cff0f20c0 ConcurrentGCThread "G1 Refine#0" [stack: 0x0000004f7ee00000,0x0000004f7ef00000] [id=10736]
  0x0000023cff0f38b0 ConcurrentGCThread "G1 Service" [stack: 0x0000004f7ef00000,0x0000004f7f000000] [id=10432]

Threads with active compile tasks:
C2 CompilerThread0  5556879 16434   !   4       com.fasterxml.jackson.databind.ser.std.MapSerializer::serializeFields (199 bytes)

VM state: not at safepoint (normal execution)

VM Mutex/Monitor currently owned by a thread: None

Heap address: 0x0000000085800000, size: 1960 MB, Compressed Oops mode: 32-bit

CDS archive(s) mapped at: [0x0000023c84000000-0x0000023c84bb0000-0x0000023c84bb0000), size 12255232, SharedBaseAddress: 0x0000023c84000000, ArchiveRelocationMode: 1.
Compressed class space mapped at: 0x0000023c85000000-0x0000023cc5000000, reserved size: 1073741824
Narrow klass base: 0x0000023c84000000, Narrow klass shift: 0, Narrow klass range: 0x100000000

GC Precious Log:
 CPUs: 4 total, 4 available
 Memory: 7839M
 Large Page Support: Disabled
 NUMA Support: Disabled
 Compressed Oops: Enabled (32-bit)
 Heap Region Size: 1M
 Heap Min Capacity: 8M
 Heap Initial Capacity: 124M
 Heap Max Capacity: 1960M
 Pre-touch: Disabled
 Parallel Workers: 4
 Concurrent Workers: 1
 Concurrent Refinement Workers: 4
 Periodic GC: Disabled

Heap:
 garbage-first heap   total 109568K, used 67865K [0x0000000085800000, 0x0000000100000000)
  region size 1024K, 14 young (14336K), 2 survivors (2048K)
 Metaspace       used 90001K, committed 91008K, reserved 1179648K
  class space    used 11772K, committed 12224K, reserved 1048576K

Heap Regions: E=young(eden), S=young(survivor), O=old, HS=humongous(starts), HC=humongous(continues), CS=collection set, F=free, OA=open archive, CA=closed archive, TAMS=top-at-mark-start (previous, next)
|   0|0x0000000085800000, 0x0000000085900000, 0x0000000085900000|100%|HS|  |TAMS 0x0000000085900000, 0x0000000085800000| Complete 
|   1|0x0000000085900000, 0x0000000085a00000, 0x0000000085a00000|100%| O|  |TAMS 0x0000000085a00000, 0x0000000085900000| Untracked 
|   2|0x0000000085a00000, 0x0000000085b00000, 0x0000000085b00000|100%| O|  |TAMS 0x0000000085b00000, 0x0000000085a00000| Untracked 
|   3|0x0000000085b00000, 0x0000000085c00000, 0x0000000085c00000|100%| O|  |TAMS 0x0000000085c00000, 0x0000000085b00000| Untracked 
|   4|0x0000000085c00000, 0x0000000085d00000, 0x0000000085d00000|100%| O|  |TAMS 0x0000000085d00000, 0x0000000085c00000| Untracked 
|   5|0x0000000085d00000, 0x0000000085e00000, 0x0000000085e00000|100%| O|  |TAMS 0x0000000085e00000, 0x0000000085d00000| Untracked 
|   6|0x0000000085e00000, 0x0000000085f00000, 0x0000000085f00000|100%| O|  |TAMS 0x0000000085f00000, 0x0000000085e00000| Untracked 
|   7|0x0000000085f00000, 0x0000000086000000, 0x0000000086000000|100%| O|  |TAMS 0x0000000086000000, 0x0000000085f00000| Untracked 
|   8|0x0000000086000000, 0x0000000086100000, 0x0000000086100000|100%| O|  |TAMS 0x0000000086100000, 0x0000000086000000| Untracked 
|   9|0x0000000086100000, 0x0000000086200000, 0x0000000086200000|100%| O|  |TAMS 0x0000000086200000, 0x0000000086100000| Untracked 
|  10|0x0000000086200000, 0x0000000086300000, 0x0000000086300000|100%| O|  |TAMS 0x0000000086300000, 0x0000000086200000| Untracked 
|  11|0x0000000086300000, 0x0000000086400000, 0x0000000086400000|100%| O|  |TAMS 0x0000000086300000, 0x0000000086300000| Untracked 
|  12|0x0000000086400000, 0x00000000864f4200, 0x0000000086500000| 95%| O|  |TAMS 0x0000000086400000, 0x0000000086400000| Untracked 
|  13|0x0000000086500000, 0x0000000086600000, 0x0000000086600000|100%| O|  |TAMS 0x0000000086600000, 0x0000000086500000| Untracked 
|  14|0x0000000086600000, 0x0000000086700000, 0x0000000086700000|100%| O|  |TAMS 0x0000000086700000, 0x0000000086600000| Untracked 
|  15|0x0000000086700000, 0x0000000086800000, 0x0000000086800000|100%| O|  |TAMS 0x0000000086800000, 0x0000000086700000| Untracked 
|  16|0x0000000086800000, 0x00000000868f5e00, 0x0000000086900000| 96%| O|  |TAMS 0x00000000868f5e00, 0x0000000086800000| Untracked 
|  17|0x0000000086900000, 0x0000000086a00000, 0x0000000086a00000|100%| O|  |TAMS 0x0000000086a00000, 0x0000000086900000| Untracked 
|  18|0x0000000086a00000, 0x0000000086b00000, 0x0000000086b00000|100%| O|  |TAMS 0x0000000086b00000, 0x0000000086a00000| Untracked 
|  19|0x0000000086b00000, 0x0000000086c00000, 0x0000000086c00000|100%| O|  |TAMS 0x0000000086c00000, 0x0000000086b00000| Untracked 
|  20|0x0000000086c00000, 0x0000000086d00000, 0x0000000086d00000|100%| O|  |TAMS 0x0000000086cb0000, 0x0000000086c00000| Untracked 
|  21|0x0000000086d00000, 0x0000000086d00000, 0x0000000086e00000|  0%| F|  |TAMS 0x0000000086d00000, 0x0000000086d00000| Untracked 
|  22|0x0000000086e00000, 0x0000000086f00000, 0x0000000086f00000|100%| O|  |TAMS 0x0000000086f00000, 0x0000000086e00000| Untracked 
|  23|0x0000000086f00000, 0x0000000086f00000, 0x0000000087000000|  0%| F|  |TAMS 0x0000000086f00000, 0x0000000086f00000| Untracked 
|  24|0x0000000087000000, 0x0000000087000000, 0x0000000087100000|  0%| F|  |TAMS 0x0000000087000000, 0x0000000087000000| Untracked 
|  25|0x0000000087100000, 0x0000000087200000, 0x0000000087200000|100%| O|  |TAMS 0x0000000087200000, 0x0000000087100000| Untracked 
|  26|0x0000000087200000, 0x0000000087300000, 0x0000000087300000|100%| O|  |TAMS 0x0000000087300000, 0x0000000087200000| Untracked 
|  27|0x0000000087300000, 0x0000000087300000, 0x0000000087400000|  0%| F|  |TAMS 0x0000000087300000, 0x0000000087300000| Untracked 
|  28|0x0000000087400000, 0x0000000087500000, 0x0000000087500000|100%| O|  |TAMS 0x0000000087500000, 0x0000000087400000| Untracked 
|  29|0x0000000087500000, 0x0000000087600000, 0x0000000087600000|100%| O|  |TAMS 0x0000000087600000, 0x0000000087500000| Untracked 
|  30|0x0000000087600000, 0x0000000087600000, 0x0000000087700000|  0%| F|  |TAMS 0x0000000087600000, 0x0000000087600000| Untracked 
|  31|0x0000000087700000, 0x0000000087800000, 0x0000000087800000|100%| O|  |TAMS 0x0000000087800000, 0x0000000087700000| Untracked 
|  32|0x0000000087800000, 0x0000000087900000, 0x0000000087900000|100%| O|  |TAMS 0x0000000087900000, 0x0000000087800000| Untracked 
|  33|0x0000000087900000, 0x0000000087a00000, 0x0000000087a00000|100%| O|  |TAMS 0x0000000087a00000, 0x0000000087900000| Untracked 
|  34|0x0000000087a00000, 0x0000000087b00000, 0x0000000087b00000|100%| O|  |TAMS 0x0000000087b00000, 0x0000000087a00000| Untracked 
|  35|0x0000000087b00000, 0x0000000087c00000, 0x0000000087c00000|100%| O|  |TAMS 0x0000000087c00000, 0x0000000087b00000| Untracked 
|  36|0x0000000087c00000, 0x0000000087d00000, 0x0000000087d00000|100%| O|  |TAMS 0x0000000087d00000, 0x0000000087c00000| Untracked 
|  37|0x0000000087d00000, 0x0000000087e00000, 0x0000000087e00000|100%| O|  |TAMS 0x0000000087e00000, 0x0000000087d00000| Untracked 
|  38|0x0000000087e00000, 0x0000000087f00000, 0x0000000087f00000|100%| O|  |TAMS 0x0000000087f00000, 0x0000000087e00000| Untracked 
|  39|0x0000000087f00000, 0x0000000088000000, 0x0000000088000000|100%| O|  |TAMS 0x0000000088000000, 0x0000000087f00000| Untracked 
|  40|0x0000000088000000, 0x0000000088100000, 0x0000000088100000|100%| O|  |TAMS 0x0000000088100000, 0x0000000088000000| Untracked 
|  41|0x0000000088100000, 0x0000000088100000, 0x0000000088200000|  0%| F|  |TAMS 0x0000000088100000, 0x0000000088100000| Untracked 
|  42|0x0000000088200000, 0x0000000088300000, 0x0000000088300000|100%| O|  |TAMS 0x0000000088300000, 0x0000000088200000| Untracked 
|  43|0x0000000088300000, 0x0000000088400000, 0x0000000088400000|100%| O|  |TAMS 0x0000000088400000, 0x0000000088300000| Untracked 
|  44|0x0000000088400000, 0x0000000088500000, 0x0000000088500000|100%| O|  |TAMS 0x0000000088500000, 0x0000000088400000| Untracked 
|  45|0x0000000088500000, 0x0000000088600000, 0x0000000088600000|100%| O|  |TAMS 0x0000000088600000, 0x0000000088500000| Untracked 
|  46|0x0000000088600000, 0x0000000088600000, 0x0000000088700000|  0%| F|  |TAMS 0x0000000088600000, 0x0000000088600000| Untracked 
|  47|0x0000000088700000, 0x0000000088800000, 0x0000000088800000|100%| O|  |TAMS 0x0000000088800000, 0x0000000088700000| Untracked 
|  48|0x0000000088800000, 0x0000000088900000, 0x0000000088900000|100%| O|  |TAMS 0x0000000088900000, 0x0000000088800000| Untracked 
|  49|0x0000000088900000, 0x0000000088a00000, 0x0000000088a00000|100%| O|  |TAMS 0x0000000088a00000, 0x0000000088900000| Untracked 
|  50|0x0000000088a00000, 0x0000000088b00000, 0x0000000088b00000|100%| O|  |TAMS 0x0000000088b00000, 0x0000000088a00000| Untracked 
|  51|0x0000000088b00000, 0x0000000088c00000, 0x0000000088c00000|100%| O|  |TAMS 0x0000000088c00000, 0x0000000088b00000| Untracked 
|  52|0x0000000088c00000, 0x0000000088c00000, 0x0000000088d00000|  0%| F|  |TAMS 0x0000000088c00000, 0x0000000088c00000| Untracked 
|  53|0x0000000088d00000, 0x0000000088e00000, 0x0000000088e00000|100%| O|  |TAMS 0x0000000088e00000, 0x0000000088d00000| Untracked 
|  54|0x0000000088e00000, 0x0000000088e00000, 0x0000000088f00000|  0%| F|  |TAMS 0x0000000088e00000, 0x0000000088e00000| Untracked 
|  55|0x0000000088f00000, 0x0000000089000000, 0x0000000089000000|100%| O|  |TAMS 0x0000000089000000, 0x0000000088f00000| Untracked 
|  56|0x0000000089000000, 0x0000000089100000, 0x0000000089100000|100%| O|  |TAMS 0x0000000089100000, 0x0000000089000000| Untracked 
|  57|0x0000000089100000, 0x0000000089100000, 0x0000000089200000|  0%| F|  |TAMS 0x0000000089100000, 0x0000000089100000| Untracked 
|  58|0x0000000089200000, 0x0000000089300000, 0x0000000089300000|100%| O|  |TAMS 0x0000000089300000, 0x0000000089200000| Untracked 
|  59|0x0000000089300000, 0x0000000089400000, 0x0000000089400000|100%| O|  |TAMS 0x0000000089400000, 0x0000000089300000| Untracked 
|  60|0x0000000089400000, 0x0000000089500000, 0x0000000089500000|100%| O|  |TAMS 0x0000000089500000, 0x0000000089400000| Untracked 
|  61|0x0000000089500000, 0x0000000089600000, 0x0000000089600000|100%| O|  |TAMS 0x0000000089600000, 0x0000000089500000| Untracked 
|  62|0x0000000089600000, 0x0000000089700000, 0x0000000089700000|100%| O|  |TAMS 0x0000000089700000, 0x0000000089600000| Untracked 
|  63|0x0000000089700000, 0x0000000089800000, 0x0000000089800000|100%| O|  |TAMS 0x0000000089800000, 0x0000000089700000| Untracked 
|  64|0x0000000089800000, 0x0000000089900000, 0x0000000089900000|100%| O|  |TAMS 0x0000000089900000, 0x0000000089800000| Untracked 
|  65|0x0000000089900000, 0x0000000089900000, 0x0000000089a00000|  0%| F|  |TAMS 0x0000000089900000, 0x0000000089900000| Untracked 
|  66|0x0000000089a00000, 0x0000000089a00000, 0x0000000089b00000|  0%| F|  |TAMS 0x0000000089a00000, 0x0000000089a00000| Untracked 
|  67|0x0000000089b00000, 0x0000000089b00000, 0x0000000089c00000|  0%| F|  |TAMS 0x0000000089b00000, 0x0000000089b00000| Untracked 
|  68|0x0000000089c00000, 0x0000000089c5c530, 0x0000000089d00000| 36%| S|CS|TAMS 0x0000000089c00000, 0x0000000089c00000| Complete 
|  69|0x0000000089d00000, 0x0000000089e00000, 0x0000000089e00000|100%| S|CS|TAMS 0x0000000089d00000, 0x0000000089d00000| Complete 
|  70|0x0000000089e00000, 0x0000000089e00000, 0x0000000089f00000|  0%| F|  |TAMS 0x0000000089e00000, 0x0000000089e00000| Untracked 
|  71|0x0000000089f00000, 0x0000000089f00000, 0x000000008a000000|  0%| F|  |TAMS 0x0000000089f00000, 0x0000000089f00000| Untracked 
|  72|0x000000008a000000, 0x000000008a000000, 0x000000008a100000|  0%| F|  |TAMS 0x000000008a000000, 0x000000008a000000| Untracked 
|  73|0x000000008a100000, 0x000000008a100000, 0x000000008a200000|  0%| F|  |TAMS 0x000000008a100000, 0x000000008a100000| Untracked 
|  74|0x000000008a200000, 0x000000008a200000, 0x000000008a300000|  0%| F|  |TAMS 0x000000008a200000, 0x000000008a200000| Untracked 
|  75|0x000000008a300000, 0x000000008a300000, 0x000000008a400000|  0%| F|  |TAMS 0x000000008a300000, 0x000000008a300000| Untracked 
|  76|0x000000008a400000, 0x000000008a400000, 0x000000008a500000|  0%| F|  |TAMS 0x000000008a400000, 0x000000008a400000| Untracked 
|  77|0x000000008a500000, 0x000000008a500000, 0x000000008a600000|  0%| F|  |TAMS 0x000000008a500000, 0x000000008a500000| Untracked 
|  78|0x000000008a600000, 0x000000008a600000, 0x000000008a700000|  0%| F|  |TAMS 0x000000008a600000, 0x000000008a600000| Untracked 
|  79|0x000000008a700000, 0x000000008a700000, 0x000000008a800000|  0%| F|  |TAMS 0x000000008a700000, 0x000000008a700000| Untracked 
|  80|0x000000008a800000, 0x000000008a800000, 0x000000008a900000|  0%| F|  |TAMS 0x000000008a800000, 0x000000008a800000| Untracked 
|  81|0x000000008a900000, 0x000000008a900000, 0x000000008aa00000|  0%| F|  |TAMS 0x000000008a900000, 0x000000008a900000| Untracked 
|  82|0x000000008aa00000, 0x000000008aa00000, 0x000000008ab00000|  0%| F|  |TAMS 0x000000008aa00000, 0x000000008aa00000| Untracked 
|  83|0x000000008ab00000, 0x000000008ab00000, 0x000000008ac00000|  0%| F|  |TAMS 0x000000008ab00000, 0x000000008ab00000| Untracked 
|  84|0x000000008ac00000, 0x000000008ac00000, 0x000000008ad00000|  0%| F|  |TAMS 0x000000008ac00000, 0x000000008ac00000| Untracked 
|  85|0x000000008ad00000, 0x000000008ad00000, 0x000000008ae00000|  0%| F|  |TAMS 0x000000008ad00000, 0x000000008ad00000| Untracked 
|  86|0x000000008ae00000, 0x000000008ae00000, 0x000000008af00000|  0%| F|  |TAMS 0x000000008ae00000, 0x000000008ae00000| Untracked 
|  87|0x000000008af00000, 0x000000008af00000, 0x000000008b000000|  0%| F|  |TAMS 0x000000008af00000, 0x000000008af00000| Untracked 
|  88|0x000000008b000000, 0x000000008b000000, 0x000000008b100000|  0%| F|  |TAMS 0x000000008b000000, 0x000000008b000000| Untracked 
|  89|0x000000008b100000, 0x000000008b100000, 0x000000008b200000|  0%| F|  |TAMS 0x000000008b100000, 0x000000008b100000| Untracked 
|  90|0x000000008b200000, 0x000000008b200000, 0x000000008b300000|  0%| F|  |TAMS 0x000000008b200000, 0x000000008b200000| Untracked 
|  91|0x000000008b300000, 0x000000008b300000, 0x000000008b400000|  0%| F|  |TAMS 0x000000008b300000, 0x000000008b300000| Untracked 
|  92|0x000000008b400000, 0x000000008b400000, 0x000000008b500000|  0%| F|  |TAMS 0x000000008b400000, 0x000000008b400000| Untracked 
|  93|0x000000008b500000, 0x000000008b500000, 0x000000008b600000|  0%| F|  |TAMS 0x000000008b500000, 0x000000008b500000| Untracked 
|  94|0x000000008b600000, 0x000000008b600000, 0x000000008b700000|  0%| F|  |TAMS 0x000000008b600000, 0x000000008b600000| Untracked 
|  95|0x000000008b700000, 0x000000008b78a7a0, 0x000000008b800000| 54%| E|  |TAMS 0x000000008b700000, 0x000000008b700000| Complete 
|  96|0x000000008b800000, 0x000000008b900000, 0x000000008b900000|100%| E|CS|TAMS 0x000000008b800000, 0x000000008b800000| Complete 
|  97|0x000000008b900000, 0x000000008ba00000, 0x000000008ba00000|100%| E|CS|TAMS 0x000000008b900000, 0x000000008b900000| Complete 
|  98|0x000000008ba00000, 0x000000008bb00000, 0x000000008bb00000|100%| E|CS|TAMS 0x000000008ba00000, 0x000000008ba00000| Complete 
|  99|0x000000008bb00000, 0x000000008bc00000, 0x000000008bc00000|100%| E|  |TAMS 0x000000008bb00000, 0x000000008bb00000| Complete 
| 100|0x000000008bc00000, 0x000000008bd00000, 0x000000008bd00000|100%| E|CS|TAMS 0x000000008bc00000, 0x000000008bc00000| Complete 
| 101|0x000000008bd00000, 0x000000008be00000, 0x000000008be00000|100%| E|CS|TAMS 0x000000008bd00000, 0x000000008bd00000| Complete 
| 102|0x000000008be00000, 0x000000008bf00000, 0x000000008bf00000|100%| E|CS|TAMS 0x000000008be00000, 0x000000008be00000| Complete 
| 103|0x000000008bf00000, 0x000000008c000000, 0x000000008c000000|100%| E|CS|TAMS 0x000000008bf00000, 0x000000008bf00000| Complete 
| 104|0x000000008c000000, 0x000000008c100000, 0x000000008c100000|100%| E|CS|TAMS 0x000000008c000000, 0x000000008c000000| Complete 
| 119|0x000000008cf00000, 0x000000008d000000, 0x000000008d000000|100%| E|CS|TAMS 0x000000008cf00000, 0x000000008cf00000| Complete 
| 123|0x000000008d300000, 0x000000008d400000, 0x000000008d400000|100%| E|CS|TAMS 0x000000008d300000, 0x000000008d300000| Complete 

Card table byte_map: [0x0000023cfc5d0000,0x0000023cfc9b0000] _byte_map_base: 0x0000023cfc1a4000

Marking Bits (Prev, Next): (CMBitMap*) 0x0000023ce3767660, (CMBitMap*) 0x0000023ce3767620
 Prev Bits: [0x0000023c80000000, 0x0000023c81ea0000)
 Next Bits: [0x0000023cfcd90000, 0x0000023cfec30000)

Polling page: 0x0000023ce3b50000

Metaspace:

Usage:
  Non-class:     76.40 MB used.
      Class:     11.50 MB used.
       Both:     87.89 MB used.

Virtual space:
  Non-class space:      128.00 MB reserved,      76.94 MB ( 60%) committed,  2 nodes.
      Class space:        1.00 GB reserved,      11.94 MB (  1%) committed,  1 nodes.
             Both:        1.12 GB reserved,      88.88 MB (  8%) committed. 

Chunk freelists:
   Non-Class:  2.97 MB
       Class:  4.07 MB
        Both:  7.04 MB

MaxMetaspaceSize: unlimited
CompressedClassSpaceSize: 1.00 GB
Initial GC threshold: 21.00 MB
Current GC threshold: 146.81 MB
CDS: on
MetaspaceReclaimPolicy: balanced
 - commit_granule_bytes: 65536.
 - commit_granule_words: 8192.
 - virtual_space_node_default_size: 8388608.
 - enlarge_chunks_in_place: 1.
 - new_chunks_are_fully_committed: 0.
 - uncommit_free_chunks: 1.
 - use_allocation_guard: 0.
 - handle_deallocations: 1.


Internal statistics:

num_allocs_failed_limit: 6.
num_arena_births: 2228.
num_arena_deaths: 454.
num_vsnodes_births: 3.
num_vsnodes_deaths: 0.
num_space_committed: 1422.
num_space_uncommitted: 0.
num_chunks_returned_to_freelist: 546.
num_chunks_taken_from_freelist: 6128.
num_chunk_merges: 182.
num_chunk_splits: 3935.
num_chunks_enlarged: 2573.
num_inconsistent_stats: 0.

CodeHeap 'non-profiled nmethods': size=120000Kb used=10688Kb max_used=10688Kb free=109311Kb
 bounds [0x0000023cf4680000, 0x0000023cf5100000, 0x0000023cfbbb0000]
CodeHeap 'profiled nmethods': size=120000Kb used=26502Kb max_used=26502Kb free=93497Kb
 bounds [0x0000023cecbb0000, 0x0000023cee5a0000, 0x0000023cf40e0000]
CodeHeap 'non-nmethods': size=5760Kb used=1400Kb max_used=1470Kb free=4359Kb
 bounds [0x0000023cf40e0000, 0x0000023cf4350000, 0x0000023cf4680000]
 total_blobs=14548 nmethods=13806 adapters=654
 compilation: enabled
              stopped_count=0, restarted_count=0
 full_count=0

Compilation events (20 events):
Event: 5555.375 Thread 0x0000023cff2767f0 nmethod 16430 0x0000023cf50ea490 code [0x0000023cf50ea620, 0x0000023cf50ea6f8]
Event: 5555.384 Thread 0x0000023cff275d40 16431       4       java.util.AbstractMap::toString (140 bytes)
Event: 5555.420 Thread 0x0000023cff2767f0 16432       3       org.apache.coyote.Response::setCommitted (24 bytes)
Event: 5555.420 Thread 0x0000023cff2767f0 nmethod 16432 0x0000023cee591590 code [0x0000023cee591740, 0x0000023cee5918f8]
Event: 5555.468 Thread 0x0000023cff2767f0 16433       1       org.apache.coyote.Request::getBytesRead (5 bytes)
Event: 5555.468 Thread 0x0000023cff2767f0 nmethod 16433 0x0000023cf50ea790 code [0x0000023cf50ea920, 0x0000023cf50ea9f8]
Event: 5555.514 Thread 0x0000023cff2767f0 16435       3       org.apache.coyote.http11.Http11Processor::isConnectionToken (42 bytes)
Event: 5555.828 Thread 0x0000023cff2767f0 nmethod 16435 0x0000023cee591990 code [0x0000023cee591bc0, 0x0000023cee592458]
Event: 5555.828 Thread 0x0000023cff2767f0 16436       3       org.apache.catalina.connector.Request::getRemoteAddr (40 bytes)
Event: 5555.833 Thread 0x0000023cff2767f0 nmethod 16436 0x0000023cee592790 code [0x0000023cee592960, 0x0000023cee592bb8]
Event: 5555.833 Thread 0x0000023cff2767f0 16437       3       org.springframework.security.core.context.ThreadLocalSecurityContextHolderStrategy::clearContext (7 bytes)
Event: 5555.836 Thread 0x0000023cff2767f0 nmethod 16437 0x0000023cee592d10 code [0x0000023cee592ee0, 0x0000023cee593248]
Event: 5555.854 Thread 0x0000023cff2767f0 16438       3       org.springframework.http.server.ServletServerHttpRequest::getMethod (13 bytes)
Event: 5555.858 Thread 0x0000023cff2767f0 nmethod 16438 0x0000023cee593390 code [0x0000023cee593540, 0x0000023cee593738]
Event: 5555.858 Thread 0x0000023cff2767f0 16440       3       com.fasterxml.jackson.core.io.IOContext::_verifyAlloc (15 bytes)
Event: 5555.859 Thread 0x0000023cff2767f0 nmethod 16440 0x0000023cee593810 code [0x0000023cee5939c0, 0x0000023cee593bc8]
Event: 5555.859 Thread 0x0000023cff2767f0 16439       1       org.apache.coyote.Response::getCharacterEncoding (5 bytes)
Event: 5555.860 Thread 0x0000023cff2767f0 nmethod 16439 0x0000023cf50eaa90 code [0x0000023cf50eac20, 0x0000023cf50eacf8]
Event: 5556.084 Thread 0x0000023cff275d40 nmethod 16431 0x0000023cf50ead90 code [0x0000023cf50eb0e0, 0x0000023cf50ee5a0]
Event: 5556.086 Thread 0x0000023cff275d40 16434   !   4       com.fasterxml.jackson.databind.ser.std.MapSerializer::serializeFields (199 bytes)

GC Heap History (20 events):
Event: 2203.134 GC heap before
{Heap before GC invocations=46 (full 0):
 garbage-first heap   total 109568K, used 90718K [0x0000000085800000, 0x0000000100000000)
  region size 1024K, 34 young (34816K), 4 survivors (4096K)
 Metaspace       used 87056K, committed 87872K, reserved 1179648K
  class space    used 11604K, committed 11968K, reserved 1048576K
}
Event: 2203.191 GC heap after
{Heap after GC invocations=47 (full 0):
 garbage-first heap   total 109568K, used 62371K [0x0000000085800000, 0x0000000100000000)
  region size 1024K, 3 young (3072K), 3 survivors (3072K)
 Metaspace       used 87056K, committed 87872K, reserved 1179648K
  class space    used 11604K, committed 11968K, reserved 1048576K
}
Event: 2208.347 GC heap before
{Heap before GC invocations=47 (full 0):
 garbage-first heap   total 109568K, used 64419K [0x0000000085800000, 0x0000000100000000)
  region size 1024K, 5 young (5120K), 3 survivors (3072K)
 Metaspace       used 87125K, committed 88000K, reserved 1179648K
  class space    used 11614K, committed 12032K, reserved 1048576K
}
Event: 2208.523 GC heap after
{Heap after GC invocations=48 (full 0):
 garbage-first heap   total 109568K, used 57832K [0x0000000085800000, 0x0000000100000000)
  region size 1024K, 1 young (1024K), 1 survivors (1024K)
 Metaspace       used 87125K, committed 88000K, reserved 1179648K
  class space    used 11614K, committed 12032K, reserved 1048576K
}
Event: 2509.606 GC heap before
{Heap before GC invocations=48 (full 0):
 garbage-first heap   total 109568K, used 89576K [0x0000000085800000, 0x0000000100000000)
  region size 1024K, 32 young (32768K), 1 survivors (1024K)
 Metaspace       used 87996K, committed 88832K, reserved 1179648K
  class space    used 11638K, committed 12032K, reserved 1048576K
}
Event: 2509.695 GC heap after
{Heap after GC invocations=49 (full 0):
 garbage-first heap   total 109568K, used 58217K [0x0000000085800000, 0x0000000100000000)
  region size 1024K, 1 young (1024K), 1 survivors (1024K)
 Metaspace       used 87996K, committed 88832K, reserved 1179648K
  class space    used 11638K, committed 12032K, reserved 1048576K
}
Event: 2801.883 GC heap before
{Heap before GC invocations=50 (full 0):
 garbage-first heap   total 109568K, used 90985K [0x0000000085800000, 0x0000000100000000)
  region size 1024K, 33 young (33792K), 1 survivors (1024K)
 Metaspace       used 88489K, committed 89344K, reserved 1179648K
  class space    used 11658K, committed 12032K, reserved 1048576K
}
Event: 2801.972 GC heap after
{Heap after GC invocations=51 (full 0):
 garbage-first heap   total 109568K, used 58878K [0x0000000085800000, 0x0000000100000000)
  region size 1024K, 2 young (2048K), 2 survivors (2048K)
 Metaspace       used 88489K, committed 89344K, reserved 1179648K
  class space    used 11658K, committed 12032K, reserved 1048576K
}
Event: 2802.661 GC heap before
{Heap before GC invocations=51 (full 0):
 garbage-first heap   total 109568K, used 60926K [0x0000000085800000, 0x0000000100000000)
  region size 1024K, 5 young (5120K), 2 survivors (2048K)
 Metaspace       used 88573K, committed 89472K, reserved 1179648K
  class space    used 11672K, committed 12096K, reserved 1048576K
}
Event: 2802.854 GC heap after
{Heap after GC invocations=52 (full 0):
 garbage-first heap   total 109568K, used 56241K [0x0000000085800000, 0x0000000100000000)
  region size 1024K, 1 young (1024K), 1 survivors (1024K)
 Metaspace       used 88573K, committed 89472K, reserved 1179648K
  class space    used 11672K, committed 12096K, reserved 1048576K
}
Event: 2827.415 GC heap before
{Heap before GC invocations=52 (full 0):
 garbage-first heap   total 109568K, used 90033K [0x0000000085800000, 0x0000000100000000)
  region size 1024K, 35 young (35840K), 1 survivors (1024K)
 Metaspace       used 89191K, committed 90176K, reserved 1179648K
  class space    used 11744K, committed 12224K, reserved 1048576K
}
Event: 2827.440 GC heap after
{Heap after GC invocations=53 (full 0):
 garbage-first heap   total 109568K, used 56890K [0x0000000085800000, 0x0000000100000000)
  region size 1024K, 1 young (1024K), 1 survivors (1024K)
 Metaspace       used 89191K, committed 90176K, reserved 1179648K
  class space    used 11744K, committed 12224K, reserved 1048576K
}
Event: 2936.351 GC heap before
{Heap before GC invocations=54 (full 0):
 garbage-first heap   total 109568K, used 91706K [0x0000000085800000, 0x0000000100000000)
  region size 1024K, 36 young (36864K), 1 survivors (1024K)
 Metaspace       used 89517K, committed 90560K, reserved 1179648K
  class space    used 11762K, committed 12224K, reserved 1048576K
}
Event: 2936.411 GC heap after
{Heap after GC invocations=55 (full 0):
 garbage-first heap   total 109568K, used 57325K [0x0000000085800000, 0x0000000100000000)
  region size 1024K, 2 young (2048K), 2 survivors (2048K)
 Metaspace       used 89517K, committed 90560K, reserved 1179648K
  class space    used 11762K, committed 12224K, reserved 1048576K
}
Event: 2937.012 GC heap before
{Heap before GC invocations=55 (full 0):
 garbage-first heap   total 109568K, used 59373K [0x0000000085800000, 0x0000000100000000)
  region size 1024K, 5 young (5120K), 2 survivors (2048K)
 Metaspace       used 89523K, committed 90560K, reserved 1179648K
  class space    used 11762K, committed 12224K, reserved 1048576K
}
Event: 2937.073 GC heap after
{Heap after GC invocations=56 (full 0):
 garbage-first heap   total 109568K, used 56498K [0x0000000085800000, 0x0000000100000000)
  region size 1024K, 1 young (1024K), 1 survivors (1024K)
 Metaspace       used 89523K, committed 90560K, reserved 1179648K
  class space    used 11762K, committed 12224K, reserved 1048576K
}
Event: 3077.401 GC heap before
{Heap before GC invocations=56 (full 0):
 garbage-first heap   total 109568K, used 91314K [0x0000000085800000, 0x0000000100000000)
  region size 1024K, 36 young (36864K), 1 survivors (1024K)
 Metaspace       used 89761K, committed 90752K, reserved 1179648K
  class space    used 11769K, committed 12224K, reserved 1048576K
}
Event: 3077.478 GC heap after
{Heap after GC invocations=57 (full 0):
 garbage-first heap   total 109568K, used 56775K [0x0000000085800000, 0x0000000100000000)
  region size 1024K, 1 young (1024K), 1 survivors (1024K)
 Metaspace       used 89761K, committed 90752K, reserved 1179648K
  class space    used 11769K, committed 12224K, reserved 1048576K
}
Event: 5496.575 GC heap before
{Heap before GC invocations=57 (full 0):
 garbage-first heap   total 109568K, used 92615K [0x0000000085800000, 0x0000000100000000)
  region size 1024K, 37 young (37888K), 1 survivors (1024K)
 Metaspace       used 89929K, committed 90944K, reserved 1179648K
  class space    used 11770K, committed 12224K, reserved 1048576K
}
Event: 5496.681 GC heap after
{Heap after GC invocations=58 (full 0):
 garbage-first heap   total 109568K, used 57625K [0x0000000085800000, 0x0000000100000000)
  region size 1024K, 2 young (2048K), 2 survivors (2048K)
 Metaspace       used 89929K, committed 90944K, reserved 1179648K
  class space    used 11770K, committed 12224K, reserved 1048576K
}

Dll operation events (14 events):
Event: 0.139 Loaded shared library C:\Users\Sniffer\.jdks\ms-17.0.19\bin\java.dll
Event: 0.327 Loaded shared library C:\Users\Sniffer\.jdks\ms-17.0.19\bin\jsvml.dll
Event: 1.824 Loaded shared library C:\Users\Sniffer\.jdks\ms-17.0.19\bin\zip.dll
Event: 1.836 Loaded shared library C:\Users\Sniffer\.jdks\ms-17.0.19\bin\instrument.dll
Event: 1.873 Loaded shared library C:\Users\Sniffer\.jdks\ms-17.0.19\bin\net.dll
Event: 1.886 Loaded shared library C:\Users\Sniffer\.jdks\ms-17.0.19\bin\nio.dll
Event: 1.897 Loaded shared library C:\Users\Sniffer\.jdks\ms-17.0.19\bin\zip.dll
Event: 7.691 Loaded shared library C:\Program Files\JetBrains\IntelliJ IDEA Community Edition 2024.2.3\bin\breakgen64.dll
Event: 7.746 Loaded shared library C:\Users\Sniffer\.jdks\ms-17.0.19\bin\extnet.dll
Event: 7.944 Loaded shared library C:\Users\Sniffer\.jdks\ms-17.0.19\bin\jimage.dll
Event: 17.062 Loaded shared library C:\Users\Sniffer\.jdks\ms-17.0.19\bin\sunmscapi.dll
Event: 72.396 Loaded shared library C:\Users\Sniffer\.jdks\ms-17.0.19\bin\management.dll
Event: 72.410 Loaded shared library C:\Users\Sniffer\.jdks\ms-17.0.19\bin\management_ext.dll
Event: 77.035 Loaded shared library C:\Users\Sniffer\.jdks\ms-17.0.19\bin\verify.dll

Deoptimization events (20 events):
Event: 4337.061 Thread 0x0000023cc9ec1820 Uncommon trap: trap_request=0xffffffd6 fr.pc=0x0000023cf50b20c0 relative=0x0000000000000420
Event: 4337.063 Thread 0x0000023cc9ec1820 Uncommon trap: reason=array_check action=maybe_recompile pc=0x0000023cf50b20c0 method=java.util.HashMap.valuesToArray([Ljava/lang/Object;)[Ljava/lang/Object; @ 62 c2
Event: 4337.065 Thread 0x0000023cc9ec1820 DEOPT PACKING pc=0x0000023cf50b20c0 sp=0x0000004f009fefd0
Event: 4337.066 Thread 0x0000023cc9ec1820 DEOPT UNPACKING pc=0x0000023cf413699d sp=0x0000004f009fef58 mode 2
Event: 4337.066 Thread 0x0000023cc9ec1820 Uncommon trap: trap_request=0xffffffd6 fr.pc=0x0000023cf50b20c0 relative=0x0000000000000420
Event: 4337.066 Thread 0x0000023cc9ec1820 Uncommon trap: reason=array_check action=maybe_recompile pc=0x0000023cf50b20c0 method=java.util.HashMap.valuesToArray([Ljava/lang/Object;)[Ljava/lang/Object; @ 62 c2
Event: 4337.066 Thread 0x0000023cc9ec1820 DEOPT PACKING pc=0x0000023cf50b20c0 sp=0x0000004f009feef0
Event: 4337.067 Thread 0x0000023cc9ec1820 DEOPT UNPACKING pc=0x0000023cf413699d sp=0x0000004f009fee78 mode 2
Event: 4337.067 Thread 0x0000023cc9ec1820 Uncommon trap: trap_request=0xffffffd6 fr.pc=0x0000023cf50b20c0 relative=0x0000000000000420
Event: 4337.067 Thread 0x0000023cc9ec1820 Uncommon trap: reason=array_check action=maybe_recompile pc=0x0000023cf50b20c0 method=java.util.HashMap.valuesToArray([Ljava/lang/Object;)[Ljava/lang/Object; @ 62 c2
Event: 4337.067 Thread 0x0000023cc9ec1820 DEOPT PACKING pc=0x0000023cf50b20c0 sp=0x0000004f009fee10
Event: 4337.067 Thread 0x0000023cc9ec1820 DEOPT UNPACKING pc=0x0000023cf413699d sp=0x0000004f009fed98 mode 2
Event: 4347.081 Thread 0x0000023cc9ec1820 Uncommon trap: trap_request=0xffffffd6 fr.pc=0x0000023cf50b20c0 relative=0x0000000000000420
Event: 4347.081 Thread 0x0000023cc9ec1820 Uncommon trap: reason=array_check action=maybe_recompile pc=0x0000023cf50b20c0 method=java.util.HashMap.valuesToArray([Ljava/lang/Object;)[Ljava/lang/Object; @ 62 c2
Event: 4347.081 Thread 0x0000023cc9ec1820 DEOPT PACKING pc=0x0000023cf50b20c0 sp=0x0000004f009fefd0
Event: 4347.082 Thread 0x0000023cc9ec1820 DEOPT UNPACKING pc=0x0000023cf413699d sp=0x0000004f009fef58 mode 2
Event: 5498.381 Thread 0x0000023cd0a8b150 Uncommon trap: trap_request=0xffffffde fr.pc=0x0000023cf4fcf5d8 relative=0x00000000000025d8
Event: 5498.383 Thread 0x0000023cd0a8b150 Uncommon trap: reason=class_check action=maybe_recompile pc=0x0000023cf4fcf5d8 method=java.util.AbstractMap.toString()Ljava/lang/String; @ 1 c2
Event: 5498.387 Thread 0x0000023cd0a8b150 DEOPT PACKING pc=0x0000023cf4fcf5d8 sp=0x0000004f018fa760
Event: 5498.391 Thread 0x0000023cd0a8b150 DEOPT UNPACKING pc=0x0000023cf413699d sp=0x0000004f018fa770 mode 2

Classes loaded (20 events):
Event: 2469.004 Loading class java/util/concurrent/atomic/Striped64$Cell
Event: 2469.026 Loading class java/util/concurrent/atomic/Striped64$Cell done
Event: 2566.744 Loading class java/util/stream/ReferencePipeline$5
Event: 2566.781 Loading class java/util/stream/LongPipeline$StatelessOp
Event: 2566.789 Loading class java/util/stream/LongPipeline
Event: 2566.853 Loading class java/util/stream/LongStream
Event: 2566.887 Loading class java/util/stream/LongStream done
Event: 2566.888 Loading class java/util/stream/LongPipeline done
Event: 2566.888 Loading class java/util/stream/LongPipeline$StatelessOp done
Event: 2566.888 Loading class java/util/stream/ReferencePipeline$5 done
Event: 2566.897 Loading class java/util/function/LongBinaryOperator
Event: 2566.898 Loading class java/util/function/LongBinaryOperator done
Event: 2566.911 Loading class java/util/stream/ReduceOps$10
Event: 2566.912 Loading class java/util/stream/ReduceOps$10 done
Event: 2566.913 Loading class java/util/stream/ReduceOps$8ReducingSink
Event: 2566.940 Loading class java/util/stream/Sink$OfLong
Event: 2566.960 Loading class java/util/stream/Sink$OfLong done
Event: 2566.960 Loading class java/util/stream/ReduceOps$8ReducingSink done
Event: 2566.961 Loading class java/util/stream/ReferencePipeline$5$1
Event: 2566.962 Loading class java/util/stream/ReferencePipeline$5$1 done

Classes unloaded (20 events):
Event: 2510.732 Thread 0x0000023cff24ae30 Unloading class 0x0000023c85a51800 'java/lang/invoke/LambdaForm$MH+0x0000023c85a51800'
Event: 2510.732 Thread 0x0000023cff24ae30 Unloading class 0x0000023c85a51400 'java/lang/invoke/LambdaForm$MH+0x0000023c85a51400'
Event: 2510.732 Thread 0x0000023cff24ae30 Unloading class 0x0000023c85a51000 'java/lang/invoke/LambdaForm$MH+0x0000023c85a51000'
Event: 2510.732 Thread 0x0000023cff24ae30 Unloading class 0x0000023c85a50c00 'java/lang/invoke/LambdaForm$MH+0x0000023c85a50c00'
Event: 2510.732 Thread 0x0000023cff24ae30 Unloading class 0x0000023c85a50800 'java/lang/invoke/LambdaForm$MH+0x0000023c85a50800'
Event: 2510.732 Thread 0x0000023cff24ae30 Unloading class 0x0000023c85a50400 'java/lang/invoke/LambdaForm$MH+0x0000023c85a50400'
Event: 2510.732 Thread 0x0000023cff24ae30 Unloading class 0x0000023c85a50000 'java/lang/invoke/LambdaForm$MH+0x0000023c85a50000'
Event: 2510.733 Thread 0x0000023cff24ae30 Unloading class 0x0000023c85a21000 'java/lang/invoke/LambdaForm$MH+0x0000023c85a21000'
Event: 2510.733 Thread 0x0000023cff24ae30 Unloading class 0x0000023c85a20c00 'java/lang/invoke/LambdaForm$MH+0x0000023c85a20c00'
Event: 2510.733 Thread 0x0000023cff24ae30 Unloading class 0x0000023c85a20800 'java/lang/invoke/LambdaForm$MH+0x0000023c85a20800'
Event: 2510.733 Thread 0x0000023cff24ae30 Unloading class 0x0000023c85a20400 'java/lang/invoke/LambdaForm$MH+0x0000023c85a20400'
Event: 2510.733 Thread 0x0000023cff24ae30 Unloading class 0x0000023c85a20000 'java/lang/invoke/LambdaForm$MH+0x0000023c85a20000'
Event: 2510.733 Thread 0x0000023cff24ae30 Unloading class 0x0000023c85a1d400 'java/lang/invoke/LambdaForm$MH+0x0000023c85a1d400'
Event: 2510.733 Thread 0x0000023cff24ae30 Unloading class 0x0000023c859c0000 'jdk/internal/reflect/GeneratedSerializationConstructorAccessor21'
Event: 2510.734 Thread 0x0000023cff24ae30 Unloading class 0x0000023c859b4000 'jdk/internal/reflect/GeneratedSerializationConstructorAccessor20'
Event: 2510.735 Thread 0x0000023cff24ae30 Unloading class 0x0000023c859ac000 'jdk/internal/reflect/GeneratedSerializationConstructorAccessor15'
Event: 2510.735 Thread 0x0000023cff24ae30 Unloading class 0x0000023c859a2400 'jdk/internal/reflect/GeneratedSerializationConstructorAccessor14'
Event: 2510.735 Thread 0x0000023cff24ae30 Unloading class 0x0000023c859a1c00 'jdk/internal/reflect/GeneratedSerializationConstructorAccessor12'
Event: 2510.735 Thread 0x0000023cff24ae30 Unloading class 0x0000023c85998400 'jdk/internal/reflect/GeneratedSerializationConstructorAccessor8'
Event: 2510.735 Thread 0x0000023cff24ae30 Unloading class 0x0000023c85995800 'jdk/internal/reflect/GeneratedSerializationConstructorAccessor5'

Classes redefined (0 events):
No events

Internal exceptions (20 events):
Event: 2174.928 Thread 0x0000023cd0a883c0 Implicit null exception at 0x0000023cf4903746 to 0x0000023cf490a0e8
Event: 2174.934 Thread 0x0000023cd0a87490 Exception <a 'java/lang/NoSuchMethodError'{0x000000008b924770}: 'java.lang.Object java.lang.invoke.DelegatingMethodHandle$Holder.reinvoke_L(java.lang.Object, long, java.lang.Object, java.lang.Object, java.lang.Object, java.lang.Object, java.lang.Object, java.lang.Object, java.lang.Object, int, java.lang.Object, java.lang.Object)'> (0x000000008b924770) 
thrown [s\src\hotspot\share\interpreter\linkResolver.cpp, line 759]
Event: 2175.904 Thread 0x0000023cd0a8b150 Implicit null exception at 0x0000023cf4758609 to 0x0000023cf475ac6c
Event: 2184.361 Thread 0x0000023cd0a86560 Implicit null exception at 0x0000023cf4ddc952 to 0x0000023cf4ddca90
Event: 2185.734 Thread 0x0000023cd0a88de0 Implicit null exception at 0x0000023cf4c8cf44 to 0x0000023cf4c8f0bc
Event: 2513.997 Thread 0x0000023cd0a8b150 Exception <a 'java/lang/NoSuchMethodError'{0x000000008bab3170}: 'java.lang.Object java.lang.invoke.DirectMethodHandle$Holder.invokeSpecial(java.lang.Object, java.lang.Object, long, java.lang.Object, java.lang.Object, java.lang.Object, java.lang.Object, java.lang.Object, java.lang.Object, int)'> (0x000000008bab3170) 
thrown [s\src\hotspot\share\interpreter\linkResolver.cpp, line 759]
Event: 2514.003 Thread 0x0000023cd0a8b150 Exception <a 'java/lang/NoSuchMethodError'{0x000000008bab8288}: 'java.lang.Object java.lang.invoke.DelegatingMethodHandle$Holder.reinvoke_L(java.lang.Object, long, java.lang.Object, java.lang.Object, java.lang.Object, java.lang.Object, java.lang.Object, java.lang.Object, int)'> (0x000000008bab8288) 
thrown [s\src\hotspot\share\interpreter\linkResolver.cpp, line 759]
Event: 2801.820 Thread 0x0000023cd0a8b150 Exception <a 'java/lang/NoSuchMethodError'{0x000000008a3a0c28}: 'double java.lang.invoke.DirectMethodHandle$Holder.invokeStatic(java.lang.Object, java.lang.Object)'> (0x000000008a3a0c28) 
thrown [s\src\hotspot\share\interpreter\linkResolver.cpp, line 759]
Event: 2801.834 Thread 0x0000023cd0a88de0 Exception <a 'java/lang/NoSuchMethodError'{0x000000008a3523b0}: 'java.lang.Object java.lang.invoke.DelegatingMethodHandle$Holder.reinvoke_L(java.lang.Object, java.lang.Object, long, java.lang.Object, java.lang.Object, java.lang.Object, java.lang.Object, java.lang.Object, java.lang.Object, java.lang.Object, java.lang.Object, java.lang.Object, java.lang.Object, java.lang.Object, java.lang.Object, java.lang.Object, java.lang.Object, java.lang.Object, java.lang.Object, java.lang.Object)'> (0x000000008a3523b0) 
Event: 2802.141 Thread 0x0000023cd0a88de0 Exception <a 'java/lang/NoSuchMethodError'{0x000000008d3c87d8}: 'java.lang.Object java.lang.invoke.DirectMethodHandle$Holder.invokeSpecial(java.lang.Object, java.lang.Object, long, java.lang.Object, java.lang.Object, java.lang.Object, java.lang.Object, java.lang.Object, java.lang.Object, java.lang.Object, java.lang.Object, java.lang.Object, java.lang.Object, java.lang.Object, java.lang.Object, java.lang.Object, java.lang.Object, java.lang.Object, java.lang.Object, java.lang.Object)'> (0x000000008d3c87d8) 

Event: 2802.160 Thread 0x0000023cd0a88de0 Exception <a 'java/lang/NoSuchMethodError'{0x000000008d3ce870}: 'java.lang.Object java.lang.invoke.DelegatingMethodHandle$Holder.reinvoke_L(java.lang.Object, long, java.lang.Object, java.lang.Object, java.lang.Object, java.lang.Object, java.lang.Object, java.lang.Object, java.lang.Object, java.lang.Object, java.lang.Object, java.lang.Object, java.lang.Object, java.lang.Object, java.lang.Object, java.lang.Object, java.lang.Object, java.lang.Object, java.lang.Object)'> (0x000000008d3ce870) 
thrown [s\src\hot
Event: 2802.540 Thread 0x0000023cd0a88de0 Exception <a 'java/lang/NoSuchMethodError'{0x000000008cfaa698}: 'java.lang.Object java.lang.invoke.Invokers$Holder.linkToTargetMethod(java.lang.Object, java.lang.Object, java.lang.Object, java.lang.Object, java.lang.Object, java.lang.Object, java.lang.Object, java.lang.Object, java.lang.Object, java.lang.Object, java.lang.Object, java.lang.Object, java.lang.Object, java.lang.Object, java.lang.Object, java.lang.Object, java.lang.Object, java.lang.Object)'> (0x000000008cfaa698) 
thrown [s\src\hotspot\share\i
Event: 2811.385 Thread 0x0000023cd0a86560 Exception <a 'java/lang/NoSuchMethodError'{0x000000008b738e80}: 'java.lang.Object java.lang.invoke.DirectMethodHandle$Holder.invokeSpecial(java.lang.Object, java.lang.Object, long, java.lang.Object, java.lang.Object, java.lang.Object, java.lang.Object, java.lang.Object, java.lang.Object, java.lang.Object, java.lang.Object, java.lang.Object, java.lang.Object, java.lang.Object)'> (0x000000008b738e80) 
thrown [s\src\hotspot\share\interpreter\linkResolver.cpp, line 759]
Event: 2811.387 Thread 0x0000023cd0a87490 Exception <a 'java/lang/NoSuchMethodError'{0x000000008b74b710}: 'java.lang.Object java.lang.invoke.DelegatingMethodHandle$Holder.reinvoke_L(java.lang.Object, java.lang.Object, long, java.lang.Object, java.lang.Object, java.lang.Object, java.lang.Object, java.lang.Object, java.lang.Object, java.lang.Object, java.lang.Object, java.lang.Object, java.lang.Object, java.lang.Object, java.lang.Object, int, java.lang.Object, java.lang.Object)'> (0x000000008b74b710) 
thrown [s\src\hotspot\share\interpreter\linkReso
Event: 2811.389 Thread 0x0000023cd0a86560 Exception <a 'java/lang/NoSuchMethodError'{0x000000008b73de80}: 'java.lang.Object java.lang.invoke.DelegatingMethodHandle$Holder.reinvoke_L(java.lang.Object, long, java.lang.Object, java.lang.Object, java.lang.Object, java.lang.Object, java.lang.Object, java.lang.Object, java.lang.Object, java.lang.Object, java.lang.Object, java.lang.Object, java.lang.Object)'> (0x000000008b73de80) 
thrown [s\src\hotspot\share\interpreter\linkResolver.cpp, line 759]
Event: 2811.423 Thread 0x0000023cd0a86560 Exception <a 'java/lang/NoSuchMethodError'{0x000000008b7d5be8}: 'java.lang.Object java.lang.invoke.DirectMethodHandle$Holder.invokeSpecial(java.lang.Object, java.lang.Object, java.lang.Object, java.lang.Object, java.lang.Object, java.lang.Object, java.lang.Object, java.lang.Object, java.lang.Object, java.lang.Object, java.lang.Object, java.lang.Object, java.lang.Object)'> (0x000000008b7d5be8) 
thrown [s\src\hotspot\share\interpreter\linkResolver.cpp, line 759]
Event: 2811.429 Thread 0x0000023cd0a86560 Exception <a 'java/lang/NoSuchMethodError'{0x000000008b7dab30}: 'java.lang.Object java.lang.invoke.Invokers$Holder.linkToTargetMethod(java.lang.Object, java.lang.Object, java.lang.Object, java.lang.Object, java.lang.Object, java.lang.Object, java.lang.Object, java.lang.Object, java.lang.Object, java.lang.Object, java.lang.Object, java.lang.Object)'> (0x000000008b7dab30) 
thrown [s\src\hotspot\share\interpreter\linkResolver.cpp, line 759]
Event: 2811.432 Thread 0x0000023cd0a87490 Exception <a 'java/lang/NoSuchMethodError'{0x000000008b7e95f8}: 'java.lang.Object java.lang.invoke.DirectMethodHandle$Holder.invokeSpecial(java.lang.Object, java.lang.Object, long, java.lang.Object, java.lang.Object, java.lang.Object, java.lang.Object, java.lang.Object, java.lang.Object, java.lang.Object, java.lang.Object, java.lang.Object, java.lang.Object, java.lang.Object, java.lang.Object, int, java.lang.Object, java.lang.Object)'> (0x000000008b7e95f8) 
thrown [s\src\hotspot\share\interpreter\linkResol
Event: 2811.434 Thread 0x0000023cd0a87490 Exception <a 'java/lang/NoSuchMethodError'{0x000000008b7eed28}: 'java.lang.Object java.lang.invoke.DelegatingMethodHandle$Holder.reinvoke_L(java.lang.Object, long, java.lang.Object, java.lang.Object, java.lang.Object, java.lang.Object, java.lang.Object, java.lang.Object, java.lang.Object, java.lang.Object, java.lang.Object, java.lang.Object, java.lang.Object, java.lang.Object, int, java.lang.Object, java.lang.Object)'> (0x000000008b7eed28) 
thrown [s\src\hotspot\share\interpreter\linkResolver.cpp, line 759
Event: 2908.198 Thread 0x0000023cd0a86f80 Exception <a 'java/lang/NoSuchMethodError'{0x000000008b31f0d8}: 'java.lang.Object java.lang.invoke.DirectMethodHandle$Holder.invokeStaticInit(java.lang.Object, int)'> (0x000000008b31f0d8) 
thrown [s\src\hotspot\share\interpreter\linkResolver.cpp, line 759]

VM Operations (20 events):
Event: 5421.954 Executing VM operation: Cleanup
Event: 5421.954 Executing VM operation: Cleanup done
Event: 5494.691 Executing VM operation: Cleanup
Event: 5494.704 Executing VM operation: Cleanup done
Event: 5496.558 Executing VM operation: G1CollectForAllocation
Event: 5496.681 Executing VM operation: G1CollectForAllocation done
Event: 5498.695 Executing VM operation: Cleanup
Event: 5498.695 Executing VM operation: Cleanup done
Event: 5501.725 Executing VM operation: Cleanup
Event: 5501.726 Executing VM operation: Cleanup done
Event: 5535.108 Executing VM operation: HandshakeAllThreads
Event: 5535.109 Executing VM operation: HandshakeAllThreads done
Event: 5549.277 Executing VM operation: Cleanup
Event: 5549.315 Executing VM operation: Cleanup done
Event: 5550.326 Executing VM operation: Cleanup
Event: 5550.403 Executing VM operation: Cleanup done
Event: 5551.406 Executing VM operation: Cleanup
Event: 5551.433 Executing VM operation: Cleanup done
Event: 5555.516 Executing VM operation: Cleanup
Event: 5555.820 Executing VM operation: Cleanup done

Memory protections (0 events):
No events

Nmethod flushes (20 events):
Event: 2810.523 Thread 0x0000023cff27c1c0 flushing  nmethod 0x0000023cedf30d90
Event: 2810.523 Thread 0x0000023cff27c1c0 flushing  nmethod 0x0000023cedf35790
Event: 2810.523 Thread 0x0000023cff27c1c0 flushing  nmethod 0x0000023cedf35d10
Event: 2810.523 Thread 0x0000023cff27c1c0 flushing  nmethod 0x0000023cedf39e10
Event: 2810.523 Thread 0x0000023cff27c1c0 flushing  nmethod 0x0000023cedf3a110
Event: 2810.524 Thread 0x0000023cff27c1c0 flushing  nmethod 0x0000023cedf3ae10
Event: 2810.524 Thread 0x0000023cff27c1c0 flushing  nmethod 0x0000023cedf3b290
Event: 2810.524 Thread 0x0000023cff27c1c0 flushing  nmethod 0x0000023cedf41890
Event: 2810.524 Thread 0x0000023cff27c1c0 flushing  nmethod 0x0000023cedf48790
Event: 2810.524 Thread 0x0000023cff27c1c0 flushing  nmethod 0x0000023cedf4ae90
Event: 2810.524 Thread 0x0000023cff27c1c0 flushing  nmethod 0x0000023cedf5b190
Event: 2810.524 Thread 0x0000023cff27c1c0 flushing  nmethod 0x0000023cedf61590
Event: 2810.524 Thread 0x0000023cff27c1c0 flushing  nmethod 0x0000023cedf78690
Event: 2810.525 Thread 0x0000023cff27c1c0 flushing  nmethod 0x0000023cedfc0210
Event: 2810.525 Thread 0x0000023cff27c1c0 flushing  nmethod 0x0000023cee00e810
Event: 2810.525 Thread 0x0000023cff27c1c0 flushing  nmethod 0x0000023cee015510
Event: 2810.526 Thread 0x0000023cff27c1c0 flushing  nmethod 0x0000023cee060890
Event: 2810.531 Thread 0x0000023cff27c1c0 flushing  nmethod 0x0000023cee358b90
Event: 2810.531 Thread 0x0000023cff27c1c0 flushing  nmethod 0x0000023cee379d10
Event: 2810.532 Thread 0x0000023cff27c1c0 flushing  nmethod 0x0000023cee3da310

Events (20 events):
Event: 5429.742 Thread 0x0000023cccc02c80 Thread exited: 0x0000023cccc02c80
Event: 5430.662 Thread 0x0000023ccf202010 Thread added: 0x0000023cccc03bb0
Event: 5430.662 Thread 0x0000023ccf202010 Thread added: 0x0000023cccc04ff0
Event: 5436.541 Thread 0x0000023cccc03bb0 Thread exited: 0x0000023cccc03bb0
Event: 5436.580 Thread 0x0000023cccc04ff0 Thread exited: 0x0000023cccc04ff0
Event: 5447.172 Thread 0x0000023ccf202010 Thread added: 0x0000023cccc01d50
Event: 5447.172 Thread 0x0000023ccf202010 Thread added: 0x0000023cccc036a0
Event: 5452.184 Thread 0x0000023cccc01d50 Thread exited: 0x0000023cccc01d50
Event: 5452.224 Thread 0x0000023cccc036a0 Thread exited: 0x0000023cccc036a0
Event: 5492.581 Thread 0x0000023cd0a8b150 Thread added: 0x0000023cccc01d50
Event: 5492.599 Thread 0x0000023cd0a8b150 Thread added: 0x0000023cccc02260
Event: 5492.600 Thread 0x0000023cd0a8b150 Thread added: 0x0000023cccc040c0
Event: 5496.295 Thread 0x0000023cd0a88de0 Thread added: 0x0000023cccc02770
Event: 5501.314 Thread 0x0000023cccc02770 Thread exited: 0x0000023cccc02770
Event: 5548.027 Thread 0x0000023cc9ec2c60 Thread added: 0x0000023cccc02770
Event: 5548.028 Thread 0x0000023cc9ec2c60 Thread added: 0x0000023cccc03bb0
Event: 5548.040 Thread 0x0000023cc9ec2c60 Thread added: 0x0000023cccc045d0
Event: 5553.507 Thread 0x0000023cccc01d50 Thread exited: 0x0000023cccc01d50
Event: 5553.508 Thread 0x0000023cccc040c0 Thread exited: 0x0000023cccc040c0
Event: 5553.512 Thread 0x0000023cccc02260 Thread exited: 0x0000023cccc02260


Dynamic libraries:
0x00007ff7eb240000 - 0x00007ff7eb24e000 	C:\Users\Sniffer\.jdks\ms-17.0.19\bin\java.exe
0x00007ffe020c0000 - 0x00007ffe02327000 	C:\WINDOWS\SYSTEM32\ntdll.dll
0x00007ffe00400000 - 0x00007ffe004c9000 	C:\WINDOWS\System32\KERNEL32.DLL
0x00007ffdfeaf0000 - 0x00007ffdfeee7000 	C:\WINDOWS\System32\KERNELBASE.dll
0x00007ffdff070000 - 0x00007ffdff1bb000 	C:\WINDOWS\System32\ucrtbase.dll
0x00007ffdf6e80000 - 0x00007ffdf6e98000 	C:\Users\Sniffer\.jdks\ms-17.0.19\bin\jli.dll
0x00007ffe00630000 - 0x00007ffe007f6000 	C:\WINDOWS\System32\USER32.dll
0x00007ffdffce0000 - 0x00007ffdffd07000 	C:\WINDOWS\System32\win32u.dll
0x00007ffe01f50000 - 0x00007ffe01f7b000 	C:\WINDOWS\System32\GDI32.dll
0x00007ffdffd10000 - 0x00007ffdffe3c000 	C:\WINDOWS\System32\gdi32full.dll
0x00007ffdffaf0000 - 0x00007ffdffb93000 	C:\WINDOWS\System32\msvcp_win.dll
0x00007ffde0b10000 - 0x00007ffde0b2e000 	C:\Users\Sniffer\.jdks\ms-17.0.19\bin\VCRUNTIME140.dll
0x00007ffdde0c0000 - 0x00007ffdde352000 	C:\WINDOWS\WinSxS\amd64_microsoft.windows.common-controls_6595b64144ccf1df_6.0.26100.8457_none_3e0b2faee331e92d\COMCTL32.dll
0x00007ffe01cc0000 - 0x00007ffe01d69000 	C:\WINDOWS\System32\msvcrt.dll
0x00007ffe014c0000 - 0x00007ffe014f2000 	C:\WINDOWS\System32\IMM32.DLL
0x00007ffdeff50000 - 0x00007ffdeff5c000 	C:\Users\Sniffer\.jdks\ms-17.0.19\bin\vcruntime140_1.dll
0x00007ffd99b70000 - 0x00007ffd99bf9000 	C:\Users\Sniffer\.jdks\ms-17.0.19\bin\msvcp140.dll
0x00007ffd4d210000 - 0x00007ffd4de8b000 	C:\Users\Sniffer\.jdks\ms-17.0.19\bin\server\jvm.dll
0x00007ffe01380000 - 0x00007ffe01436000 	C:\WINDOWS\System32\ADVAPI32.dll
0x00007ffe011f0000 - 0x00007ffe01297000 	C:\WINDOWS\System32\sechost.dll
0x00007ffe01070000 - 0x00007ffe01188000 	C:\WINDOWS\System32\RPCRT4.dll
0x00007ffe01bb0000 - 0x00007ffe01c30000 	C:\WINDOWS\System32\WS2_32.dll
0x00007ffde5e60000 - 0x00007ffde5e96000 	C:\WINDOWS\SYSTEM32\WINMM.dll
0x00007ffdf7340000 - 0x00007ffdf734b000 	C:\WINDOWS\SYSTEM32\VERSION.dll
0x00007ffdfe950000 - 0x00007ffdfe9ae000 	C:\WINDOWS\SYSTEM32\POWRPROF.dll
0x00007ffdfe930000 - 0x00007ffdfe944000 	C:\WINDOWS\SYSTEM32\UMPDC.dll
0x00007ffdfd840000 - 0x00007ffdfd85b000 	C:\WINDOWS\SYSTEM32\kernel.appcore.dll
0x00007ffde4560000 - 0x00007ffde456a000 	C:\Users\Sniffer\.jdks\ms-17.0.19\bin\jimage.dll
0x00007ffdfcbe0000 - 0x00007ffdfce22000 	C:\WINDOWS\SYSTEM32\DBGHELP.DLL
0x00007ffe00070000 - 0x00007ffe003f3000 	C:\WINDOWS\System32\combase.dll
0x00007ffe012a0000 - 0x00007ffe01379000 	C:\WINDOWS\System32\OLEAUT32.dll
0x00007ffddd5d0000 - 0x00007ffddd60b000 	C:\WINDOWS\SYSTEM32\dbgcore.DLL
0x00007ffdffba0000 - 0x00007ffdffc48000 	C:\WINDOWS\System32\bcryptPrimitives.dll
0x00007ffde4500000 - 0x00007ffde450f000 	C:\Users\Sniffer\.jdks\ms-17.0.19\bin\instrument.dll
0x00007ffde0ae0000 - 0x00007ffde0b06000 	C:\Users\Sniffer\.jdks\ms-17.0.19\bin\java.dll
0x00007ffd87d80000 - 0x00007ffd87e56000 	C:\Users\Sniffer\.jdks\ms-17.0.19\bin\jsvml.dll
0x00007ffe008f0000 - 0x00007ffe0105e000 	C:\WINDOWS\System32\SHELL32.dll
0x00007ffdff280000 - 0x00007ffdffaec000 	C:\WINDOWS\System32\windows.storage.dll
0x00007ffe01f80000 - 0x00007ffe02076000 	C:\WINDOWS\System32\SHCORE.dll
0x00007ffdffe70000 - 0x00007ffdffed6000 	C:\WINDOWS\System32\shlwapi.dll
0x00007ffdfea10000 - 0x00007ffdfea39000 	C:\WINDOWS\SYSTEM32\profapi.dll
0x00007ffdd7fe0000 - 0x00007ffdd7ff8000 	C:\Users\Sniffer\.jdks\ms-17.0.19\bin\zip.dll
0x00007ffdb9250000 - 0x00007ffdb926b000 	C:\Users\Sniffer\.jdks\ms-17.0.19\bin\net.dll
0x00007ffded510000 - 0x00007ffded639000 	C:\WINDOWS\SYSTEM32\WINHTTP.dll
0x00007ffdfdd90000 - 0x00007ffdfddfc000 	C:\WINDOWS\system32\mswsock.dll
0x00007ffdb8e20000 - 0x00007ffdb8e36000 	C:\Users\Sniffer\.jdks\ms-17.0.19\bin\nio.dll
0x00007ffdb8c10000 - 0x00007ffdb8c2a000 	C:\Program Files\JetBrains\IntelliJ IDEA Community Edition 2024.2.3\bin\breakgen64.dll
0x00007ffdd3470000 - 0x00007ffdd3479000 	C:\Users\Sniffer\.jdks\ms-17.0.19\bin\extnet.dll
0x00007ffdd7730000 - 0x00007ffdd773e000 	C:\Users\Sniffer\.jdks\ms-17.0.19\bin\sunmscapi.dll
0x00007ffdfeef0000 - 0x00007ffdff068000 	C:\WINDOWS\System32\CRYPT32.dll
0x00007ffdfe2f0000 - 0x00007ffdfe320000 	C:\WINDOWS\SYSTEM32\ncrypt.dll
0x00007ffdfe2a0000 - 0x00007ffdfe2df000 	C:\WINDOWS\SYSTEM32\NTASN1.dll
0x00007ffdfe190000 - 0x00007ffdfe1ab000 	C:\WINDOWS\SYSTEM32\CRYPTSP.dll
0x00007ffdfd7a0000 - 0x00007ffdfd7d9000 	C:\WINDOWS\system32\rsaenh.dll
0x00007ffdfde40000 - 0x00007ffdfde73000 	C:\WINDOWS\SYSTEM32\USERENV.dll
0x00007ffdfe9e0000 - 0x00007ffdfea0a000 	C:\WINDOWS\SYSTEM32\bcrypt.dll
0x00007ffdfdff0000 - 0x00007ffdfdffc000 	C:\WINDOWS\SYSTEM32\CRYPTBASE.dll
0x00007ffdfd2e0000 - 0x00007ffdfd312000 	C:\WINDOWS\SYSTEM32\IPHLPAPI.DLL
0x00007ffe01500000 - 0x00007ffe0150a000 	C:\WINDOWS\System32\NSI.dll
0x00007ffded4f0000 - 0x00007ffded50d000 	C:\WINDOWS\SYSTEM32\dhcpcsvc6.DLL
0x00007ffded4c0000 - 0x00007ffded4e5000 	C:\WINDOWS\SYSTEM32\dhcpcsvc.DLL
0x00007ffdfd320000 - 0x00007ffdfd452000 	C:\WINDOWS\SYSTEM32\DNSAPI.dll
0x00007ffde22d0000 - 0x00007ffde22da000 	C:\Users\Sniffer\.jdks\ms-17.0.19\bin\management.dll
0x00007ffde0b90000 - 0x00007ffde0b9c000 	C:\Users\Sniffer\.jdks\ms-17.0.19\bin\management_ext.dll
0x00007ffe00810000 - 0x00007ffe00818000 	C:\WINDOWS\System32\PSAPI.DLL
0x00007ffdce070000 - 0x00007ffdce080000 	C:\Users\Sniffer\.jdks\ms-17.0.19\bin\verify.dll
0x00007ffdf0690000 - 0x00007ffdf069b000 	C:\Windows\System32\rasadhlp.dll
0x00007ffdf7780000 - 0x00007ffdf7806000 	C:\WINDOWS\System32\fwpuclnt.dll
0x00007ffdf0b60000 - 0x00007ffdf0b68000 	C:\WINDOWS\system32\wshunix.dll

dbghelp: loaded successfully - version: 4.0.5 - missing functions: none
symbol engine: initialized successfully - sym options: 0x614 - pdb path: .;C:\Users\Sniffer\.jdks\ms-17.0.19\bin;C:\WINDOWS\SYSTEM32;C:\WINDOWS\WinSxS\amd64_microsoft.windows.common-controls_6595b64144ccf1df_6.0.26100.8457_none_3e0b2faee331e92d;C:\Users\Sniffer\.jdks\ms-17.0.19\bin\server;C:\Program Files\JetBrains\IntelliJ IDEA Community Edition 2024.2.3\bin

VM Arguments:
jvm_args: -javaagent:C:\Program Files\JetBrains\IntelliJ IDEA Community Edition 2024.2.3\lib\idea_rt.jar=62891:C:\Program Files\JetBrains\IntelliJ IDEA Community Edition 2024.2.3\bin -Dfile.encoding=UTF-8 
java_command: com.ges.boutique.BoutiqueApplication
java_class_path (initial): C:\Users\Sniffer\Documents\alimentation-payement-back-front\alimentation-boutique-back\boutique\target\classes;C:\Users\Sniffer\.m2\repository\org\springframework\boot\spring-boot-starter-web\3.2.0\spring-boot-starter-web-3.2.0.jar;C:\Users\Sniffer\.m2\repository\org\springframework\boot\spring-boot-starter\3.2.0\spring-boot-starter-3.2.0.jar;C:\Users\Sniffer\.m2\repository\org\springframework\boot\spring-boot\3.2.0\spring-boot-3.2.0.jar;C:\Users\Sniffer\.m2\repository\org\springframework\boot\spring-boot-autoconfigure\3.2.0\spring-boot-autoconfigure-3.2.0.jar;C:\Users\Sniffer\.m2\repository\org\springframework\boot\spring-boot-starter-logging\3.2.0\spring-boot-starter-logging-3.2.0.jar;C:\Users\Sniffer\.m2\repository\org\apache\logging\log4j\log4j-to-slf4j\2.21.1\log4j-to-slf4j-2.21.1.jar;C:\Users\Sniffer\.m2\repository\org\slf4j\jul-to-slf4j\2.0.9\jul-to-slf4j-2.0.9.jar;C:\Users\Sniffer\.m2\repository\jakarta\annotation\jakarta.annotation-api\2.1.1\jakarta.annotation-api-2.1.1.jar;C:\Users\Sniffer\.m2\repository\org\yaml\snakeyaml\2.2\snakeyaml-2.2.jar;C:\Users\Sniffer\.m2\repository\org\springframework\boot\spring-boot-starter-json\3.2.0\spring-boot-starter-json-3.2.0.jar;C:\Users\Sniffer\.m2\repository\com\fasterxml\jackson\datatype\jackson-datatype-jdk8\2.15.3\jackson-datatype-jdk8-2.15.3.jar;C:\Users\Sniffer\.m2\repository\com\fasterxml\jackson\module\jackson-module-parameter-names\2.15.3\jackson-module-parameter-names-2.15.3.jar;C:\Users\Sniffer\.m2\repository\org\springframework\boot\spring-boot-starter-tomcat\3.2.0\spring-boot-starter-tomcat-3.2.0.jar;C:\Users\Sniffer\.m2\repository\org\apache\tomcat\embed\tomcat-embed-core\10.1.16\tomcat-embed-core-10.1.16.jar;C:\Users\Sniffer\.m2\repository\org\apache\tomcat\embed\tomcat-embed-websocket\10.1.16\tomcat-embed-websocket-10.1.16.jar;C:\Users\Sniffer\.m2\repository\org\springframework\spring-web\6.1.1\spring-web-6.1.1.jar;C:\Users\Sniffer\.m2\repository\org\springframework\spring-b
Launcher Type: SUN_STANDARD

[Global flags]
     intx CICompilerCount                          = 3                                         {product} {ergonomic}
     uint ConcGCThreads                            = 1                                         {product} {ergonomic}
     uint G1ConcRefinementThreads                  = 4                                         {product} {ergonomic}
   size_t G1HeapRegionSize                         = 1048576                                   {product} {ergonomic}
    uintx GCDrainStackTargetSize                   = 64                                        {product} {ergonomic}
   size_t InitialHeapSize                          = 130023424                                 {product} {ergonomic}
   size_t MarkStackSize                            = 4194304                                   {product} {ergonomic}
   size_t MaxHeapSize                              = 2055208960                                {product} {ergonomic}
   size_t MaxNewSize                               = 1233125376                                {product} {ergonomic}
   size_t MinHeapDeltaBytes                        = 1048576                                   {product} {ergonomic}
   size_t MinHeapSize                              = 8388608                                   {product} {ergonomic}
    uintx NonNMethodCodeHeapSize                   = 5832780                                {pd product} {ergonomic}
    uintx NonProfiledCodeHeapSize                  = 122912730                              {pd product} {ergonomic}
    uintx ProfiledCodeHeapSize                     = 122912730                              {pd product} {ergonomic}
    uintx ReservedCodeCacheSize                    = 251658240                              {pd product} {ergonomic}
     bool SegmentedCodeCache                       = true                                      {product} {ergonomic}
   size_t SoftMaxHeapSize                          = 2055208960                             {manageable} {ergonomic}
     bool UseCompressedClassPointers               = true                           {product lp64_product} {ergonomic}
     bool UseCompressedOops                        = true                           {product lp64_product} {ergonomic}
     bool UseG1GC                                  = true                                      {product} {ergonomic}
     bool UseLargePagesIndividualAllocation        = false                                  {pd product} {ergonomic}

Logging:
Log output configuration:
 #0: stdout all=warning uptime,level,tags
 #1: stderr all=off uptime,level,tags

Environment Variables:
PATH=C:\wamp64\bin\php\php8.2.26;C:\wamp64\bin\php\php8.4.0;C:\laragon\bin\php\php8.4.0\php.exe;C:\laragon\bin\php\php8.3.1\php.exe;C:\laragon\bin\php\php-8.2.1\php.exe;C:\Python314\Scripts\;C:\Python314\;C:\Program Files\Common Files\Oracle\Java\javapath;C:\WINDOWS\system32;C:\WINDOWS;C:\WINDOWS\System32\Wbem;C:\WINDOWS\System32\WindowsPowerShell\v1.0\;C:\WINDOWS\System32\OpenSSH\;C:\ProgramData\chocolatey\bin;C:\ProgramData\chocolatey\lib\maven\apache-maven-3.9.12\bin;C:\Program Files\nodejs\;C:\Program Files\cursor\resources\app\bin;C:\laragon\bin\php\php-8.1.10-Win32-vs16-x64;C:\composer;C:\laragon\bin\php\php-8.1.10-Win32-vs16-x64\php.exe;C:\Program Files\Git\cmd;C:\laragon\bin;C:\laragon\bin\apache\httpd-2.4.54-win64-VS16\bin;C:\laragon\bin\composer;C:\laragon\bin\git\bin;C:\laragon\bin\git\cmd;C:\laragon\bin\git\mingw64\bin;C:\laragon\bin\git\usr\bin;C:\laragon\bin\laragon\utils;C:\laragon\bin\mysql\mysql-8.0.30-winx64\bin;C:\laragon\bin\nginx\nginx-1.22.0;C:\laragon\bin\ngrok;C:\laragon\bin\nodejs\node-v18;C:\laragon\bin\notepad++;C:\laragon\bin\php\php-8.1.10-Win32-vs16-x64;C:\laragon\bin\python\python-3.10;C:\laragon\bin\python\python-3.10\Scripts;C:\laragon\bin\redis\redis-x64-5.0.14.1;C:\laragon\bin\telnet;C:\laragon\usr\bin;C:\Users\Sniffer\AppData\Local\Yarn\config\global\node_modules\.bin;C:\Users\Sniffer\AppData\Roaming\Composer\vendor\bin;C:\Users\Sniffer\AppData\Roaming\npm;C:\Users\Sniffer\scoop\shims;C:\Users\Sniffer\AppData\Local\Microsoft\WindowsApps;C:\Program Files\JetBrains\IntelliJ IDEA Community Edition 2024.2.3\bin;C:\Users\Sniffer\AppData\Local\Programs\Microsoft VS Code\bin;C:\Users\Sniffer\AppData\Local\GitHubDesktop\bin;C:\Users\Sniffer\AppData\Local\PowerToys\DSCModules\;C:\Users\Sniffer\AppData\Local\Programs\cursor\resources\app\bin;C:\tools\dart-sdk\bin;C:\Users\Sniffer\AppData\Local\Pub\Cache\bin;C:\flutter-tool\dart-sdk;C:\Users\Sniffer\AppData\Local\Microsoft\WindowsApps;C:\Users\Sniffer\.local\bin;C:\Users\Sniffer\AppData\Local\Programs\Antigravity\bin
USERNAME=Sniffer
OS=Windows_NT
PROCESSOR_IDENTIFIER=Intel64 Family 6 Model 122 Stepping 8, GenuineIntel
TMP=C:\Users\Sniffer\AppData\Local\Temp
TEMP=C:\Users\Sniffer\AppData\Local\Temp



Periodic native trim disabled


---------------  S Y S T E M  ---------------

OS:
 Windows 11 , 64 bit Build 26100 (10.0.26100.8328)
OS uptime: 1 days 11:29 hours
Hyper-V role detected

CPU: total 4 (initial active 4) (4 cores per cpu, 1 threads per core) family 6 model 122 stepping 8 microcode 0x22, cx8, cmov, fxsr, mmx, 3dnowpref, sse, sse2, sse3, ssse3, sse4.1, sse4.2, popcnt, tsc, tscinvbit, aes, erms, clmul, sha, clflush, clflushopt, hv
Processor Information for the first 4 processors :
  Max Mhz: 1101, Current Mhz: 1101, Mhz Limit: 1101

Memory: 4k page, system-wide physical 7839M (426M free)
TotalPageFile size 31391M (AvailPageFile size 1M)
current process WorkingSet (physical memory assigned to process): 151M, peak: 345M
current process commit charge ("private bytes"): 390M, peak: 394M

vm_info: OpenJDK 64-Bit Server VM (17.0.19+10-LTS) for windows-amd64 JRE (17.0.19+10-LTS), built on Apr 18 2026 18:24:40 by "MicrosoftCorporation" with MS VC++ 17.14 (VS2022)

END.
