#
# There is insufficient memory for the Java Runtime Environment to continue.
# Native memory allocation (malloc) failed to allocate 32744 bytes for ChunkPool::allocate
# Possible reasons:
#   The system is out of physical RAM or swap space
#   The process is running with CompressedOops enabled, and the Java Heap may be blocking the growth of the native heap
# Possible solutions:
#   Reduce memory load on the system
#   Increase physical memory or swap space
#   Check if swap backing store is full
#   Decrease Java heap size (-Xmx/-Xms)
#   Decrease number of Java threads
#   Decrease Java thread stack sizes (-Xss)
#   Set larger code cache with -XX:ReservedCodeCacheSize=
#   JVM is running with Unscaled Compressed Oops mode in which the Java heap is
#     placed in the first 4GB address space. The Java Heap base address is the
#     maximum limit for the native heap growth. Please use -XX:HeapBaseMinAddress
#     to set the Java Heap base and to place the Java Heap above 4GB virtual address.
# This output file may be truncated or incomplete.
#
#  Out of Memory Error (arena.cpp:78), pid=10580, tid=10940
#
# JRE version: Java(TM) SE Runtime Environment (17.0.12+8) (build 17.0.12+8-LTS-286)
# Java VM: Java HotSpot(TM) 64-Bit Server VM (17.0.12+8-LTS-286, mixed mode, sharing, tiered, compressed oops, compressed class ptrs, g1 gc, windows-amd64)
# No core dump will be written. Minidumps are not enabled by default on client versions of Windows
#

---------------  S U M M A R Y ------------

Command Line: -Dnet.bytebuddy.agent.attacher.dump= net.bytebuddy.agent.Attacher com.sun.tools.attach.VirtualMachine 12784 C:\Users\Sniffer\.m2\repository\net\bytebuddy\byte-buddy-agent\1.14.10\byte-buddy-agent-1.14.10.jar false 

Host: Intel(R) Celeron(R) N4120 CPU @ 1.10GHz, 4 cores, 3G,  Windows 10 , 64 bit Build 19041 (10.0.19041.5915)
Time: Tue Feb  3 22:12:32 2026 Paris, Madrid elapsed time: 0.425632 seconds (0d 0h 0m 0s)

---------------  T H R E A D  ---------------

Current thread (0x000001a3dc8f8320):  JavaThread "C1 CompilerThread0" daemon [_thread_in_native, id=10940, stack(0x0000002a18600000,0x0000002a18700000)]


Current CompileTask:
C1:    426  222       3       jdk.internal.org.objectweb.asm.Frame::execute (2305 bytes)

Stack: [0x0000002a18600000,0x0000002a18700000]
Native frames: (J=compiled Java code, j=interpreted, Vv=VM code, C=native code)
V  [jvm.dll+0x67a04a]
V  [jvm.dll+0x7da4ed]
V  [jvm.dll+0x7dbe33]
V  [jvm.dll+0x7dc4a3]
V  [jvm.dll+0x24508f]
V  [jvm.dll+0xab9a4]
V  [jvm.dll+0xabd3c]
V  [jvm.dll+0x17af93]
V  [jvm.dll+0x179c9b]
V  [jvm.dll+0x135633]
V  [jvm.dll+0x134eff]
V  [jvm.dll+0x135148]
V  [jvm.dll+0x1345d1]
V  [jvm.dll+0x1362bd]
V  [jvm.dll+0x22610b]
V  [jvm.dll+0x2242ab]
V  [jvm.dll+0x79075c]
V  [jvm.dll+0x78abea]
V  [jvm.dll+0x678f35]
C  [ucrtbase.dll+0x21bb2]
C  [KERNEL32.DLL+0x17374]
C  [ntdll.dll+0x4cc91]


---------------  P R O C E S S  ---------------

Threads class SMR info:
_java_thread_list=0x000001a3dcb42580, length=12, elements={
0x000001a3bf9962a0, 0x000001a3dc8ca450, 0x000001a3dc8cda80, 0x000001a3dc8e3930,
0x000001a3dc8e5500, 0x000001a3dc8e8670, 0x000001a3dc8e97d0, 0x000001a3dc8ee160,
0x000001a3dc8f8320, 0x000001a3dc912d00, 0x000001a3dcb686d0, 0x000001a3dcb6a020
}

Java Threads: ( => current thread )
  0x000001a3bf9962a0 JavaThread "main" [_thread_in_Java, id=10020, stack(0x0000002a17800000,0x0000002a17900000)]
  0x000001a3dc8ca450 JavaThread "Reference Handler" daemon [_thread_blocked, id=11588, stack(0x0000002a17f00000,0x0000002a18000000)]
  0x000001a3dc8cda80 JavaThread "Finalizer" daemon [_thread_blocked, id=10084, stack(0x0000002a18000000,0x0000002a18100000)]
  0x000001a3dc8e3930 JavaThread "Signal Dispatcher" daemon [_thread_blocked, id=8928, stack(0x0000002a18100000,0x0000002a18200000)]
  0x000001a3dc8e5500 JavaThread "Attach Listener" daemon [_thread_blocked, id=11040, stack(0x0000002a18200000,0x0000002a18300000)]
  0x000001a3dc8e8670 JavaThread "Service Thread" daemon [_thread_blocked, id=6556, stack(0x0000002a18300000,0x0000002a18400000)]
  0x000001a3dc8e97d0 JavaThread "Monitor Deflation Thread" daemon [_thread_blocked, id=11780, stack(0x0000002a18400000,0x0000002a18500000)]
  0x000001a3dc8ee160 JavaThread "C2 CompilerThread0" daemon [_thread_in_native, id=6992, stack(0x0000002a18500000,0x0000002a18600000)]
=>0x000001a3dc8f8320 JavaThread "C1 CompilerThread0" daemon [_thread_in_native, id=10940, stack(0x0000002a18600000,0x0000002a18700000)]
  0x000001a3dc912d00 JavaThread "Sweeper thread" daemon [_thread_blocked, id=14512, stack(0x0000002a18700000,0x0000002a18800000)]
  0x000001a3dcb686d0 JavaThread "Notification Thread" daemon [_thread_blocked, id=7332, stack(0x0000002a18800000,0x0000002a18900000)]
  0x000001a3dcb6a020 JavaThread "Common-Cleaner" daemon [_thread_blocked, id=13992, stack(0x0000002a18a00000,0x0000002a18b00000)]

Other Threads:
  0x000001a3dc8c50a0 VMThread "VM Thread" [stack: 0x0000002a17e00000,0x0000002a17f00000] [id=4596]
  0x000001a3dcb6e190 WatcherThread [stack: 0x0000002a18900000,0x0000002a18a00000] [id=10600]
  0x000001a3bf9cede0 GCTaskThread "GC Thread#0" [stack: 0x0000002a17900000,0x0000002a17a00000] [id=9736]
  0x000001a3bf9d7230 ConcurrentGCThread "G1 Main Marker" [stack: 0x0000002a17a00000,0x0000002a17b00000] [id=11348]
  0x000001a3bf9d7c40 ConcurrentGCThread "G1 Conc#0" [stack: 0x0000002a17b00000,0x0000002a17c00000] [id=1184]
  0x000001a3bfa16d80 ConcurrentGCThread "G1 Refine#0" [stack: 0x0000002a17c00000,0x0000002a17d00000] [id=3448]
  0x000001a3bfa177b0 ConcurrentGCThread "G1 Service" [stack: 0x0000002a17d00000,0x0000002a17e00000] [id=13232]

Threads with active compile tasks:
C1 CompilerThread0      486  222       3       jdk.internal.org.objectweb.asm.Frame::execute (2305 bytes)

VM state: not at safepoint (normal execution)

VM Mutex/Monitor currently owned by a thread: None

Heap address: 0x00000000c5800000, size: 936 MB, Compressed Oops mode: 32-bit

CDS archive(s) mapped at: [0x000001a3dd000000-0x000001a3ddbd0000-0x000001a3ddbd0000), size 12386304, SharedBaseAddress: 0x000001a3dd000000, ArchiveRelocationMode: 1.
Compressed class space mapped at: 0x000001a3de000000-0x000001a41e000000, reserved size: 1073741824
Narrow klass base: 0x000001a3dd000000, Narrow klass shift: 0, Narrow klass range: 0x100000000

GC Precious Log:
 CPUs: 4 total, 4 available
 Memory: 3743M
 Large Page Support: Disabled
 NUMA Support: Disabled
 Compressed Oops: Enabled (32-bit)
 Heap Region Size: 1M
 Heap Min Capacity: 8M
 Heap Initial Capacity: 60M
 Heap Max Capacity: 936M
 Pre-touch: Disabled
 Parallel Workers: 4
 Concurrent Workers: 1
 Concurrent Refinement Workers: 4
 Periodic GC: Disabled

Heap:
 garbage-first heap   total 61440K, used 1024K [0x00000000c5800000, 0x0000000100000000)
  region size 1024K, 2 young (2048K), 0 survivors (0K)
 Metaspace       used 836K, committed 960K, reserved 1114112K
  class space    used 82K, committed 128K, reserved 1048576K

Heap Regions: E=young(eden), S=young(survivor), O=old, HS=humongous(starts), HC=humongous(continues), CS=collection set, F=free, OA=open archive, CA=closed archive, TAMS=top-at-mark-start (previous, next)
|   0|0x00000000c5800000, 0x00000000c5800000, 0x00000000c5900000|  0%| F|  |TAMS 0x00000000c5800000, 0x00000000c5800000| Untracked 
|   1|0x00000000c5900000, 0x00000000c5900000, 0x00000000c5a00000|  0%| F|  |TAMS 0x00000000c5900000, 0x00000000c5900000| Untracked 
|   2|0x00000000c5a00000, 0x00000000c5a00000, 0x00000000c5b00000|  0%| F|  |TAMS 0x00000000c5a00000, 0x00000000c5a00000| Untracked 
|   3|0x00000000c5b00000, 0x00000000c5b00000, 0x00000000c5c00000|  0%| F|  |TAMS 0x00000000c5b00000, 0x00000000c5b00000| Untracked 
|   4|0x00000000c5c00000, 0x00000000c5c00000, 0x00000000c5d00000|  0%| F|  |TAMS 0x00000000c5c00000, 0x00000000c5c00000| Untracked 
|   5|0x00000000c5d00000, 0x00000000c5d00000, 0x00000000c5e00000|  0%| F|  |TAMS 0x00000000c5d00000, 0x00000000c5d00000| Untracked 
|   6|0x00000000c5e00000, 0x00000000c5e00000, 0x00000000c5f00000|  0%| F|  |TAMS 0x00000000c5e00000, 0x00000000c5e00000| Untracked 
|   7|0x00000000c5f00000, 0x00000000c5f00000, 0x00000000c6000000|  0%| F|  |TAMS 0x00000000c5f00000, 0x00000000c5f00000| Untracked 
|   8|0x00000000c6000000, 0x00000000c6000000, 0x00000000c6100000|  0%| F|  |TAMS 0x00000000c6000000, 0x00000000c6000000| Untracked 
|   9|0x00000000c6100000, 0x00000000c6100000, 0x00000000c6200000|  0%| F|  |TAMS 0x00000000c6100000, 0x00000000c6100000| Untracked 
|  10|0x00000000c6200000, 0x00000000c6200000, 0x00000000c6300000|  0%| F|  |TAMS 0x00000000c6200000, 0x00000000c6200000| Untracked 
|  11|0x00000000c6300000, 0x00000000c6300000, 0x00000000c6400000|  0%| F|  |TAMS 0x00000000c6300000, 0x00000000c6300000| Untracked 
|  12|0x00000000c6400000, 0x00000000c6400000, 0x00000000c6500000|  0%| F|  |TAMS 0x00000000c6400000, 0x00000000c6400000| Untracked 
|  13|0x00000000c6500000, 0x00000000c6500000, 0x00000000c6600000|  0%| F|  |TAMS 0x00000000c6500000, 0x00000000c6500000| Untracked 
|  14|0x00000000c6600000, 0x00000000c6600000, 0x00000000c6700000|  0%| F|  |TAMS 0x00000000c6600000, 0x00000000c6600000| Untracked 
|  15|0x00000000c6700000, 0x00000000c6700000, 0x00000000c6800000|  0%| F|  |TAMS 0x00000000c6700000, 0x00000000c6700000| Untracked 
|  16|0x00000000c6800000, 0x00000000c6800000, 0x00000000c6900000|  0%| F|  |TAMS 0x00000000c6800000, 0x00000000c6800000| Untracked 
|  17|0x00000000c6900000, 0x00000000c6900000, 0x00000000c6a00000|  0%| F|  |TAMS 0x00000000c6900000, 0x00000000c6900000| Untracked 
|  18|0x00000000c6a00000, 0x00000000c6a00000, 0x00000000c6b00000|  0%| F|  |TAMS 0x00000000c6a00000, 0x00000000c6a00000| Untracked 
|  19|0x00000000c6b00000, 0x00000000c6b00000, 0x00000000c6c00000|  0%| F|  |TAMS 0x00000000c6b00000, 0x00000000c6b00000| Untracked 
|  20|0x00000000c6c00000, 0x00000000c6c00000, 0x00000000c6d00000|  0%| F|  |TAMS 0x00000000c6c00000, 0x00000000c6c00000| Untracked 
|  21|0x00000000c6d00000, 0x00000000c6d00000, 0x00000000c6e00000|  0%| F|  |TAMS 0x00000000c6d00000, 0x00000000c6d00000| Untracked 
|  22|0x00000000c6e00000, 0x00000000c6e00000, 0x00000000c6f00000|  0%| F|  |TAMS 0x00000000c6e00000, 0x00000000c6e00000| Untracked 
|  23|0x00000000c6f00000, 0x00000000c6f00000, 0x00000000c7000000|  0%| F|  |TAMS 0x00000000c6f00000, 0x00000000c6f00000| Untracked 
|  24|0x00000000c7000000, 0x00000000c7000000, 0x00000000c7100000|  0%| F|  |TAMS 0x00000000c7000000, 0x00000000c7000000| Untracked 
|  25|0x00000000c7100000, 0x00000000c7100000, 0x00000000c7200000|  0%| F|  |TAMS 0x00000000c7100000, 0x00000000c7100000| Untracked 
|  26|0x00000000c7200000, 0x00000000c7200000, 0x00000000c7300000|  0%| F|  |TAMS 0x00000000c7200000, 0x00000000c7200000| Untracked 
|  27|0x00000000c7300000, 0x00000000c7300000, 0x00000000c7400000|  0%| F|  |TAMS 0x00000000c7300000, 0x00000000c7300000| Untracked 
|  28|0x00000000c7400000, 0x00000000c7400000, 0x00000000c7500000|  0%| F|  |TAMS 0x00000000c7400000, 0x00000000c7400000| Untracked 
|  29|0x00000000c7500000, 0x00000000c7500000, 0x00000000c7600000|  0%| F|  |TAMS 0x00000000c7500000, 0x00000000c7500000| Untracked 
|  30|0x00000000c7600000, 0x00000000c7600000, 0x00000000c7700000|  0%| F|  |TAMS 0x00000000c7600000, 0x00000000c7600000| Untracked 
|  31|0x00000000c7700000, 0x00000000c7700000, 0x00000000c7800000|  0%| F|  |TAMS 0x00000000c7700000, 0x00000000c7700000| Untracked 
|  32|0x00000000c7800000, 0x00000000c7800000, 0x00000000c7900000|  0%| F|  |TAMS 0x00000000c7800000, 0x00000000c7800000| Untracked 
|  33|0x00000000c7900000, 0x00000000c7900000, 0x00000000c7a00000|  0%| F|  |TAMS 0x00000000c7900000, 0x00000000c7900000| Untracked 
|  34|0x00000000c7a00000, 0x00000000c7a00000, 0x00000000c7b00000|  0%| F|  |TAMS 0x00000000c7a00000, 0x00000000c7a00000| Untracked 
|  35|0x00000000c7b00000, 0x00000000c7b00000, 0x00000000c7c00000|  0%| F|  |TAMS 0x00000000c7b00000, 0x00000000c7b00000| Untracked 
|  36|0x00000000c7c00000, 0x00000000c7c00000, 0x00000000c7d00000|  0%| F|  |TAMS 0x00000000c7c00000, 0x00000000c7c00000| Untracked 
|  37|0x00000000c7d00000, 0x00000000c7d00000, 0x00000000c7e00000|  0%| F|  |TAMS 0x00000000c7d00000, 0x00000000c7d00000| Untracked 
|  38|0x00000000c7e00000, 0x00000000c7e00000, 0x00000000c7f00000|  0%| F|  |TAMS 0x00000000c7e00000, 0x00000000c7e00000| Untracked 
|  39|0x00000000c7f00000, 0x00000000c7f00000, 0x00000000c8000000|  0%| F|  |TAMS 0x00000000c7f00000, 0x00000000c7f00000| Untracked 
|  40|0x00000000c8000000, 0x00000000c8000000, 0x00000000c8100000|  0%| F|  |TAMS 0x00000000c8000000, 0x00000000c8000000| Untracked 
|  41|0x00000000c8100000, 0x00000000c8100000, 0x00000000c8200000|  0%| F|  |TAMS 0x00000000c8100000, 0x00000000c8100000| Untracked 
|  42|0x00000000c8200000, 0x00000000c8200000, 0x00000000c8300000|  0%| F|  |TAMS 0x00000000c8200000, 0x00000000c8200000| Untracked 
|  43|0x00000000c8300000, 0x00000000c8300000, 0x00000000c8400000|  0%| F|  |TAMS 0x00000000c8300000, 0x00000000c8300000| Untracked 
|  44|0x00000000c8400000, 0x00000000c8400000, 0x00000000c8500000|  0%| F|  |TAMS 0x00000000c8400000, 0x00000000c8400000| Untracked 
|  45|0x00000000c8500000, 0x00000000c8500000, 0x00000000c8600000|  0%| F|  |TAMS 0x00000000c8500000, 0x00000000c8500000| Untracked 
|  46|0x00000000c8600000, 0x00000000c8600000, 0x00000000c8700000|  0%| F|  |TAMS 0x00000000c8600000, 0x00000000c8600000| Untracked 
|  47|0x00000000c8700000, 0x00000000c8700000, 0x00000000c8800000|  0%| F|  |TAMS 0x00000000c8700000, 0x00000000c8700000| Untracked 
|  48|0x00000000c8800000, 0x00000000c8800000, 0x00000000c8900000|  0%| F|  |TAMS 0x00000000c8800000, 0x00000000c8800000| Untracked 
|  49|0x00000000c8900000, 0x00000000c8900000, 0x00000000c8a00000|  0%| F|  |TAMS 0x00000000c8900000, 0x00000000c8900000| Untracked 
|  50|0x00000000c8a00000, 0x00000000c8a00000, 0x00000000c8b00000|  0%| F|  |TAMS 0x00000000c8a00000, 0x00000000c8a00000| Untracked 
|  51|0x00000000c8b00000, 0x00000000c8b00000, 0x00000000c8c00000|  0%| F|  |TAMS 0x00000000c8b00000, 0x00000000c8b00000| Untracked 
|  52|0x00000000c8c00000, 0x00000000c8c00000, 0x00000000c8d00000|  0%| F|  |TAMS 0x00000000c8c00000, 0x00000000c8c00000| Untracked 
|  53|0x00000000c8d00000, 0x00000000c8d00000, 0x00000000c8e00000|  0%| F|  |TAMS 0x00000000c8d00000, 0x00000000c8d00000| Untracked 
|  54|0x00000000c8e00000, 0x00000000c8e00000, 0x00000000c8f00000|  0%| F|  |TAMS 0x00000000c8e00000, 0x00000000c8e00000| Untracked 
|  55|0x00000000c8f00000, 0x00000000c8f00000, 0x00000000c9000000|  0%| F|  |TAMS 0x00000000c8f00000, 0x00000000c8f00000| Untracked 
|  56|0x00000000c9000000, 0x00000000c9000000, 0x00000000c9100000|  0%| F|  |TAMS 0x00000000c9000000, 0x00000000c9000000| Untracked 
|  57|0x00000000c9100000, 0x00000000c9100000, 0x00000000c9200000|  0%| F|  |TAMS 0x00000000c9100000, 0x00000000c9100000| Untracked 
|  58|0x00000000c9200000, 0x00000000c9300000, 0x00000000c9300000|100%| E|CS|TAMS 0x00000000c9200000, 0x00000000c9200000| Complete 
|  59|0x00000000c9300000, 0x00000000c9400000, 0x00000000c9400000|100%| E|CS|TAMS 0x00000000c9300000, 0x00000000c9300000| Complete 

Card table byte_map: [0x000001a3d8250000,0x000001a3d8430000] _byte_map_base: 0x000001a3d7c24000

Marking Bits (Prev, Next): (CMBitMap*) 0x000001a3bf9cf400, (CMBitMap*) 0x000001a3bf9cf440
 Prev Bits: [0x000001a3d8610000, 0x000001a3d94b0000)
 Next Bits: [0x000001a3d94b0000, 0x000001a3da350000)

Polling page: 0x000001a3bfa70000

Metaspace:

Usage:
  Non-class:    763.80 KB used.
      Class:     85.96 KB used.
       Both:    849.76 KB used.

Virtual space:
  Non-class space:       64.00 MB reserved,     832.00 KB (  1%) committed,  1 nodes.
      Class space:        1.00 GB reserved,     128.00 KB ( <1%) committed,  1 nodes.
             Both:        1.06 GB reserved,     960.00 KB ( <1%) committed. 

Chunk freelists:
   Non-Class:  11.76 MB
       Class:  15.69 MB
        Both:  27.45 MB

MaxMetaspaceSize: unlimited
CompressedClassSpaceSize: 1.00 GB
Initial GC threshold: 21.00 MB
Current GC threshold: 21.00 MB
CDS: on
MetaspaceReclaimPolicy: balanced
 - commit_granule_bytes: 65536.
 - commit_granule_words: 8192.
 - virtual_space_node_default_size: 8388608.
 - enlarge_chunks_in_place: 1.
 - new_chunks_are_fully_committed: 0.
 - uncommit_free_chunks: 1.
 - use_allocation_guard: 0.
 - handle_deallocations: 1.


Internal statistics:

num_allocs_failed_limit: 0.
num_arena_births: 36.
num_arena_deaths: 0.
num_vsnodes_births: 2.
num_vsnodes_deaths: 0.
num_space_committed: 15.
num_space_uncommitted: 0.
num_chunks_returned_to_freelist: 0.
num_chunks_taken_from_freelist: 61.
num_chunk_merges: 0.
num_chunk_splits: 34.
num_chunks_enlarged: 23.
num_inconsistent_stats: 0.

CodeHeap 'non-profiled nmethods': size=120000Kb used=78Kb max_used=78Kb free=119921Kb
 bounds [0x000001a3d0520000, 0x000001a3d0790000, 0x000001a3d7a50000]
CodeHeap 'profiled nmethods': size=120000Kb used=241Kb max_used=241Kb free=119758Kb
 bounds [0x000001a3c8a50000, 0x000001a3c8cc0000, 0x000001a3cff80000]
CodeHeap 'non-nmethods': size=5760Kb used=1105Kb max_used=1116Kb free=4654Kb
 bounds [0x000001a3cff80000, 0x000001a3d01f0000, 0x000001a3d0520000]
 total_blobs=611 nmethods=227 adapters=298
 compilation: enabled
              stopped_count=0, restarted_count=0
 full_count=0

Compilation events (20 events):
Event: 0.406 Thread 0x000001a3dc8f8320 nmethod 201 0x000001a3c8a85c10 code [0x000001a3c8a85dc0, 0x000001a3c8a86038]
Event: 0.407 Thread 0x000001a3dc8f8320  204       3       java.lang.invoke.MethodType$ConcurrentWeakInternSet::get (47 bytes)
Event: 0.408 Thread 0x000001a3dc8f8320 nmethod 204 0x000001a3c8a86110 code [0x000001a3c8a86340, 0x000001a3c8a86c98]
Event: 0.408 Thread 0x000001a3dc8f8320  207       3       sun.invoke.util.VerifyAccess::isTypeVisible (118 bytes)
Event: 0.411 Thread 0x000001a3dc8f8320 nmethod 207 0x000001a3c8a87010 code [0x000001a3c8a87420, 0x000001a3c8a89458]
Event: 0.411 Thread 0x000001a3dc8f8320  210       3       java.util.Arrays::equals (57 bytes)
Event: 0.412 Thread 0x000001a3dc8f8320 nmethod 210 0x000001a3c8a89e10 code [0x000001a3c8a8a000, 0x000001a3c8a8a5c8]
Event: 0.412 Thread 0x000001a3dc8f8320  213       3       java.lang.Number::<init> (5 bytes)
Event: 0.412 Thread 0x000001a3dc8f8320 nmethod 213 0x000001a3c8a8a790 code [0x000001a3c8a8a920, 0x000001a3c8a8aa78]
Event: 0.412 Thread 0x000001a3dc8f8320  212       3       jdk.internal.org.objectweb.asm.SymbolTable::put (150 bytes)
Event: 0.413 Thread 0x000001a3dc8f8320 nmethod 212 0x000001a3c8a8ab10 code [0x000001a3c8a8ad00, 0x000001a3c8a8b598]
Event: 0.413 Thread 0x000001a3dc8f8320  211       1       java.lang.invoke.LambdaForm$Name::index (5 bytes)
Event: 0.413 Thread 0x000001a3dc8f8320 nmethod 211 0x000001a3d0531f10 code [0x000001a3d05320a0, 0x000001a3d0532178]
Event: 0.413 Thread 0x000001a3dc8f8320  220       3       java.lang.String::checkBoundsBeginEnd (63 bytes)
Event: 0.414 Thread 0x000001a3dc8f8320 nmethod 220 0x000001a3c8a8b890 code [0x000001a3c8a8bb20, 0x000001a3c8a8c418]
Event: 0.414 Thread 0x000001a3dc8f8320  221       1       java.lang.invoke.LambdaForm$BasicType::basicTypeClass (5 bytes)
Event: 0.414 Thread 0x000001a3dc8f8320 nmethod 221 0x000001a3d0532210 code [0x000001a3d05323a0, 0x000001a3d0532478]
Event: 0.414 Thread 0x000001a3dc8f8320  222       3       jdk.internal.org.objectweb.asm.Frame::execute (2305 bytes)
Event: 0.417 Thread 0x000001a3dc8ee160  224   !   4       java.nio.DirectByteBuffer::get (34 bytes)
Event: 0.420 Thread 0x000001a3dc8ee160 nmethod 224 0x000001a3d0532510 code [0x000001a3d05326a0, 0x000001a3d05327b8]

GC Heap History (0 events):
No events

Deoptimization events (0 events):
No events

Classes unloaded (0 events):
No events

Classes redefined (0 events):
No events

Internal exceptions (0 events):
No events

VM Operations (2 events):
Event: 0.255 Executing VM operation: HandshakeAllThreads
Event: 0.255 Executing VM operation: HandshakeAllThreads done

Events (20 events):
Event: 0.327 loading class java/io/FilenameFilter
Event: 0.327 loading class java/io/FilenameFilter done
Event: 0.334 loading class java/util/regex/Pattern$BnM
Event: 0.334 loading class java/util/regex/Pattern$BnM done
Event: 0.334 loading class java/util/regex/Pattern$SliceS
Event: 0.335 loading class java/util/regex/Pattern$SliceS done
Event: 0.344 loading class java/lang/IllegalAccessException
Event: 0.345 loading class java/lang/IllegalAccessException done
Event: 0.345 loading class java/lang/InstantiationException
Event: 0.345 loading class java/lang/InstantiationException done
Event: 0.345 loading class java/lang/reflect/InvocationTargetException
Event: 0.346 loading class java/lang/reflect/InvocationTargetException done
Event: 0.346 loading class java/io/FileNotFoundException
Event: 0.346 loading class java/io/FileNotFoundException done
Event: 0.394 loading class jdk/internal/perf/Perf$CleanerAction
Event: 0.394 loading class jdk/internal/perf/Perf$CleanerAction done
Event: 0.416 loading class java/net/MalformedURLException
Event: 0.416 loading class java/net/MalformedURLException done
Event: 0.418 loading class java/lang/InterruptedException
Event: 0.418 loading class java/lang/InterruptedException done


Dynamic libraries:
0x00007ff7f5da0000 - 0x00007ff7f5db0000 	C:\Program Files\Java\jdk-17\bin\java.exe
0x00007fff4a490000 - 0x00007fff4a688000 	C:\Windows\SYSTEM32\ntdll.dll
0x00007fff49b00000 - 0x00007fff49bc2000 	C:\Windows\System32\KERNEL32.DLL
0x00007fff48080000 - 0x00007fff48376000 	C:\Windows\System32\KERNELBASE.dll
0x00007fff483b0000 - 0x00007fff484b0000 	C:\Windows\System32\ucrtbase.dll
0x00007fff3d8c0000 - 0x00007fff3d8d9000 	C:\Program Files\Java\jdk-17\bin\jli.dll
0x00007fff49d00000 - 0x00007fff49db1000 	C:\Windows\System32\ADVAPI32.dll
0x00007fff4a030000 - 0x00007fff4a0ce000 	C:\Windows\System32\msvcrt.dll
0x00007fff4a3b0000 - 0x00007fff4a44f000 	C:\Windows\System32\sechost.dll
0x00007fff49dc0000 - 0x00007fff49ee0000 	C:\Windows\System32\RPCRT4.dll
0x00007fff48380000 - 0x00007fff483a7000 	C:\Windows\System32\bcrypt.dll
0x00007fff3b0c0000 - 0x00007fff3b0db000 	C:\Program Files\Java\jdk-17\bin\VCRUNTIME140.dll
0x00007fff49790000 - 0x00007fff49931000 	C:\Windows\System32\USER32.dll
0x00007fff47ce0000 - 0x00007fff47d02000 	C:\Windows\System32\win32u.dll
0x00007fff4a0d0000 - 0x00007fff4a0fb000 	C:\Windows\System32\GDI32.dll
0x00007fff47bc0000 - 0x00007fff47cd9000 	C:\Windows\System32\gdi32full.dll
0x00007fff47b20000 - 0x00007fff47bbd000 	C:\Windows\System32\msvcp_win.dll
0x00007fff37060000 - 0x00007fff3706a000 	C:\Windows\SYSTEM32\VERSION.dll
0x00007fff2ee70000 - 0x00007fff2f10b000 	C:\Windows\WinSxS\amd64_microsoft.windows.common-controls_6595b64144ccf1df_6.0.19041.6456_none_60b8a6cb71f64256\COMCTL32.dll
0x00007fff4a380000 - 0x00007fff4a3af000 	C:\Windows\System32\IMM32.DLL
0x00007fff3dcd0000 - 0x00007fff3dcdc000 	C:\Program Files\Java\jdk-17\bin\vcruntime140_1.dll
0x00007fff11cc0000 - 0x00007fff11d4e000 	C:\Program Files\Java\jdk-17\bin\msvcp140.dll
0x00007fff0ada0000 - 0x00007fff0b980000 	C:\Program Files\Java\jdk-17\bin\server\jvm.dll
0x00007fff492f0000 - 0x00007fff492f8000 	C:\Windows\System32\PSAPI.DLL
0x00007fff290f0000 - 0x00007fff29117000 	C:\Windows\SYSTEM32\WINMM.dll
0x00007fff20e00000 - 0x00007fff20e09000 	C:\Windows\SYSTEM32\WSOCK32.dll
0x00007fff496c0000 - 0x00007fff4972b000 	C:\Windows\System32\WS2_32.dll
0x00007fff46330000 - 0x00007fff46342000 	C:\Windows\SYSTEM32\kernel.appcore.dll
0x00007fff3ce80000 - 0x00007fff3ce8a000 	C:\Program Files\Java\jdk-17\bin\jimage.dll
0x00007fff46020000 - 0x00007fff46221000 	C:\Windows\SYSTEM32\DBGHELP.DLL
0x00007fff28740000 - 0x00007fff28774000 	C:\Windows\SYSTEM32\dbgcore.DLL
0x00007fff47fa0000 - 0x00007fff48022000 	C:\Windows\System32\bcryptPrimitives.dll
0x00007fff3b090000 - 0x00007fff3b0b5000 	C:\Program Files\Java\jdk-17\bin\java.dll
0x00007fff11be0000 - 0x00007fff11cb7000 	C:\Program Files\Java\jdk-17\bin\jsvml.dll
0x00007fff48a40000 - 0x00007fff491b0000 	C:\Windows\System32\SHELL32.dll
0x00007fff45870000 - 0x00007fff46015000 	C:\Windows\SYSTEM32\windows.storage.dll
0x00007fff49360000 - 0x00007fff496b4000 	C:\Windows\System32\combase.dll
0x00007fff47470000 - 0x00007fff4749b000 	C:\Windows\SYSTEM32\Wldp.dll
0x00007fff49bd0000 - 0x00007fff49c9d000 	C:\Windows\System32\OLEAUT32.dll
0x00007fff4a2d0000 - 0x00007fff4a37d000 	C:\Windows\System32\SHCORE.dll
0x00007fff49290000 - 0x00007fff492eb000 	C:\Windows\System32\shlwapi.dll
0x00007fff47a50000 - 0x00007fff47a74000 	C:\Windows\SYSTEM32\profapi.dll
0x00007fff2f180000 - 0x00007fff2f199000 	C:\Program Files\Java\jdk-17\bin\net.dll
0x00007fff3cd50000 - 0x00007fff3ce5a000 	C:\Windows\SYSTEM32\WINHTTP.dll
0x00007fff471d0000 - 0x00007fff4723a000 	C:\Windows\system32\mswsock.dll
0x00007fff2e760000 - 0x00007fff2e776000 	C:\Program Files\Java\jdk-17\bin\nio.dll
0x00007fff2e740000 - 0x00007fff2e758000 	C:\Program Files\Java\jdk-17\bin\zip.dll
0x00007fff2e7a0000 - 0x00007fff2e7b0000 	C:\Program Files\Java\jdk-17\bin\verify.dll
0x00007fff409f0000 - 0x00007fff409f9000 	C:\Program Files\Java\jdk-17\bin\attach.dll

dbghelp: loaded successfully - version: 4.0.5 - missing functions: none
symbol engine: initialized successfully - sym options: 0x614 - pdb path: .;C:\Program Files\Java\jdk-17\bin;C:\Windows\SYSTEM32;C:\Windows\WinSxS\amd64_microsoft.windows.common-controls_6595b64144ccf1df_6.0.19041.6456_none_60b8a6cb71f64256;C:\Program Files\Java\jdk-17\bin\server

VM Arguments:
jvm_args: -Dnet.bytebuddy.agent.attacher.dump= 
java_command: net.bytebuddy.agent.Attacher com.sun.tools.attach.VirtualMachine 12784 C:\Users\Sniffer\.m2\repository\net\bytebuddy\byte-buddy-agent\1.14.10\byte-buddy-agent-1.14.10.jar false 
java_class_path (initial): C:\Users\Sniffer\.m2\repository\net\bytebuddy\byte-buddy-agent\1.14.10\byte-buddy-agent-1.14.10.jar
Launcher Type: SUN_STANDARD

[Global flags]
     intx CICompilerCount                          = 3                                         {product} {ergonomic}
     uint ConcGCThreads                            = 1                                         {product} {ergonomic}
     uint G1ConcRefinementThreads                  = 4                                         {product} {ergonomic}
   size_t G1HeapRegionSize                         = 1048576                                   {product} {ergonomic}
    uintx GCDrainStackTargetSize                   = 64                                        {product} {ergonomic}
   size_t InitialHeapSize                          = 62914560                                  {product} {ergonomic}
   size_t MarkStackSize                            = 4194304                                   {product} {ergonomic}
   size_t MaxHeapSize                              = 981467136                                 {product} {ergonomic}
   size_t MaxNewSize                               = 588251136                                 {product} {ergonomic}
   size_t MinHeapDeltaBytes                        = 1048576                                   {product} {ergonomic}
   size_t MinHeapSize                              = 8388608                                   {product} {ergonomic}
    uintx NonNMethodCodeHeapSize                   = 5832780                                {pd product} {ergonomic}
    uintx NonProfiledCodeHeapSize                  = 122912730                              {pd product} {ergonomic}
    uintx ProfiledCodeHeapSize                     = 122912730                              {pd product} {ergonomic}
    uintx ReservedCodeCacheSize                    = 251658240                              {pd product} {ergonomic}
     bool SegmentedCodeCache                       = true                                      {product} {ergonomic}
   size_t SoftMaxHeapSize                          = 981467136                              {manageable} {ergonomic}
     bool UseCompressedClassPointers               = true                           {product lp64_product} {ergonomic}
     bool UseCompressedOops                        = true                           {product lp64_product} {ergonomic}
     bool UseG1GC                                  = true                                      {product} {ergonomic}
     bool UseLargePagesIndividualAllocation        = false                                  {pd product} {ergonomic}

Logging:
Log output configuration:
 #0: stdout all=warning uptime,level,tags
 #1: stderr all=off uptime,level,tags

Environment Variables:
PATH=C:\Python314\Scripts\;C:\Python314\;C:\Program Files\Common Files\Oracle\Java\javapath;C:\Windows\system32;C:\Windows;C:\Windows\System32\Wbem;C:\Windows\System32\WindowsPowerShell\v1.0\;C:\Windows\System32\OpenSSH\;C:\Program Files\Git\cmd;C:\ProgramData\chocolatey\bin;C:\ProgramData\chocolatey\lib\maven\apache-maven-3.9.12\bin;C:\Program Files\nodejs\;C:\Program Files\cursor\resources\app\bin;C:\Users\Sniffer\AppData\Local\Microsoft\WindowsApps;C:\Program Files\JetBrains\IntelliJ IDEA Community Edition 2024.2.3\bin;;C:\Users\Sniffer\AppData\Local\Programs\Microsoft VS Code\bin;C:\Users\Sniffer\AppData\Local\GitHubDesktop\bin;C:\Users\Sniffer\AppData\Roaming\npm;C:\Users\Sniffer\AppData\Local\PowerToys\DSCModules\
USERNAME=Sniffer
OS=Windows_NT
PROCESSOR_IDENTIFIER=Intel64 Family 6 Model 122 Stepping 8, GenuineIntel



---------------  S Y S T E M  ---------------

OS:
 Windows 10 , 64 bit Build 19041 (10.0.19041.5915)
OS uptime: 0 days 23:32 hours

CPU: total 4 (initial active 4) (4 cores per cpu, 1 threads per core) family 6 model 122 stepping 8 microcode 0x22, cx8, cmov, fxsr, mmx, 3dnowpref, sse, sse2, sse3, ssse3, sse4.1, sse4.2, popcnt, tsc, tscinvbit, aes, erms, clmul, sha, clflush, clflushopt

Memory: 4k page, system-wide physical 3743M (195M free)
TotalPageFile size 15007M (AvailPageFile size 0M)
current process WorkingSet (physical memory assigned to process): 36M, peak: 36M
current process commit charge ("private bytes"): 132M, peak: 132M

vm_info: Java HotSpot(TM) 64-Bit Server VM (17.0.12+8-LTS-286) for windows-amd64 JRE (17.0.12+8-LTS-286), built on Jun  5 2024 06:46:59 by "mach5one" with MS VC++ 17.6 (VS2022)

END.
